Microchip MPLAB XC8 Compiler V2.40

Linker command line:

-W-3 \
  --edf=C:/Users/JackPaul/.mchp_packs/Microchip/PIC18F-K_DFP/1.8.249/xc8\pic\dat\20230209213641_en.msgs \
  -cn -h+dist/default/production\inLab9.X.production.sym \
  --cmf=dist/default/production\inLab9.X.production.cmf -z -Q18F25K22 \
  -oC:\Users\JackPaul\AppData\Local\Temp\xcAsals.4 --defsym=__MPLAB_BUILD=1 \
  --fixupoverflow=error -Mdist/default/production/inLab9.X.production.map \
  --md=C:\Users\JackPaul\AppData\Local\Temp\xcAsals.dat -E1 \
  -ver=XC8 Compiler --acfsm=1493 -ACODE=00h-07FFFh -ACONST=00h-07FFFh \
  -ASMALLCONST=0600h-06FFhx122 -AMEDIUMCONST=0600h-07FFFh -ACOMRAM=01h-05Fh \
  -AABS1=00h-05FFh -ABIGRAM=01h-05FFh -ARAM=060h-0FFh,0100h-01FFhx5 \
  -ABANK0=060h-0FFh -ABANK1=0100h-01FFh -ABANK2=0200h-02FFh \
  -ABANK3=0300h-03FFh -ABANK4=0400h-04FFh -ABANK5=0500h-05FFh \
  -ASFR=0F38h-0F5Fh,0F60h-0FFFh -ABIGSFR=0F38h-0FFFh \
  -ACONFIG=0300000h-030000Dh -AIDLOC=0200000h-0200007h \
  -AEEDATA=0F00000h-0F000FFh -peeprom_data=EEDATA \
  -preset_vec=00h,intcode=08h,intcodelo,powerup,init -pramtop=0600h \
  -psmallconst=SMALLCONST -pmediumconst=MEDIUMCONST -pconst=CONST \
  -AFARRAM=00h-00h \
  -prdata=COMRAM,nvrram=COMRAM,nvbit=COMRAM,rbss=COMRAM,rbit=COMRAM \
  -pfarbss=FARRAM,fardata=FARRAM,nvFARRAM=FARRAM \
  -pintsave_regs=BIGRAM,bigbss=BIGRAM,bigdata=BIGRAM -pbss=RAM \
  -pidata=CODE,irdata=CODE,ibigdata=CODE,ifardata=CODE -prparam=COMRAM \
  C:\Users\JackPaul\AppData\Local\Temp\xcAsals.o \
  dist/default/production\inLab9.X.production.o 

Object code version is 3.11

Machine type is 18F25K22



                Name                               Link     Load   Length Selector   Space Scale
C:\Users\JackPaul\AppData\Local\Temp\xcAsals.o
                idloc                            200000   200000        8        0       5
                config                           300000   300000        E        0       4
                init                                 3E       3E        4        4       0
                reset_vec                             0        0        4        0       0
dist/default/production\inLab9.X.production.o
                intcode                               8        8       36        4       0
                idloc                            200000   200000        8        0       5
                config                           300000   300000        E        0       4
                temp                                 50       50        1        1       1
                mediumconst                        7B8C     7B8C      474     3DC6       0
                text46                             1DBC     1DBC       1E        4       0
                text45                             1EA2     1EA2        A        4       0
                text44                             1BCE     1BCE       3E        4       0
                text43                             1EB4     1EB4        2        4       0
                text42                             1C7E     1C7E       38        4       0
                text40                             1D6E     1D6E       28        4       0
                text39                             1E40     1E40       14        4       0
                text38                             1E10     1E10       1A        4       0
                text37                             1D96     1D96       26        4       0
                text36                             1D1A     1D1A       2C        4       0
                text35                             1AC6     1AC6       46        4       0
                text34                             1566     1566      14A        4       0
                text33                             1E2A     1E2A       16        4       0
                text32                             1E98     1E98        A        4       0
                text31                             18BC     18BC       96        4       0
                text30                             16B0     16B0       C8        4       0
                text29                             1102     1102      188        4       0
                text28                             1402     1402      164        4       0
                text27                             1B50     1B50       40        4       0
                text26                             1B0C     1B0C       44        4       0
                text25                             1778     1778       AA        4       0
                text24                              A90      A90      2B8        4       0
                text23                              F34      F34      1CE        4       0
                text22                              6B0      6B0      3E0        4       0
                text21                             1A74     1A74       52        4       0
                text20                             1D46     1D46       28        4       0
                text19                             128A     128A      178        4       0
                text18                             1C46     1C46       38        4       0
                text17                             1822     1822       9A        4       0
                text16                             19E6     19E6       8E        4       0
                text15                             1EB0     1EB0        4        4       0
                text14                             1952     1952       94        4       0
                text13                             1E8E     1E8E        A        4       0
                text12                             1E84     1E84        A        4       0
                text11                             1E7A     1E7A        A        4       0
                text10                             1B90     1B90       3E        4       0
                text9                              1EAC     1EAC        4        4       0
                text8                              1DDA     1DDA       1C        4       0
                text7                              1CEC     1CEC       2E        4       0
                text6                              1E54     1E54       12        4       0
                text5                              1E70     1E70        A        4       0
                text4                              1CB6     1CB6       36        4       0
                text3                              1DF6     1DF6       1A        4       0
                text2                              1E66     1E66        A        4       0
                text1                               D48      D48      1EC        4       0
                text0                                42       42      66E        4       0
                cstackCOMRAM                          1        1       41        1       1
                cstackBANK0                          60       60       49       60       1
                bssBIGRAM                            CB       CB      200       CB       1
                bssBANK0                             A9       A9       22       60       1
                bssCOMRAM                            42       42        E        1       1
                cinit                              1C0C     1C0C       3A        4       0

TOTAL           Name                               Link     Load   Length     Space
        CLASS   CODE           
                intcode                               8        8       36         0
                init                                 3E       3E        4         0
                reset_vec                             0        0        4         0
                text46                             1DBC     1DBC       1E         0
                text45                             1EA2     1EA2        A         0
                text44                             1BCE     1BCE       3E         0
                text43                             1EB4     1EB4        2         0
                text42                             1C7E     1C7E       38         0
                text40                             1D6E     1D6E       28         0
                text39                             1E40     1E40       14         0
                text38                             1E10     1E10       1A         0
                text37                             1D96     1D96       26         0
                text36                             1D1A     1D1A       2C         0
                text35                             1AC6     1AC6       46         0
                text34                             1566     1566      14A         0
                text33                             1E2A     1E2A       16         0
                text32                             1E98     1E98        A         0
                text31                             18BC     18BC       96         0
                text30                             16B0     16B0       C8         0
                text29                             1102     1102      188         0
                text28                             1402     1402      164         0
                text27                             1B50     1B50       40         0
                text26                             1B0C     1B0C       44         0
                text25                             1778     1778       AA         0
                text24                              A90      A90      2B8         0
                text23                              F34      F34      1CE         0
                text22                              6B0      6B0      3E0         0
                text21                             1A74     1A74       52         0
                text20                             1D46     1D46       28         0
                text19                             128A     128A      178         0
                text18                             1C46     1C46       38         0
                text17                             1822     1822       9A         0
                text16                             19E6     19E6       8E         0
                text15                             1EB0     1EB0        4         0
                text14                             1952     1952       94         0
                text13                             1E8E     1E8E        A         0
                text12                             1E84     1E84        A         0
                text11                             1E7A     1E7A        A         0
                text10                             1B90     1B90       3E         0
                text9                              1EAC     1EAC        4         0
                text8                              1DDA     1DDA       1C         0
                text7                              1CEC     1CEC       2E         0
                text6                              1E54     1E54       12         0
                text5                              1E70     1E70        A         0
                text4                              1CB6     1CB6       36         0
                text3                              1DF6     1DF6       1A         0
                text2                              1E66     1E66        A         0
                text1                               D48      D48      1EC         0
                text0                                42       42      66E         0
                cinit                              1C0C     1C0C       3A         0

        CLASS   CONST          

        CLASS   SMALLCONST     

        CLASS   MEDIUMCONST    
                mediumconst                        7B8C     7B8C      474         0

        CLASS   COMRAM         
                temp                                 50       50        1         1
                cstackCOMRAM                          1        1       41         1
                bssCOMRAM                            42       42        E         1

        CLASS   ABS1           

        CLASS   BIGRAM         
                bssBIGRAM                            CB       CB      200         1

        CLASS   RAM            

        CLASS   BANK0          
                cstackBANK0                          60       60       49         1
                bssBANK0                             A9       A9       22         1

        CLASS   BANK1          

        CLASS   BANK2          

        CLASS   BANK3          

        CLASS   BANK4          

        CLASS   BANK5          

        CLASS   SFR            

        CLASS   BIGSFR         

        CLASS   CONFIG         
                config                           300000   300000        E         4

        CLASS   IDLOC          
                idloc                            200000   200000        8         5

        CLASS   EEDATA         

        CLASS   FARRAM         

        CLASS   HEAP           

        CLASS   STACK          



SEGMENTS        Name                           Load    Length   Top    Selector   Space  Class

                reset_vec                      000000  000004  000004         0       0  CODE    
                cstackCOMRAM                   000001  000050  000051         1       1  COMRAM  
                intcode                        000008  001EAE  001EB6         4       0  CODE    
                cstackBANK0                    000060  00006B  0000CB        60       1  BANK0   
                bssBIGRAM                      0000CB  000200  0002CB        CB       1  BIGRAM  
                mediumconst                    007B8C  000474  008000      3DC6       0  MEDIUMCO


UNUSED ADDRESS RANGES

        Name                Unused          Largest block    Delta
        BANK2            0002CB-0002FF               35
        BANK3            000300-0003FF              100
        BANK4            000400-0004FF              100
        BANK5            000500-0005FF              100
        BIGRAM           000051-00005F                F
                         0002CB-0005FF              335
        BIGSFR           000F38-000FFF               C8
        CODE             000004-000007                4
                         001EB6-007B8B             5CD6
        COMRAM           000051-00005F                F
        CONST            000004-000007                4
                         001EB6-007B8B             5CD6
        EEDATA           F00000-F000FF              100
        MEDIUMCONST      001EB6-007B8B             5CD6
        RAM              0002CB-0005FF              100
        SFR              000F38-000FFF               28
        SMALLCONST       001EB6-007B8B              100

                                  Symbol Table

?_TMR0_ReadTimer                                cstackCOMRAM 000001
?___aodiv                                       cstackCOMRAM 00000F
?___aomod                                       cstackCOMRAM 00000F
?___wmul                                        cstackCOMRAM 00000F
?_abs                                           cstackCOMRAM 000021
?_atoi                                          cstackCOMRAM 000015
?_isdigit                                       cstackCOMRAM 00000F
?_isspace                                       cstackCOMRAM 00000F
?_printf                                        cstackBANK0  00008C
?_vfprintf                                      cstackBANK0  000084
EUSART1_SetErrorHandler@interruptHandler        cstackCOMRAM 00000F
EUSART1_SetFramingErrorHandler@interruptHandler cstackCOMRAM 00000F
EUSART1_SetOverrunErrorHandler@interruptHandler cstackCOMRAM 00000F
EUSART1_Write@txData                            cstackCOMRAM 00000F
SDCARD_Initialize@i                             cstackBANK0  000094
SDCARD_Initialize@response                      cstackBANK0  000097
SDCARD_Initialize@verbose                       cstackBANK0  000096
SDCARD_PollWriteComplete@status                 cstackCOMRAM 000010
SDCARD_ReadBlock@addr                           cstackCOMRAM 000010
SDCARD_ReadBlock@i                              cstackCOMRAM 000016
SDCARD_ReadBlock@sdCardBuffer                   cstackCOMRAM 000014
SDCARD_WriteBlock@addr                          cstackCOMRAM 000010
SDCARD_WriteBlock@i                             cstackCOMRAM 000016
SDCARD_WriteBlock@sdCardBuffer                  cstackCOMRAM 000014
SPI2_ExchangeByte@data                          cstackCOMRAM 00000F
SPI2_Open@spi2UniqueConfiguration               cstackCOMRAM 000010
TMR0_ReadTimer@readVal                          cstackCOMRAM 000005
TMR0_ReadTimer@readValHigh                      cstackCOMRAM 000008
TMR0_ReadTimer@readValLow                       cstackCOMRAM 000007
TMR0_SetInterruptHandler@InterruptHandler       cstackCOMRAM 00000F
TMR0_WriteTimer@timerVal                        cstackCOMRAM 00000F
_ANSELA                                         (abs)        000F38
_ANSELB                                         (abs)        000F39
_ANSELC                                         (abs)        000F3A
_BAUDCON1                                       (abs)        000FB8
_EUSART1_DefaultErrorHandler                    (abs)        000000
_EUSART1_DefaultFramingErrorHandler             (abs)        000000
_EUSART1_DefaultOverrunErrorHandler             (abs)        000000
_EUSART1_ErrorHandler                           bssBANK0     0000A9
_EUSART1_FramingErrorHandler                    bssCOMRAM    000048
_EUSART1_Initialize                             text10       001B90
_EUSART1_OverrunErrorHandler                    bssCOMRAM    000046
_EUSART1_Read                                   text40       001D6E
_EUSART1_SetErrorHandler                        text13       001E8E
_EUSART1_SetFramingErrorHandler                 text12       001E84
_EUSART1_SetOverrunErrorHandler                 text11       001E7A
_EUSART1_Write                                  text33       001E2A
_EUSART1_is_rx_ready                            text39       001E40
_INTCON2bits                                    (abs)        000FF1
_INTCONbits                                     (abs)        000FF2
_INTERRUPT_Initialize                           text9        001EAC
_INTERRUPT_InterruptManager                     intcode      000008
_LATA                                           (abs)        000F89
_LATAbits                                       (abs)        000F89
_LATB                                           (abs)        000F8A
_LATBbits                                       (abs)        000F8A
_LATC                                           (abs)        000F8B
_LATCbits                                       (abs)        000F8B
_OSCCON                                         (abs)        000FD3
_OSCCON2                                        (abs)        000FD2
_OSCILLATOR_Initialize                          text8        001DDA
_OSCTUNE                                        (abs)        000F9B
_PIN_MANAGER_Initialize                         text7        001CEC
_PIR1bits                                       (abs)        000F9E
_PIR3bits                                       (abs)        000FA4
_PLLRDY                                         (abs)        007E97
_RCONbits                                       (abs)        000FD0
_RCREG1                                         (abs)        000FAE
_RCSTA1                                         (abs)        000FAB
_RCSTA1bits                                     (abs)        000FAB
_SDCARD_Initialize                              text19       00128A
_SDCARD_PollWriteComplete                       text18       001C46
_SDCARD_ReadBlock                               text17       001822
_SDCARD_WriteBlock                              text16       0019E6
_SPBRG1                                         (abs)        000FAF
_SPBRGH1                                        (abs)        000FB0
_SPI2_Close                                     text15       001EB0
_SPI2_ExchangeByte                              text38       001E10
_SPI2_Initialize                                text6        001E54
_SPI2_Open                                      text14       001952
_SSP2ADD                                        (abs)        000F6E
_SSP2BUF                                        (abs)        000F6F
_SSP2CON1                                       (abs)        000F6C
_SSP2CON1bits                                   (abs)        000F6C
_SSP2CON2                                       (abs)        000F6B
_SSP2STAT                                       (abs)        000F6D
_SYSTEM_Initialize                              text3        001DF6
_T0CON                                          (abs)        000FD5
_T0CONbits                                      (abs)        000FD5
_TMR0H                                          (abs)        000FD7
_TMR0L                                          (abs)        000FD6
_TMR0_DefaultInterruptHandler                   text43       001EB4
_TMR0_ISR                                       text42       001C7E
_TMR0_Initialize                                text4        001CB6
_TMR0_InterruptHandler                          bssCOMRAM    00004C
_TMR0_ReadTimer                                 text46       001DBC
_TMR0_SetInterruptHandler                       text5        001E70
_TMR0_WriteTimer                                text2        001E66
_TRISA                                          (abs)        000F92
_TRISB                                          (abs)        000F93
_TRISBbits                                      (abs)        000F93
_TRISC                                          (abs)        000F94
_TXREG1                                         (abs)        000FAD
_TXSTA1                                         (abs)        000FAC
_TXSTA1bits                                     (abs)        000FAC
_WPUB                                           (abs)        000F61
__HRAM                                          (abs)        000000
__Habs1                                         abs1         000000
__Hbank0                                        bank0        000000
__Hbank1                                        bank1        000000
__Hbank2                                        bank2        000000
__Hbank3                                        bank3        000000
__Hbank4                                        bank4        000000
__Hbank5                                        bank5        000000
__Hbigbss                                       bigbss       000000
__Hbigdata                                      bigdata      000000
__Hbigram                                       bigram       000000
__Hbigsfr                                       bigsfr       000000
__Hbss                                          bss          000000
__HbssBANK0                                     bssBANK0     000000
__HbssBIGRAM                                    bssBIGRAM    000000
__HbssCOMRAM                                    bssCOMRAM    000000
__Hcinit                                        cinit        000000
__Hclrtext                                      clrtext      000000
__Hcomram                                       comram       000000
__Hconfig                                       config       30000E
__Hconst                                        const        000000
__HcstackBANK0                                  cstackBANK0  000000
__HcstackCOMRAM                                 cstackCOMRAM 000000
__Hdata                                         data         000000
__Heeprom_data                                  eeprom_data  000000
__Hfarbss                                       farbss       000000
__Hfardata                                      fardata      000000
__Hheap                                         heap         000000
__Hibigdata                                     ibigdata     000000
__Hidata                                        idata        000000
__Hidloc                                        idloc        200008
__Hifardata                                     ifardata     000000
__Hinit                                         init         000042
__Hintcode                                      intcode      00003E
__Hintcode_body                                 intcode_body 000000
__Hintcodelo                                    intcodelo    00003E
__Hintentry                                     intentry     000000
__Hintret                                       intret       000000
__Hintsave_regs                                 intsave_regs 000000
__Hirdata                                       irdata       000000
__Hmediumconst                                  mediumconst  008000
__HnvFARRAM                                     nvFARRAM     000000
__Hnvbit                                        nvbit        000000
__Hnvrram                                       nvrram       000000
__Hparam                                        rparam       000000
__Hpowerup                                      powerup      00003E
__Hram                                          ram          000000
__Hramtop                                       ramtop       000600
__Hrbit                                         rbit         000000
__Hrbss                                         rbss         000000
__Hrdata                                        rdata        000000
__Hreset_vec                                    reset_vec    000004
__Hrparam                                       rparam       000000
__Hsfr                                          sfr          000000
__Hsmallconst                                   smallconst   000000
__Hspace_0                                      (abs)        008000
__Hspace_1                                      (abs)        0002CB
__Hspace_2                                      (abs)        000000
__Hspace_4                                      (abs)        60000E
__Hstack                                        stack        000000
__Hstruct                                       struct       000000
__Htemp                                         temp         000051
__Htext                                         text         000000
__Htext0                                        text0        000000
__Htext1                                        text1        000000
__Htext10                                       text10       000000
__Htext11                                       text11       000000
__Htext12                                       text12       000000
__Htext13                                       text13       000000
__Htext14                                       text14       000000
__Htext15                                       text15       000000
__Htext16                                       text16       000000
__Htext17                                       text17       000000
__Htext18                                       text18       000000
__Htext19                                       text19       000000
__Htext2                                        text2        000000
__Htext20                                       text20       000000
__Htext21                                       text21       000000
__Htext22                                       text22       000000
__Htext23                                       text23       000000
__Htext24                                       text24       000000
__Htext25                                       text25       000000
__Htext26                                       text26       000000
__Htext27                                       text27       000000
__Htext28                                       text28       000000
__Htext29                                       text29       000000
__Htext3                                        text3        000000
__Htext30                                       text30       000000
__Htext31                                       text31       000000
__Htext32                                       text32       000000
__Htext33                                       text33       000000
__Htext34                                       text34       000000
__Htext35                                       text35       000000
__Htext36                                       text36       000000
__Htext37                                       text37       000000
__Htext38                                       text38       000000
__Htext39                                       text39       000000
__Htext4                                        text4        000000
__Htext40                                       text40       000000
__Htext42                                       text42       000000
__Htext43                                       text43       000000
__Htext44                                       text44       000000
__Htext45                                       text45       000000
__Htext46                                       text46       000000
__Htext47                                       text47       000000
__Htext5                                        text5        000000
__Htext6                                        text6        000000
__Htext7                                        text7        000000
__Htext8                                        text8        000000
__Htext9                                        text9        000000
__LRAM                                          (abs)        000001
__Labs1                                         abs1         000000
__Lbank0                                        bank0        000000
__Lbank1                                        bank1        000000
__Lbank2                                        bank2        000000
__Lbank3                                        bank3        000000
__Lbank4                                        bank4        000000
__Lbank5                                        bank5        000000
__Lbigbss                                       bigbss       000000
__Lbigdata                                      bigdata      000000
__Lbigram                                       bigram       000000
__Lbigsfr                                       bigsfr       000000
__Lbss                                          bss          000000
__LbssBANK0                                     bssBANK0     000000
__LbssBIGRAM                                    bssBIGRAM    000000
__LbssCOMRAM                                    bssCOMRAM    000000
__Lcinit                                        cinit        000000
__Lclrtext                                      clrtext      000000
__Lcomram                                       comram       000000
__Lconfig                                       config       000000
__Lconst                                        const        000000
__LcstackBANK0                                  cstackBANK0  000000
__LcstackCOMRAM                                 cstackCOMRAM 000000
__Ldata                                         data         000000
__Leeprom_data                                  eeprom_data  000000
__Lfarbss                                       farbss       000000
__Lfardata                                      fardata      000000
__Lheap                                         heap         000000
__Libigdata                                     ibigdata     000000
__Lidata                                        idata        000000
__Lidloc                                        idloc        000000
__Lifardata                                     ifardata     000000
__Linit                                         init         00003E
__Lintcode                                      intcode      000008
__Lintcode_body                                 intcode_body 000000
__Lintcodelo                                    intcodelo    00003E
__Lintentry                                     intentry     000000
__Lintret                                       intret       000000
__Lintsave_regs                                 intsave_regs 000000
__Lirdata                                       irdata       000000
__Lmediumconst                                  mediumconst  007B8C
__LnvFARRAM                                     nvFARRAM     000000
__Lnvbit                                        nvbit        000000
__Lnvrram                                       nvrram       000000
__Lparam                                        rparam       000000
__Lpowerup                                      powerup      00003E
__Lram                                          ram          000000
__Lramtop                                       ramtop       000600
__Lrbit                                         rbit         000000
__Lrbss                                         rbss         000000
__Lrdata                                        rdata        000000
__Lreset_vec                                    reset_vec    000000
__Lrparam                                       rparam       000000
__Lsfr                                          sfr          000000
__Lsmallconst                                   smallconst   000000
__Lspace_0                                      (abs)        000000
__Lspace_1                                      (abs)        000000
__Lspace_2                                      (abs)        000000
__Lspace_4                                      (abs)        000000
__Lstack                                        stack        000000
__Lstruct                                       struct       000000
__Ltemp                                         temp         000050
__Ltext                                         text         000000
__Ltext0                                        text0        000000
__Ltext1                                        text1        000000
__Ltext10                                       text10       000000
__Ltext11                                       text11       000000
__Ltext12                                       text12       000000
__Ltext13                                       text13       000000
__Ltext14                                       text14       000000
__Ltext15                                       text15       000000
__Ltext16                                       text16       000000
__Ltext17                                       text17       000000
__Ltext18                                       text18       000000
__Ltext19                                       text19       000000
__Ltext2                                        text2        000000
__Ltext20                                       text20       000000
__Ltext21                                       text21       000000
__Ltext22                                       text22       000000
__Ltext23                                       text23       000000
__Ltext24                                       text24       000000
__Ltext25                                       text25       000000
__Ltext26                                       text26       000000
__Ltext27                                       text27       000000
__Ltext28                                       text28       000000
__Ltext29                                       text29       000000
__Ltext3                                        text3        000000
__Ltext30                                       text30       000000
__Ltext31                                       text31       000000
__Ltext32                                       text32       000000
__Ltext33                                       text33       000000
__Ltext34                                       text34       000000
__Ltext35                                       text35       000000
__Ltext36                                       text36       000000
__Ltext37                                       text37       000000
__Ltext38                                       text38       000000
__Ltext39                                       text39       000000
__Ltext4                                        text4        000000
__Ltext40                                       text40       000000
__Ltext42                                       text42       000000
__Ltext43                                       text43       000000
__Ltext44                                       text44       000000
__Ltext45                                       text45       000000
__Ltext46                                       text46       000000
__Ltext47                                       text47       000000
__Ltext5                                        text5        000000
__Ltext6                                        text6        000000
__Ltext7                                        text7        000000
__Ltext8                                        text8        000000
__Ltext9                                        text9        000000
__S0                                            (abs)        008000
__S1                                            (abs)        0002CB
__S4                                            (abs)        000000
__S5                                            (abs)        000000
___aodiv                                        text29       001102
___aodiv@counter                                cstackCOMRAM 00001F
___aodiv@dividend                               cstackCOMRAM 00000F
___aodiv@divisor                                cstackCOMRAM 000017
___aodiv@quotient                               cstackCOMRAM 000021
___aodiv@sign                                   cstackCOMRAM 000020
___aomod                                        text28       001402
___aomod@counter                                cstackCOMRAM 00001F
___aomod@dividend                               cstackCOMRAM 00000F
___aomod@divisor                                cstackCOMRAM 000017
___aomod@sign                                   cstackCOMRAM 000020
___heap_hi                                      (abs)        000000
___heap_lo                                      (abs)        000000
___inthi_sp                                     stack        000000
___intlo_sp                                     stack        000000
___param_bank                                   (abs)        000000
___rparam_used                                  (abs)        000001
___sp                                           stack        000000
___wmul                                         text37       001D96
___wmul@multiplicand                            cstackCOMRAM 000011
___wmul@multiplier                              cstackCOMRAM 00000F
___wmul@product                                 cstackCOMRAM 000013
__accesstop                                     (abs)        000060
__activetblptr                                  (abs)        000002
__end_of_EUSART1_Initialize                     text10       001BCE
__end_of_EUSART1_Read                           text40       001D96
__end_of_EUSART1_SetErrorHandler                text13       001E98
__end_of_EUSART1_SetFramingErrorHandler         text12       001E8E
__end_of_EUSART1_SetOverrunErrorHandler         text11       001E84
__end_of_EUSART1_Write                          text33       001E40
__end_of_EUSART1_is_rx_ready                    text39       001E54
__end_of_INTERRUPT_Initialize                   text9        001EB0
__end_of_INTERRUPT_InterruptManager             intcode      00003E
__end_of_OSCILLATOR_Initialize                  text8        001DF6
__end_of_PIN_MANAGER_Initialize                 text7        001D1A
__end_of_SDCARD_Initialize                      text19       001402
__end_of_SDCARD_PollWriteComplete               text18       001C7E
__end_of_SDCARD_ReadBlock                       text17       0018BC
__end_of_SDCARD_WriteBlock                      text16       001A74
__end_of_SPI2_Close                             text15       001EB4
__end_of_SPI2_ExchangeByte                      text38       001E2A
__end_of_SPI2_Initialize                        text6        001E66
__end_of_SPI2_Open                              text14       0019E6
__end_of_SYSTEM_Initialize                      text3        001E10
__end_of_TMR0_DefaultInterruptHandler           text43       001EB6
__end_of_TMR0_ISR                               text42       001CB6
__end_of_TMR0_Initialize                        text4        001CEC
__end_of_TMR0_ReadTimer                         text46       001DDA
__end_of_TMR0_SetInterruptHandler               text5        001E7A
__end_of_TMR0_WriteTimer                        text2        001E70
__end_of___aodiv                                text29       00128A
__end_of___aomod                                text28       001566
__end_of___wmul                                 text37       001DBC
__end_of__initialization                        cinit        001C38
__end_of_abs                                    text27       001B90
__end_of_atoi                                   text34       0016B0
__end_of_ctoa                                   text30       001778
__end_of_dtoa                                   text24       000D48
__end_of_fputc                                  text31       001952
__end_of_fputs                                  text26       001B50
__end_of_hexDumpBuffer                          text1        000F34
__end_of_isdigit                                text36       001D46
__end_of_isspace                                text35       001B0C
__end_of_main                                   text0        0006B0
__end_of_myTMR0ISR                              text44       001C0C
__end_of_pad                                    text25       001822
__end_of_printf                                 text20       001D6E
__end_of_putch                                  text32       001EA2
__end_of_spi2_configuration                     mediumconst  007B91
__end_of_vfpfcnvrt                              text22       000A90
__end_of_vfprintf                               text21       001AC6
__end_of_xtoa                                   text23       001102
__end_ofi2_TMR0_WriteTimer                      text45       001EAC
__initialization                                cinit        001C0C
__mediumconst                                   mediumconst  007B8C
__pbssBANK0                                     bssBANK0     0000A9
__pbssBIGRAM                                    bssBIGRAM    0000CB
__pbssCOMRAM                                    bssCOMRAM    000042
__pcinit                                        cinit        001C0C
__pcstackBANK0                                  cstackBANK0  000060
__pcstackCOMRAM                                 cstackCOMRAM 000001
__pintcode                                      intcode      000008
__pmediumconst                                  mediumconst  007B8C
__ptext0                                        text0        000042
__ptext1                                        text1        000D48
__ptext10                                       text10       001B90
__ptext11                                       text11       001E7A
__ptext12                                       text12       001E84
__ptext13                                       text13       001E8E
__ptext14                                       text14       001952
__ptext15                                       text15       001EB0
__ptext16                                       text16       0019E6
__ptext17                                       text17       001822
__ptext18                                       text18       001C46
__ptext19                                       text19       00128A
__ptext2                                        text2        001E66
__ptext20                                       text20       001D46
__ptext21                                       text21       001A74
__ptext22                                       text22       0006B0
__ptext23                                       text23       000F34
__ptext24                                       text24       000A90
__ptext25                                       text25       001778
__ptext26                                       text26       001B0C
__ptext27                                       text27       001B50
__ptext28                                       text28       001402
__ptext29                                       text29       001102
__ptext3                                        text3        001DF6
__ptext30                                       text30       0016B0
__ptext31                                       text31       0018BC
__ptext32                                       text32       001E98
__ptext33                                       text33       001E2A
__ptext34                                       text34       001566
__ptext35                                       text35       001AC6
__ptext36                                       text36       001D1A
__ptext37                                       text37       001D96
__ptext38                                       text38       001E10
__ptext39                                       text39       001E40
__ptext4                                        text4        001CB6
__ptext40                                       text40       001D6E
__ptext42                                       text42       001C7E
__ptext43                                       text43       001EB4
__ptext44                                       text44       001BCE
__ptext45                                       text45       001EA2
__ptext46                                       text46       001DBC
__ptext47                                       text47       000000
__ptext5                                        text5        001E70
__ptext6                                        text6        001E54
__ptext7                                        text7        001CEC
__ptext8                                        text8        001DDA
__ptext9                                        text9        001EAC
__ramtop                                        ramtop       000600
__smallconst                                    smallconst   000000
_abs                                            text27       001B50
_atoi                                           text34       001566
_ctoa                                           text30       0016B0
_dbuf                                           bssBANK0     0000AB
_dtoa                                           text24       000A90
_dtoa$1704                                      cstackBANK0  000060
_eusart1RxLastError                             bssCOMRAM    00004F
_flags                                          bssCOMRAM    00004E
_fputc                                          text31       0018BC
_fputs                                          text26       001B0C
_hexDumpBuffer                                  text1        000D48
_isdigit                                        text36       001D1A
_isspace                                        text35       001AC6
_isspace$1764                                   cstackCOMRAM 000013
_main                                           text0        000042
_myTMR0ISR                                      text44       001BCE
_pad                                            text25       001778
_prec                                           bssCOMRAM    000044
_printf                                         text20       001D46
_putch                                          text32       001E98
_sdCardBuffer                                   bssBIGRAM    0000CB
_spi2_configuration                             mediumconst  007B8D
_timer0ReloadVal                                bssCOMRAM    00004A
_vfpfcnvrt                                      text22       0006B0
_vfprintf                                       text21       001A74
_width                                          bssCOMRAM    000042
_xtoa                                           text23       000F34
_xtoa$1714                                      cstackBANK0  000060
abs@a                                           cstackCOMRAM 000021
atoi@n                                          cstackCOMRAM 00001C
atoi@neg                                        cstackCOMRAM 00001A
atoi@s                                          cstackCOMRAM 000015
btemp                                           temp         000050
ctoa@c                                          cstackCOMRAM 00001C
ctoa@fp                                         cstackCOMRAM 00001A
ctoa@l                                          cstackCOMRAM 00001E
ctoa@w                                          cstackCOMRAM 000020
dtoa@d                                          cstackCOMRAM 00002E
dtoa@fp                                         cstackCOMRAM 00002C
dtoa@i                                          cstackBANK0  00006F
dtoa@n                                          cstackBANK0  000066
dtoa@p                                          cstackBANK0  000062
dtoa@s                                          cstackBANK0  00006E
dtoa@w                                          cstackBANK0  000064
end_of_initialization                           cinit        001C38
fputc@c                                         cstackCOMRAM 000011
fputc@fp                                        cstackCOMRAM 000013
fputs@c                                         cstackCOMRAM 00001E
fputs@fp                                        cstackCOMRAM 00001C
fputs@i                                         cstackCOMRAM 00001F
fputs@s                                         cstackCOMRAM 00001A
hexDumpBuffer@i                                 cstackBANK0  00009C
hexDumpBuffer@j                                 cstackBANK0  000098
hexDumpBuffer@j_1176                            cstackBANK0  00009A
hexDumpBuffer@sdCardBuffer                      cstackBANK0  000094
i2TMR0_WriteTimer@timerVal                      cstackCOMRAM 000009
i2_TMR0_WriteTimer                              text45       001EA2
int$flags                                       temp         000050
intlevel0                                       text         000000
intlevel1                                       text         000000
intlevel2                                       text         000000
intlevel3                                       text         000000
isa$std                                         (abs)        000001
isa$xinst                                       (abs)        000000
isdigit@c                                       cstackCOMRAM 00000F
isspace@c                                       cstackCOMRAM 00000F
main@cmd                                        cstackBANK0  0000A2
main@i                                          cstackBANK0  0000A3
main@letter                                     cstackBANK0  0000A1
main@sdCardAddress                              cstackBANK0  0000A5
main@status                                     cstackBANK0  0000A0
myTMR0ISR@bigOleWasteOfTime                     cstackCOMRAM 00000B
pad@buf                                         cstackCOMRAM 000023
pad@fp                                          cstackCOMRAM 000021
pad@i                                           cstackCOMRAM 000028
pad@p                                           cstackCOMRAM 000025
pad@w                                           cstackCOMRAM 00002A
printf@ap                                       cstackBANK0  000092
printf@fmt                                      cstackBANK0  00008C
putch@txData                                    cstackCOMRAM 000010
stackhi                                         (abs)        000000
stacklo                                         (abs)        000000
start                                           init         00003E
start_initialization                            cinit        001C0C
ttemp5                                          temp         000051
ttemp6                                          temp         000054
ttemp7                                          temp         000058
vfpfcnvrt@ap                                    cstackBANK0  000075
vfpfcnvrt@c                                     cstackBANK0  000077
vfpfcnvrt@convarg                               cstackBANK0  00007A
vfpfcnvrt@cp                                    cstackBANK0  000082
vfpfcnvrt@done                                  cstackBANK0  000078
vfpfcnvrt@fmt                                   cstackBANK0  000073
vfpfcnvrt@fp                                    cstackBANK0  000071
vfprintf@ap                                     cstackBANK0  000088
vfprintf@cfmt                                   cstackBANK0  00008A
vfprintf@fmt                                    cstackBANK0  000086
vfprintf@fp                                     cstackBANK0  000084
wtemp8                                          temp         000051
xtoa@c                                          cstackBANK0  000070
xtoa@d                                          cstackCOMRAM 00002E
xtoa@fp                                         cstackCOMRAM 00002C
xtoa@i                                          cstackBANK0  00006E
xtoa@n                                          cstackBANK0  000066
xtoa@p                                          cstackBANK0  000062
xtoa@w                                          cstackBANK0  000064


MODULE INFORMATION

Module		Function		Class		Link	Load	Size
C:\Program Files\Microchip\xc8\v2.40\pic\sources\c99\common\nf_fputc.c
		_fputc         		CODE           	18BC	0000	150

C:\Program Files\Microchip\xc8\v2.40\pic\sources\c99\common\nf_fputc.c estimated size: 150

C:\Program Files\Microchip\xc8\v2.40\pic\sources\c99\common\isspace.c
		_isspace       		CODE           	1AC6	0000	70

C:\Program Files\Microchip\xc8\v2.40\pic\sources\c99\common\isspace.c estimated size: 70

C:\Program Files\Microchip\xc8\v2.40\pic\sources\c99\common\atoi.c
		_atoi          		CODE           	1566	0000	330

C:\Program Files\Microchip\xc8\v2.40\pic\sources\c99\common\atoi.c estimated size: 330

C:\Program Files\Microchip\xc8\v2.40\pic\sources\c99\common\Umul16.c
		___wmul        		CODE           	1D96	0000	38

C:\Program Files\Microchip\xc8\v2.40\pic\sources\c99\common\Umul16.c estimated size: 38

mcc_generated_files/interrupt_manager.c
		_INTERRUPT_Initialize		CODE           	1EAC	0000	4
		_INTERRUPT_InterruptManager		CODE           	0008	0000	54

mcc_generated_files/interrupt_manager.c estimated size: 58

C:\Program Files\Microchip\xc8\v2.40\pic\sources\c99\common\abs.c
		_abs           		CODE           	1B50	0000	64

C:\Program Files\Microchip\xc8\v2.40\pic\sources\c99\common\abs.c estimated size: 64

mcc_generated_files/tmr0.c
		_TMR0_SetInterruptHandler		CODE           	1E70	0000	10
		_TMR0_DefaultInterruptHandler		CODE           	1EB4	0000	2
		_TMR0_WriteTimer		CODE           	1E66	0000	10
		_TMR0_ReadTimer		CODE           	1DBC	0000	30
		_TMR0_ISR      		CODE           	1C7E	0000	56
		_TMR0_Initialize		CODE           	1CB6	0000	54

mcc_generated_files/tmr0.c estimated size: 162

mcc_generated_files/pin_manager.c
		_PIN_MANAGER_Initialize		CODE           	1CEC	0000	46

mcc_generated_files/pin_manager.c estimated size: 46

C:\Program Files\Microchip\xc8\v2.40\pic\sources\c99\common\printf.c
		_printf        		CODE           	1D46	0000	40

C:\Program Files\Microchip\xc8\v2.40\pic\sources\c99\common\printf.c estimated size: 40

C:\Program Files\Microchip\xc8\v2.40\pic\sources\c99\common\isdigit.c
		_isdigit       		CODE           	1D1A	0000	44

C:\Program Files\Microchip\xc8\v2.40\pic\sources\c99\common\isdigit.c estimated size: 44

C:\Program Files\Microchip\xc8\v2.40\pic\sources\c99\common\nf_fputs.c
		_fputs         		CODE           	1B0C	0000	68

C:\Program Files\Microchip\xc8\v2.40\pic\sources\c99\common\nf_fputs.c estimated size: 68

C:\Program Files\Microchip\xc8\v2.40\pic\sources\c99\common\aomod.c
		___aomod       		CODE           	1402	0000	356

C:\Program Files\Microchip\xc8\v2.40\pic\sources\c99\common\aomod.c estimated size: 356

shared
		i2_TMR0_WriteTimer		CODE           	1EA2	0000	10
		__initialization		CODE           	1C0C	0000	44
		_spi2_configuration		MEDIUMCONST    	7B8D	0000	4

shared estimated size: 58

mcc_generated_files/eusart1.c
		_EUSART1_is_rx_ready		CODE           	1E40	0000	20
		_EUSART1_Initialize		CODE           	1B90	0000	62
		_putch         		CODE           	1E98	0000	10
		_EUSART1_SetFramingErrorHandler		CODE           	1E84	0000	10
		_EUSART1_Read  		CODE           	1D6E	0000	40
		_EUSART1_SetOverrunErrorHandler		CODE           	1E7A	0000	10
		_EUSART1_SetErrorHandler		CODE           	1E8E	0000	10
		_EUSART1_Write 		CODE           	1E2A	0000	22

mcc_generated_files/eusart1.c estimated size: 184

mcc_generated_files/mcc.c
		_OSCILLATOR_Initialize		CODE           	1DDA	0000	28
		_SYSTEM_Initialize		CODE           	1DF6	0000	26

mcc_generated_files/mcc.c estimated size: 54

C:\Program Files\Microchip\xc8\v2.40\pic\sources\c99\common\doprnt.c
		_vfpfcnvrt     		CODE           	06B0	0000	992
		_pad           		CODE           	1778	0000	170
		_ctoa          		CODE           	16B0	0000	200
		_dtoa          		CODE           	0A90	0000	696
		_vfprintf      		CODE           	1A74	0000	82
		_xtoa          		CODE           	0F34	0000	462

C:\Program Files\Microchip\xc8\v2.40\pic\sources\c99\common\doprnt.c estimated size: 2602

mcc_generated_files/spi2.c
		_SPI2_ExchangeByte		CODE           	1E10	0000	26
		_SPI2_Open     		CODE           	1952	0000	148
		_SPI2_Initialize		CODE           	1E54	0000	18
		_SPI2_Close    		CODE           	1EB0	0000	4

mcc_generated_files/spi2.c estimated size: 196

main.c
		_main          		CODE           	0042	0000	1646
		_myTMR0ISR     		CODE           	1BCE	0000	62

main.c estimated size: 1708

sdCard.c
		_SDCARD_Initialize		CODE           	128A	0000	376
		_hexDumpBuffer 		CODE           	0D48	0000	492
		_SDCARD_PollWriteComplete		CODE           	1C46	0000	56
		_SDCARD_ReadBlock		CODE           	1822	0000	154
		_SDCARD_WriteBlock		CODE           	19E6	0000	142

sdCard.c estimated size: 1220

C:\Program Files\Microchip\xc8\v2.40\pic\sources\c99\common\aodiv.c
		___aodiv       		CODE           	1102	0000	392

C:\Program Files\Microchip\xc8\v2.40\pic\sources\c99\common\aodiv.c estimated size: 392

