Microchip MPLAB XC8 Compiler V2.40

Linker command line:

-W-3 \
  --edf=C:\Program Files\Microchip\xc8\v2.40\pic\dat\20220703182018_en.msgs \
  -cn -h+dist/default/production\lab6.X.production.sym \
  --cmf=dist/default/production\lab6.X.production.cmf -z -Q18F25K22 \
  -oC:\Users\JackPaul\AppData\Local\Temp\xcAslmk.4 --defsym=__MPLAB_BUILD=1 \
  --fixupoverflow=error -Mdist/default/production/lab6.X.production.map \
  --md=C:\Users\JackPaul\AppData\Local\Temp\xcAslmk.dat -E1 \
  -ver=XC8 Compiler --acfsm=1493 -ACODE=00h-07FFFh -ACONST=00h-07FFFh \
  -ASMALLCONST=0600h-06FFhx122 -AMEDIUMCONST=0600h-07FFFh -ACOMRAM=01h-05Fh \
  -AABS1=00h-05FFh -ABIGRAM=01h-05FFh -ARAM=060h-0FFh,0100h-01FFhx5 \
  -ABANK0=060h-0FFh -ABANK1=0100h-01FFh -ABANK2=0200h-02FFh \
  -ABANK3=0300h-03FFh -ABANK4=0400h-04FFh -ABANK5=0500h-05FFh \
  -ASFR=0F38h-0F5Fh,0F60h-0FFFh -ABIGSFR=0F38h-0FFFh \
  -ACONFIG=0300000h-030000Dh -AIDLOC=0200000h-0200007h \
  -AEEDATA=0F00000h-0F000FFh -peeprom_data=EEDATA \
  -preset_vec=00h,intcode=08h,intcodelo,powerup,init -pramtop=0600h \
  -psmallconst=SMALLCONST -pmediumconst=MEDIUMCONST -pconst=CONST \
  -AFARRAM=00h-00h \
  -prdata=COMRAM,nvrram=COMRAM,nvbit=COMRAM,rbss=COMRAM,rbit=COMRAM \
  -pfarbss=FARRAM,fardata=FARRAM,nvFARRAM=FARRAM \
  -pintsave_regs=BIGRAM,bigbss=BIGRAM,bigdata=BIGRAM -pbss=RAM \
  -pidata=CODE,irdata=CODE,ibigdata=CODE,ifardata=CODE -prparam=COMRAM \
  C:\Users\JackPaul\AppData\Local\Temp\xcAslmk.o \
  dist/default/production\lab6.X.production.o 

Object code version is 3.11

Machine type is 18F25K22



                Name                               Link     Load   Length Selector   Space Scale
C:\Users\JackPaul\AppData\Local\Temp\xcAslmk.o
                idloc                            200000   200000        8        0       5
                config                           300000   300000        E        0       4
                init                                 F4       F4        4        4       0
                reset_vec                             0        0        4        0       0
dist/default/production\lab6.X.production.o
                intcode                               8        8       EC        4       0
                idloc                            200000   200000        8        0       5
                config                           300000   300000        E        0       4
                temp                                 5F       5F        1        1       1
                mediumconst                        7C18     7C18      3E8     3E0C       0
                text73                             2E16     2E16       2C        4       0
                text72                             3082     3082        6     1802       0
                text71                             308E     308E        2     1802       0
                text70                             307C     307C        6     1802       0
                text69                             2C74     2C74       42        4       0
                text68                             2EE4     2EE4       26        4       0
                text67                             308C     308C        2     1802       0
                text66                             2CF0     2CF0       38        4       0
                text65                             1C44     1C44      14A        4       0
                text64                             2FB4     2FB4       16        4       0
                text63                             3072     3072        A     1802       0
                text62                             2910     2910       96        4       0
                text61                             2584     2584       CC        4       0
                text60                             2D28     2D28       36        4       0
                text59                             1978     1978      17E        4       0
                text58                             2236     2236       DE        4       0
                text57                             2066     2066       F0        4       0
                text56                             23E6     23E6       D0        4       0
                text55                             2C30     2C30       44        4       0
                text54                             27CA     27CA       AE        4       0
                text53                             1258     1258      1FC        4       0
                text52                             1624     1624      1D0        4       0
                text51                              C0C      C0C      44E        4       0
                text50                             2A78     2A78       50        4       0
                text49                             2EBC     2EBC       28        4       0
                text48                             1F76     1F76       F0        4       0
                text47                             2650     2650       CA        4       0
                text45                             2E42     2E42       2A        4       0
                text44                             2FDE     2FDE       14        4       0
                text43                             2AC8     2AC8       4C        4       0
                text42                             2F9C     2F9C       18        4       0
                text41                             2F2C     2F2C       20        4       0
                text40                             3068     3068        A     1802       0
                text39                             305E     305E        A     1802       0
                text38                             3054     3054        A     1802       0
                text37                             2BEA     2BEA       46        4       0
                text36                             304A     304A        A     1802       0
                text35                             3040     3040        A     1802       0
                text34                             3036     3036        A     1802       0
                text33                             302C     302C        A     1802       0
                text32                             3022     3022        A     1802       0
                text31                             29A6     29A6       80        4       0
                text30                             3088     3088        4     1802       0
                text29                             2F68     2F68       1C        4       0
                text28                             2DEA     2DEA       2C        4       0
                text27                             2F4C     2F4C       1C        4       0
                text26                             3004     3004       10     1802       0
                text25                             2F0A     2F0A       22        4       0
                text24                             2E94     2E94       28        4       0
                text23                             2D90     2D90       2E        4       0
                text22                             2B5C     2B5C       48        4       0
                text21                             1AF6     1AF6      14E        4       0
                text20                             2F84     2F84       18        4       0
                text19                             3014     3014        E     1802       0
                text18                             2878     2878       98        4       0
                text17                             24B6     24B6       CE        4       0
                text16                             2CB6     2CB6       3A        4       0
                text15                             17F4     17F4      184        4       0
                text14                             2156     2156       E0        4       0
                text13                             1E84     1E84       F2        4       0
                text12                             2314     2314       D2        4       0
                text11                             2B14     2B14       48        4       0
                text10                             271A     271A       B0        4       0
                text9                              105A     105A      1FE        4       0
                text8                              1454     1454      1D0        4       0
                text7                               7A4      7A4      468        4       0
                text6                              2A26     2A26       52        4       0
                text5                              2E6C     2E6C       28        4       0
                text4                              2D5E     2D5E       32        4       0
                text3                              2FCA     2FCA       14        4       0
                text2                              2DBE     2DBE       2C        4       0
                text1                              1D8E     1D8E       F6        4       0
                text0                                F8       F8      6AC        4       0
                cstackCOMRAM                          1        1       5E        1       1
                cstackBANK0                          60       60       6E       60       1
                cstackBANK1                         186      186       26      100       1
                dataBANK1                           1AC      1AC       11      100       1
                bssBANK1                            100      100       86      100       1
                bssBANK0                             CE       CE       1A       60       1
                cinit                              2BA4     2BA4       46        4       0
                idataBANK1                         2FF2     2FF2       11        4       0

TOTAL           Name                               Link     Load   Length     Space
        CLASS   CODE           
                intcode                               8        8       EC         0
                init                                 F4       F4        4         0
                reset_vec                             0        0        4         0
                text73                             2E16     2E16       2C         0
                text72                             3082     3082        6         0
                text71                             308E     308E        2         0
                text70                             307C     307C        6         0
                text69                             2C74     2C74       42         0
                text68                             2EE4     2EE4       26         0
                text67                             308C     308C        2         0
                text66                             2CF0     2CF0       38         0
                text65                             1C44     1C44      14A         0
                text64                             2FB4     2FB4       16         0
                text63                             3072     3072        A         0
                text62                             2910     2910       96         0
                text61                             2584     2584       CC         0
                text60                             2D28     2D28       36         0
                text59                             1978     1978      17E         0
                text58                             2236     2236       DE         0
                text57                             2066     2066       F0         0
                text56                             23E6     23E6       D0         0
                text55                             2C30     2C30       44         0
                text54                             27CA     27CA       AE         0
                text53                             1258     1258      1FC         0
                text52                             1624     1624      1D0         0
                text51                              C0C      C0C      44E         0
                text50                             2A78     2A78       50         0
                text49                             2EBC     2EBC       28         0
                text48                             1F76     1F76       F0         0
                text47                             2650     2650       CA         0
                text45                             2E42     2E42       2A         0
                text44                             2FDE     2FDE       14         0
                text43                             2AC8     2AC8       4C         0
                text42                             2F9C     2F9C       18         0
                text41                             2F2C     2F2C       20         0
                text40                             3068     3068        A         0
                text39                             305E     305E        A         0
                text38                             3054     3054        A         0
                text37                             2BEA     2BEA       46         0
                text36                             304A     304A        A         0
                text35                             3040     3040        A         0
                text34                             3036     3036        A         0
                text33                             302C     302C        A         0
                text32                             3022     3022        A         0
                text31                             29A6     29A6       80         0
                text30                             3088     3088        4         0
                text29                             2F68     2F68       1C         0
                text28                             2DEA     2DEA       2C         0
                text27                             2F4C     2F4C       1C         0
                text26                             3004     3004       10         0
                text25                             2F0A     2F0A       22         0
                text24                             2E94     2E94       28         0
                text23                             2D90     2D90       2E         0
                text22                             2B5C     2B5C       48         0
                text21                             1AF6     1AF6      14E         0
                text20                             2F84     2F84       18         0
                text19                             3014     3014        E         0
                text18                             2878     2878       98         0
                text17                             24B6     24B6       CE         0
                text16                             2CB6     2CB6       3A         0
                text15                             17F4     17F4      184         0
                text14                             2156     2156       E0         0
                text13                             1E84     1E84       F2         0
                text12                             2314     2314       D2         0
                text11                             2B14     2B14       48         0
                text10                             271A     271A       B0         0
                text9                              105A     105A      1FE         0
                text8                              1454     1454      1D0         0
                text7                               7A4      7A4      468         0
                text6                              2A26     2A26       52         0
                text5                              2E6C     2E6C       28         0
                text4                              2D5E     2D5E       32         0
                text3                              2FCA     2FCA       14         0
                text2                              2DBE     2DBE       2C         0
                text1                              1D8E     1D8E       F6         0
                text0                                F8       F8      6AC         0
                cinit                              2BA4     2BA4       46         0
                idataBANK1                         2FF2     2FF2       11         0

        CLASS   CONST          

        CLASS   SMALLCONST     

        CLASS   MEDIUMCONST    
                mediumconst                        7C18     7C18      3E8         0

        CLASS   COMRAM         
                temp                                 5F       5F        1         1
                cstackCOMRAM                          1        1       5E         1

        CLASS   ABS1           

        CLASS   BIGRAM         

        CLASS   RAM            

        CLASS   BANK0          
                cstackBANK0                          60       60       6E         1
                bssBANK0                             CE       CE       1A         1

        CLASS   BANK1          
                cstackBANK1                         186      186       26         1
                dataBANK1                           1AC      1AC       11         1
                bssBANK1                            100      100       86         1

        CLASS   BANK2          

        CLASS   BANK3          

        CLASS   BANK4          

        CLASS   BANK5          

        CLASS   SFR            

        CLASS   BIGSFR         

        CLASS   CONFIG         
                config                           300000   300000        E         4

        CLASS   IDLOC          
                idloc                            200000   200000        8         5

        CLASS   EEDATA         

        CLASS   FARRAM         

        CLASS   HEAP           

        CLASS   STACK          



SEGMENTS        Name                           Load    Length   Top    Selector   Space  Class

                reset_vec                      000000  000004  000004         0       0  CODE    
                cstackCOMRAM                   000001  00005F  000060         1       1  COMRAM  
                intcode                        000008  002FFB  003003         4       0  CODE    
                cstackBANK0                    000060  000088  0000E8        60       1  BANK0   
                bssBANK1                       000100  0000BD  0001BD       100       1  BANK1   
                text26                         003004  00008C  003090      1802       0  CODE    
                mediumconst                    007C18  0003E8  008000      3E0C       0  MEDIUMCO


UNUSED ADDRESS RANGES

        Name                Unused          Largest block    Delta
        BANK0            0000E8-0000FF               18
        BANK1            0001BD-0001FF               43
        BANK2            000200-0002FF              100
        BANK3            000300-0003FF              100
        BANK4            000400-0004FF              100
        BANK5            000500-0005FF              100
        BIGRAM           0000E8-0000FF               18
                         0001BD-0005FF              443
        BIGSFR           000F38-000FFF               C8
        CODE             000004-000007                4
                         003003-003003                1
                         003090-007C17             4B88
        CONST            000004-000007                4
                         003003-003003                1
                         003090-007C17             4B88
        EEDATA           F00000-F000FF              100
        MEDIUMCONST      003003-003003                1
                         003090-007C17             4B88
        RAM              0000E8-0000FF               18
                         0001BD-0005FF              100
        SFR              000F38-000FFF               28
        SMALLCONST       003003-003003                1
                         003090-007C17              100

                                  Symbol Table

?___lodiv                                       cstackBANK0  000078
?___lomod                                       cstackBANK0  000078
?___wmul                                        cstackBANK0  000078
?_atoi                                          cstackBANK0  00007E
?_isdigit                                       cstackBANK0  000078
?_isspace                                       cstackBANK0  000078
?_printf                                        cstackBANK1  000195
?_strlen                                        cstackBANK0  000078
?_strncmp                                       cstackBANK0  000078
?_vfprintf                                      cstackBANK0  0000C2
?i2___lodiv                                     cstackCOMRAM 000001
?i2___lomod                                     cstackCOMRAM 000001
?i2___wmul                                      cstackCOMRAM 000001
?i2_atoi                                        cstackCOMRAM 000007
?i2_printf                                      cstackBANK0  000066
?i2_strlen                                      cstackCOMRAM 000001
?i2_strncmp                                     cstackCOMRAM 000001
?i2_vfprintf                                    cstackBANK0  000060
EPWM2_LoadDutyValue@dutyValue                   cstackBANK0  000078
EUSART1_SetErrorHandler@interruptHandler        cstackBANK0  000078
EUSART1_SetFramingErrorHandler@interruptHandler cstackBANK0  000078
EUSART1_SetOverrunErrorHandler@interruptHandler cstackBANK0  000078
EUSART1_Write@txData                            cstackBANK0  000078
EUSART2_SetErrorHandler@interruptHandler        cstackBANK0  000078
EUSART2_SetFramingErrorHandler@interruptHandler cstackBANK0  000078
EUSART2_SetOverrunErrorHandler@interruptHandler cstackBANK0  000078
EUSART2_SetRxInterruptHandler@interruptHandler  cstackBANK0  000078
EUSART2_SetTxInterruptHandler@interruptHandler  cstackBANK0  000078
TMR1_WriteTimer@timerVal                        cstackBANK0  000078
_ANSELA                                         (abs)        000F38
_ANSELB                                         (abs)        000F39
_ANSELC                                         (abs)        000F3A
_BAUDCON1                                       (abs)        000FB8
_BAUDCON2                                       (abs)        000F70
_CCP2CON                                        (abs)        000F66
_CCPR2H                                         (abs)        000F68
_CCPR2L                                         (abs)        000F67
_CCPTMRS0bits                                   (abs)        000F49
_ECCP2AS                                        (abs)        000F64
_EPWM2_Initialize                               text41       002F2C
_EPWM2_LoadDutyValue                            text4        002D5E
_EUSART1_DefaultErrorHandler                    (abs)        000000
_EUSART1_DefaultFramingErrorHandler             (abs)        000000
_EUSART1_DefaultOverrunErrorHandler             (abs)        000000
_EUSART1_ErrorHandler                           bssBANK1     000118
_EUSART1_FramingErrorHandler                    bssBANK1     00011C
_EUSART1_Initialize                             text37       002BEA
_EUSART1_OverrunErrorHandler                    bssBANK1     00011A
_EUSART1_Read                                   text45       002E42
_EUSART1_SetErrorHandler                        text40       003068
_EUSART1_SetFramingErrorHandler                 text39       00305E
_EUSART1_SetOverrunErrorHandler                 text38       003054
_EUSART1_Write                                  text20       002F84
_EUSART1_is_rx_ready                            text44       002FDE
_EUSART2_DefaultErrorHandler                    text72       003082
_EUSART2_DefaultFramingErrorHandler             text71       00308E
_EUSART2_DefaultOverrunErrorHandler             text70       00307C
_EUSART2_ErrorHandler                           bssBANK1     00011E
_EUSART2_FramingErrorHandler                    bssBANK0     0000D2
_EUSART2_Initialize                             text31       0029A6
_EUSART2_OverrunErrorHandler                    bssBANK1     000120
_EUSART2_Read                                   text43       002AC8
_EUSART2_Receive_ISR                            text47       002650
_EUSART2_RxDataHandler                          text73       002E16
_EUSART2_RxDefaultInterruptHandler              bssBANK0     0000D4
_EUSART2_SetErrorHandler                        text36       00304A
_EUSART2_SetFramingErrorHandler                 text35       003040
_EUSART2_SetOverrunErrorHandler                 text34       003036
_EUSART2_SetRxInterruptHandler                  text33       00302C
_EUSART2_SetTxInterruptHandler                  text32       003022
_EUSART2_Transmit_ISR                           text69       002C74
_EUSART2_TxDefaultInterruptHandler              bssBANK0     0000D6
_EUSART2_is_rx_ready                            text42       002F9C
_INTCON2bits                                    (abs)        000FF1
_INTCONbits                                     (abs)        000FF2
_INTERRUPT_Initialize                           text30       003088
_INTERRUPT_InterruptManager                     intcode      000008
_LATA                                           (abs)        000F89
_LATB                                           (abs)        000F8A
_LATC                                           (abs)        000F8B
_OSCCON                                         (abs)        000FD3
_OSCCON2                                        (abs)        000FD2
_OSCILLATOR_Initialize                          text29       002F68
_OSCTUNE                                        (abs)        000F9B
_PIE3bits                                       (abs)        000FA3
_PIN_MANAGER_Initialize                         text28       002DEA
_PIR1bits                                       (abs)        000F9E
_PIR3bits                                       (abs)        000FA4
_PLLRDY                                         (abs)        007E97
_PR2                                            (abs)        000FBB
_PSTR2CON                                       (abs)        000F63
_PWM2CON                                        (abs)        000F65
_RCONbits                                       (abs)        000FD0
_RCREG1                                         (abs)        000FAE
_RCREG2                                         (abs)        000F74
_RCSTA1                                         (abs)        000FAB
_RCSTA1bits                                     (abs)        000FAB
_RCSTA2                                         (abs)        000F71
_RCSTA2bits                                     (abs)        000F71
_SPBRG1                                         (abs)        000FAF
_SPBRG2                                         (abs)        000F75
_SPBRGH1                                        (abs)        000FB0
_SPBRGH2                                        (abs)        000F76
_SYSTEM_Initialize                              text25       002F0A
_T1CON                                          (abs)        000FCD
_T1CONbits                                      (abs)        000FCD
_T1GCON                                         (abs)        000FCC
_T1GCONbits                                     (abs)        000FCC
_T2CON                                          (abs)        000FBA
_T2CONbits                                      (abs)        000FBA
_TMR1                                           (abs)        000FCE
_TMR1H                                          (abs)        000FCF
_TMR1L                                          (abs)        000FCE
_TMR1_HasOverflowOccured                        text3        002FCA
_TMR1_Initialize                                text27       002F4C
_TMR1_WriteTimer                                text2        002DBE
_TMR2                                           (abs)        000FBC
_TMR2_Initialize                                text26       003004
_TRISA                                          (abs)        000F92
_TRISB                                          (abs)        000F93
_TRISC                                          (abs)        000F94
_TXREG1                                         (abs)        000FAD
_TXREG2                                         (abs)        000F73
_TXSTA1                                         (abs)        000FAC
_TXSTA1bits                                     (abs)        000FAC
_TXSTA2                                         (abs)        000F72
_TXSTA2bits                                     (abs)        000F72
_WPUB                                           (abs)        000F61
__HRAM                                          (abs)        000000
__Habs1                                         abs1         000000
__Hbank0                                        bank0        000000
__Hbank1                                        bank1        000000
__Hbank2                                        bank2        000000
__Hbank3                                        bank3        000000
__Hbank4                                        bank4        000000
__Hbank5                                        bank5        000000
__Hbigbss                                       bigbss       000000
__Hbigdata                                      bigdata      000000
__Hbigram                                       bigram       000000
__Hbigsfr                                       bigsfr       000000
__Hbss                                          bss          000000
__HbssBANK0                                     bssBANK0     000000
__HbssBANK1                                     bssBANK1     000000
__Hcinit                                        cinit        000000
__Hclrtext                                      clrtext      000000
__Hcomram                                       comram       000000
__Hconfig                                       config       30000E
__Hconst                                        const        000000
__HcstackBANK0                                  cstackBANK0  000000
__HcstackBANK1                                  cstackBANK1  000000
__HcstackCOMRAM                                 cstackCOMRAM 000000
__Hdata                                         data         000000
__HdataBANK1                                    dataBANK1    000000
__Heeprom_data                                  eeprom_data  000000
__Hfarbss                                       farbss       000000
__Hfardata                                      fardata      000000
__Hheap                                         heap         000000
__Hibigdata                                     ibigdata     000000
__Hidata                                        idata        000000
__HidataBANK1                                   idataBANK1   000000
__Hidloc                                        idloc        200008
__Hifardata                                     ifardata     000000
__Hinit                                         init         0000F8
__Hintcode                                      intcode      0000F4
__Hintcode_body                                 intcode_body 000000
__Hintcodelo                                    intcodelo    0000F4
__Hintentry                                     intentry     000000
__Hintret                                       intret       000000
__Hintsave_regs                                 intsave_regs 000000
__Hirdata                                       irdata       000000
__Hmediumconst                                  mediumconst  008000
__HnvFARRAM                                     nvFARRAM     000000
__Hnvbit                                        nvbit        000000
__Hnvrram                                       nvrram       000000
__Hparam                                        rparam       000000
__Hpowerup                                      powerup      0000F4
__Hram                                          ram          000000
__Hramtop                                       ramtop       000600
__Hrbit                                         rbit         000000
__Hrbss                                         rbss         000000
__Hrdata                                        rdata        000000
__Hreset_vec                                    reset_vec    000004
__Hrparam                                       rparam       000000
__Hsfr                                          sfr          000000
__Hsmallconst                                   smallconst   000000
__Hspace_0                                      (abs)        008000
__Hspace_1                                      (abs)        0001BD
__Hspace_2                                      (abs)        000000
__Hspace_4                                      (abs)        60000E
__Hstack                                        stack        000000
__Hstruct                                       struct       000000
__Htemp                                         temp         000060
__Htext                                         text         000000
__Htext0                                        text0        000000
__Htext1                                        text1        000000
__Htext10                                       text10       000000
__Htext11                                       text11       000000
__Htext12                                       text12       000000
__Htext13                                       text13       000000
__Htext14                                       text14       000000
__Htext15                                       text15       000000
__Htext16                                       text16       000000
__Htext17                                       text17       000000
__Htext18                                       text18       000000
__Htext19                                       text19       000000
__Htext2                                        text2        000000
__Htext20                                       text20       000000
__Htext21                                       text21       000000
__Htext22                                       text22       000000
__Htext23                                       text23       000000
__Htext24                                       text24       000000
__Htext25                                       text25       000000
__Htext26                                       text26       000000
__Htext27                                       text27       000000
__Htext28                                       text28       000000
__Htext29                                       text29       000000
__Htext3                                        text3        000000
__Htext30                                       text30       000000
__Htext31                                       text31       000000
__Htext32                                       text32       000000
__Htext33                                       text33       000000
__Htext34                                       text34       000000
__Htext35                                       text35       000000
__Htext36                                       text36       000000
__Htext37                                       text37       000000
__Htext38                                       text38       000000
__Htext39                                       text39       000000
__Htext4                                        text4        000000
__Htext40                                       text40       000000
__Htext41                                       text41       000000
__Htext42                                       text42       000000
__Htext43                                       text43       000000
__Htext44                                       text44       000000
__Htext45                                       text45       000000
__Htext47                                       text47       000000
__Htext48                                       text48       000000
__Htext49                                       text49       000000
__Htext5                                        text5        000000
__Htext50                                       text50       000000
__Htext51                                       text51       000000
__Htext52                                       text52       000000
__Htext53                                       text53       000000
__Htext54                                       text54       000000
__Htext55                                       text55       000000
__Htext56                                       text56       000000
__Htext57                                       text57       000000
__Htext58                                       text58       000000
__Htext59                                       text59       000000
__Htext6                                        text6        000000
__Htext60                                       text60       000000
__Htext61                                       text61       000000
__Htext62                                       text62       000000
__Htext63                                       text63       000000
__Htext64                                       text64       000000
__Htext65                                       text65       000000
__Htext66                                       text66       000000
__Htext67                                       text67       000000
__Htext68                                       text68       000000
__Htext69                                       text69       000000
__Htext7                                        text7        000000
__Htext70                                       text70       000000
__Htext71                                       text71       000000
__Htext72                                       text72       000000
__Htext73                                       text73       000000
__Htext74                                       text74       000000
__Htext8                                        text8        000000
__Htext9                                        text9        000000
__LRAM                                          (abs)        000001
__Labs1                                         abs1         000000
__Lbank0                                        bank0        000000
__Lbank1                                        bank1        000000
__Lbank2                                        bank2        000000
__Lbank3                                        bank3        000000
__Lbank4                                        bank4        000000
__Lbank5                                        bank5        000000
__Lbigbss                                       bigbss       000000
__Lbigdata                                      bigdata      000000
__Lbigram                                       bigram       000000
__Lbigsfr                                       bigsfr       000000
__Lbss                                          bss          000000
__LbssBANK0                                     bssBANK0     000000
__LbssBANK1                                     bssBANK1     000000
__Lcinit                                        cinit        000000
__Lclrtext                                      clrtext      000000
__Lcomram                                       comram       000000
__Lconfig                                       config       000000
__Lconst                                        const        000000
__LcstackBANK0                                  cstackBANK0  000000
__LcstackBANK1                                  cstackBANK1  000000
__LcstackCOMRAM                                 cstackCOMRAM 000000
__Ldata                                         data         000000
__LdataBANK1                                    dataBANK1    000000
__Leeprom_data                                  eeprom_data  000000
__Lfarbss                                       farbss       000000
__Lfardata                                      fardata      000000
__Lheap                                         heap         000000
__Libigdata                                     ibigdata     000000
__Lidata                                        idata        000000
__LidataBANK1                                   idataBANK1   000000
__Lidloc                                        idloc        000000
__Lifardata                                     ifardata     000000
__Linit                                         init         0000F4
__Lintcode                                      intcode      000008
__Lintcode_body                                 intcode_body 000000
__Lintcodelo                                    intcodelo    0000F4
__Lintentry                                     intentry     000000
__Lintret                                       intret       000000
__Lintsave_regs                                 intsave_regs 000000
__Lirdata                                       irdata       000000
__Lmediumconst                                  mediumconst  007C18
__LnvFARRAM                                     nvFARRAM     000000
__Lnvbit                                        nvbit        000000
__Lnvrram                                       nvrram       000000
__Lparam                                        rparam       000000
__Lpowerup                                      powerup      0000F4
__Lram                                          ram          000000
__Lramtop                                       ramtop       000600
__Lrbit                                         rbit         000000
__Lrbss                                         rbss         000000
__Lrdata                                        rdata        000000
__Lreset_vec                                    reset_vec    000000
__Lrparam                                       rparam       000000
__Lsfr                                          sfr          000000
__Lsmallconst                                   smallconst   000000
__Lspace_0                                      (abs)        000000
__Lspace_1                                      (abs)        000000
__Lspace_2                                      (abs)        000000
__Lspace_4                                      (abs)        000000
__Lstack                                        stack        000000
__Lstruct                                       struct       000000
__Ltemp                                         temp         00005F
__Ltext                                         text         000000
__Ltext0                                        text0        000000
__Ltext1                                        text1        000000
__Ltext10                                       text10       000000
__Ltext11                                       text11       000000
__Ltext12                                       text12       000000
__Ltext13                                       text13       000000
__Ltext14                                       text14       000000
__Ltext15                                       text15       000000
__Ltext16                                       text16       000000
__Ltext17                                       text17       000000
__Ltext18                                       text18       000000
__Ltext19                                       text19       000000
__Ltext2                                        text2        000000
__Ltext20                                       text20       000000
__Ltext21                                       text21       000000
__Ltext22                                       text22       000000
__Ltext23                                       text23       000000
__Ltext24                                       text24       000000
__Ltext25                                       text25       000000
__Ltext26                                       text26       000000
__Ltext27                                       text27       000000
__Ltext28                                       text28       000000
__Ltext29                                       text29       000000
__Ltext3                                        text3        000000
__Ltext30                                       text30       000000
__Ltext31                                       text31       000000
__Ltext32                                       text32       000000
__Ltext33                                       text33       000000
__Ltext34                                       text34       000000
__Ltext35                                       text35       000000
__Ltext36                                       text36       000000
__Ltext37                                       text37       000000
__Ltext38                                       text38       000000
__Ltext39                                       text39       000000
__Ltext4                                        text4        000000
__Ltext40                                       text40       000000
__Ltext41                                       text41       000000
__Ltext42                                       text42       000000
__Ltext43                                       text43       000000
__Ltext44                                       text44       000000
__Ltext45                                       text45       000000
__Ltext47                                       text47       000000
__Ltext48                                       text48       000000
__Ltext49                                       text49       000000
__Ltext5                                        text5        000000
__Ltext50                                       text50       000000
__Ltext51                                       text51       000000
__Ltext52                                       text52       000000
__Ltext53                                       text53       000000
__Ltext54                                       text54       000000
__Ltext55                                       text55       000000
__Ltext56                                       text56       000000
__Ltext57                                       text57       000000
__Ltext58                                       text58       000000
__Ltext59                                       text59       000000
__Ltext6                                        text6        000000
__Ltext60                                       text60       000000
__Ltext61                                       text61       000000
__Ltext62                                       text62       000000
__Ltext63                                       text63       000000
__Ltext64                                       text64       000000
__Ltext65                                       text65       000000
__Ltext66                                       text66       000000
__Ltext67                                       text67       000000
__Ltext68                                       text68       000000
__Ltext69                                       text69       000000
__Ltext7                                        text7        000000
__Ltext70                                       text70       000000
__Ltext71                                       text71       000000
__Ltext72                                       text72       000000
__Ltext73                                       text73       000000
__Ltext74                                       text74       000000
__Ltext8                                        text8        000000
__Ltext9                                        text9        000000
__S0                                            (abs)        008000
__S1                                            (abs)        0001BD
__S4                                            (abs)        000000
__S5                                            (abs)        000000
___heap_hi                                      (abs)        000000
___heap_lo                                      (abs)        000000
___inthi_sp                                     stack        000000
___intlo_sp                                     stack        000000
___lodiv                                        text13       001E84
___lodiv@counter                                cstackBANK0  000090
___lodiv@dividend                               cstackBANK0  000078
___lodiv@divisor                                cstackBANK0  000080
___lodiv@quotient                               cstackBANK0  000088
___lomod                                        text12       002314
___lomod@counter                                cstackBANK0  000088
___lomod@dividend                               cstackBANK0  000078
___lomod@divisor                                cstackBANK0  000080
___param_bank                                   (abs)        000000
___rparam_used                                  (abs)        000001
___sp                                           stack        000000
___wmul                                         text24       002E94
___wmul@multiplicand                            cstackBANK0  00007A
___wmul@multiplier                              cstackBANK0  000078
___wmul@product                                 cstackBANK0  00007C
__accesstop                                     (abs)        000060
__activetblptr                                  (abs)        000002
__end_of_EPWM2_Initialize                       text41       002F4C
__end_of_EPWM2_LoadDutyValue                    text4        002D90
__end_of_EUSART1_Initialize                     text37       002C30
__end_of_EUSART1_Read                           text45       002E6C
__end_of_EUSART1_SetErrorHandler                text40       003072
__end_of_EUSART1_SetFramingErrorHandler         text39       003068
__end_of_EUSART1_SetOverrunErrorHandler         text38       00305E
__end_of_EUSART1_Write                          text20       002F9C
__end_of_EUSART1_is_rx_ready                    text44       002FF2
__end_of_EUSART2_DefaultErrorHandler            text72       003088
__end_of_EUSART2_DefaultFramingErrorHandler     text71       003090
__end_of_EUSART2_DefaultOverrunErrorHandler     text70       003082
__end_of_EUSART2_Initialize                     text31       002A26
__end_of_EUSART2_Read                           text43       002B14
__end_of_EUSART2_Receive_ISR                    text47       00271A
__end_of_EUSART2_RxDataHandler                  text73       002E42
__end_of_EUSART2_SetErrorHandler                text36       003054
__end_of_EUSART2_SetFramingErrorHandler         text35       00304A
__end_of_EUSART2_SetOverrunErrorHandler         text34       003040
__end_of_EUSART2_SetRxInterruptHandler          text33       003036
__end_of_EUSART2_SetTxInterruptHandler          text32       00302C
__end_of_EUSART2_Transmit_ISR                   text69       002CB6
__end_of_EUSART2_is_rx_ready                    text42       002FB4
__end_of_INTERRUPT_Initialize                   text30       00308C
__end_of_INTERRUPT_InterruptManager             intcode      0000F4
__end_of_OSCILLATOR_Initialize                  text29       002F84
__end_of_PIN_MANAGER_Initialize                 text28       002E16
__end_of_SYSTEM_Initialize                      text25       002F2C
__end_of_TMR1_HasOverflowOccured                text3        002FDE
__end_of_TMR1_Initialize                        text27       002F68
__end_of_TMR1_WriteTimer                        text2        002DEA
__end_of_TMR2_Initialize                        text26       003014
__end_of___lodiv                                text13       001F76
__end_of___lomod                                text12       0023E6
__end_of___wmul                                 text24       002EBC
__end_of__initialization                        cinit        002BDC
__end_of_atoi                                   text21       001C44
__end_of_ctoa                                   text17       002584
__end_of_fputc                                  text18       002910
__end_of_fputs                                  text11       002B5C
__end_of_isdigit                                text23       002DBE
__end_of_isspace                                text22       002BA4
__end_of_main                                   text0        0007A4
__end_of_pad                                    text10       0027CA
__end_of_printf                                 text5        002E94
__end_of_putch                                  text19       003022
__end_of_rxEUSART2ISR                           text48       002066
__end_of_stoa                                   text15       001978
__end_of_strlen                                 text16       002CF0
__end_of_strncmp                                text14       002236
__end_of_transmitCharacterOverIR                text1        001E84
__end_of_utoa                                   text9        001258
__end_of_vfpfcnvrt                              text7        000C0C
__end_of_vfprintf                               text6        002A78
__end_of_xtoa                                   text8        001624
__end_ofi2_EUSART1_Write                        text64       002FCA
__end_ofi2___lodiv                              text57       002156
__end_ofi2___lomod                              text56       0024B6
__end_ofi2___wmul                               text68       002F0A
__end_ofi2_atoi                                 text65       001D8E
__end_ofi2_ctoa                                 text61       002650
__end_ofi2_fputc                                text62       0029A6
__end_ofi2_fputs                                text55       002C74
__end_ofi2_isdigit                              text67       00308E
__end_ofi2_isspace                              text66       002D28
__end_ofi2_pad                                  text54       002878
__end_ofi2_printf                               text49       002EE4
__end_ofi2_putch                                text63       00307C
__end_ofi2_stoa                                 text59       001AF6
__end_ofi2_strlen                               text60       002D5E
__end_ofi2_strncmp                              text58       002314
__end_ofi2_utoa                                 text53       001454
__end_ofi2_vfpfcnvrt                            text51       00105A
__end_ofi2_vfprintf                             text50       002AC8
__end_ofi2_xtoa                                 text52       0017F4
__initialization                                cinit        002BA4
__mediumconst                                   mediumconst  007C18
__pbssBANK0                                     bssBANK0     0000CE
__pbssBANK1                                     bssBANK1     000100
__pcinit                                        cinit        002BA4
__pcstackBANK0                                  cstackBANK0  000060
__pcstackBANK1                                  cstackBANK1  000186
__pcstackCOMRAM                                 cstackCOMRAM 000001
__pdataBANK1                                    dataBANK1    0001AC
__pidataBANK1                                   idataBANK1   002FF2
__pintcode                                      intcode      000008
__pmediumconst                                  mediumconst  007C18
__ptext0                                        text0        0000F8
__ptext1                                        text1        001D8E
__ptext10                                       text10       00271A
__ptext11                                       text11       002B14
__ptext12                                       text12       002314
__ptext13                                       text13       001E84
__ptext14                                       text14       002156
__ptext15                                       text15       0017F4
__ptext16                                       text16       002CB6
__ptext17                                       text17       0024B6
__ptext18                                       text18       002878
__ptext19                                       text19       003014
__ptext2                                        text2        002DBE
__ptext20                                       text20       002F84
__ptext21                                       text21       001AF6
__ptext22                                       text22       002B5C
__ptext23                                       text23       002D90
__ptext24                                       text24       002E94
__ptext25                                       text25       002F0A
__ptext26                                       text26       003004
__ptext27                                       text27       002F4C
__ptext28                                       text28       002DEA
__ptext29                                       text29       002F68
__ptext3                                        text3        002FCA
__ptext30                                       text30       003088
__ptext31                                       text31       0029A6
__ptext32                                       text32       003022
__ptext33                                       text33       00302C
__ptext34                                       text34       003036
__ptext35                                       text35       003040
__ptext36                                       text36       00304A
__ptext37                                       text37       002BEA
__ptext38                                       text38       003054
__ptext39                                       text39       00305E
__ptext4                                        text4        002D5E
__ptext40                                       text40       003068
__ptext41                                       text41       002F2C
__ptext42                                       text42       002F9C
__ptext43                                       text43       002AC8
__ptext44                                       text44       002FDE
__ptext45                                       text45       002E42
__ptext47                                       text47       002650
__ptext48                                       text48       001F76
__ptext49                                       text49       002EBC
__ptext5                                        text5        002E6C
__ptext50                                       text50       002A78
__ptext51                                       text51       000C0C
__ptext52                                       text52       001624
__ptext53                                       text53       001258
__ptext54                                       text54       0027CA
__ptext55                                       text55       002C30
__ptext56                                       text56       0023E6
__ptext57                                       text57       002066
__ptext58                                       text58       002236
__ptext59                                       text59       001978
__ptext6                                        text6        002A26
__ptext60                                       text60       002D28
__ptext61                                       text61       002584
__ptext62                                       text62       002910
__ptext63                                       text63       003072
__ptext64                                       text64       002FB4
__ptext65                                       text65       001C44
__ptext66                                       text66       002CF0
__ptext67                                       text67       00308C
__ptext68                                       text68       002EE4
__ptext69                                       text69       002C74
__ptext7                                        text7        0007A4
__ptext70                                       text70       00307C
__ptext71                                       text71       00308E
__ptext72                                       text72       003082
__ptext73                                       text73       002E16
__ptext74                                       text74       000000
__ptext8                                        text8        001454
__ptext9                                        text9        00105A
__ramtop                                        ramtop       000600
__smallconst                                    smallconst   000000
_atoi                                           text21       001AF6
_ctoa                                           text17       0024B6
_dbuf                                           bssBANK1     000126
_eusart1RxLastError                             bssBANK0     0000E0
_eusart2RxBuffer                                bssBANK1     000108
_eusart2RxCount                                 bssBANK0     0000E2
_eusart2RxHead                                  bssBANK0     0000E4
_eusart2RxLastError                             bssBANK0     0000E1
_eusart2RxStatusBuffer                          bssBANK1     000100
_eusart2RxTail                                  bssBANK0     0000E3
_eusart2TxBuffer                                bssBANK1     000110
_eusart2TxBufferRemaining                       bssBANK0     0000E5
_eusart2TxHead                                  bssBANK0     0000E7
_eusart2TxTail                                  bssBANK0     0000E6
_flags                                          bssBANK0     0000DA
_fputc                                          text18       002878
_fputs                                          text11       002B14
_isdigit                                        text23       002D90
_isspace                                        text22       002B5C
_isspace$2011                                   cstackBANK0  00007C
_main                                           text0        0000F8
_pad                                            text10       00271A
_prec                                           bssBANK0     0000D0
_printf                                         text5        002E6C
_putch                                          text19       003014
_rcsum                                          bssBANK1     000122
_receiveBuffer                                  bssBANK1     000166
_received                                       bssBANK1     000125
_ri                                             bssBANK0     0000DE
_rsum                                           bssBANK1     000124
_rxEUSART2ISR                                   text48       001F76
_stoa                                           text15       0017F4
_strlen                                         text16       002CB6
_strncmp                                        text14       002156
_ti                                             bssBANK0     0000DD
_timer1ReloadVal                                bssBANK0     0000D8
_transmit                                       bssBANK0     0000DF
_transmitBuffer                                 bssBANK1     000146
_transmitCharacterOverIR                        text1        001D8E
_tsum                                           bssBANK1     000123
_utoa                                           text9        00105A
_vfpfcnvrt                                      text7        0007A4
_vfpfcnvrt$1976                                 cstackBANK1  000189
_vfprintf                                       text6        002A26
_width                                          bssBANK0     0000CE
_xtoa                                           text8        001454
_xtoa$1956                                      cstackBANK0  0000A7
atoi@n                                          cstackBANK0  000085
atoi@neg                                        cstackBANK0  000083
atoi@s                                          cstackBANK0  00007E
btemp                                           temp         00005F
ctoa@c                                          cstackBANK0  000085
ctoa@fp                                         cstackBANK0  000083
ctoa@l                                          cstackBANK0  000087
ctoa@w                                          cstackBANK0  000089
end_of_initialization                           cinit        002BDC
fputc@c                                         cstackBANK0  00007A
fputc@fp                                        cstackBANK0  00007C
fputs@c                                         cstackBANK0  000087
fputs@fp                                        cstackBANK0  000085
fputs@i                                         cstackBANK0  000088
fputs@s                                         cstackBANK0  000083
i2EUSART1_Write@txData                          cstackCOMRAM 000001
i2_EUSART1_Write                                text64       002FB4
i2___lodiv                                      text57       002066
i2___lodiv@counter                              cstackCOMRAM 000019
i2___lodiv@dividend                             cstackCOMRAM 000001
i2___lodiv@divisor                              cstackCOMRAM 000009
i2___lodiv@quotient                             cstackCOMRAM 000011
i2___lomod                                      text56       0023E6
i2___lomod@counter                              cstackCOMRAM 000011
i2___lomod@dividend                             cstackCOMRAM 000001
i2___lomod@divisor                              cstackCOMRAM 000009
i2___wmul                                       text68       002EE4
i2___wmul@multiplicand                          cstackCOMRAM 000003
i2___wmul@multiplier                            cstackCOMRAM 000001
i2___wmul@product                               cstackCOMRAM 000005
i2_atoi                                         text65       001C44
i2_ctoa                                         text61       002584
i2_fputc                                        text62       002910
i2_fputs                                        text55       002C30
i2_isdigit                                      text67       00308C
i2_isspace                                      text66       002CF0
i2_pad                                          text54       0027CA
i2_printf                                       text49       002EBC
i2_putch                                        text63       003072
i2_stoa                                         text59       001978
i2_strlen                                       text60       002D28
i2_strncmp                                      text58       002236
i2_utoa                                         text53       001258
i2_vfpfcnvrt                                    text51       000C0C
i2_vfpfcnvrt$1976                               cstackCOMRAM 00004D
i2_vfprintf                                     text50       002A78
i2_xtoa                                         text52       001624
i2_xtoa$1956                                    cstackCOMRAM 000030
i2atoi@n                                        cstackCOMRAM 00000E
i2atoi@neg                                      cstackCOMRAM 00000C
i2atoi@s                                        cstackCOMRAM 000007
i2ctoa@c                                        cstackCOMRAM 00000E
i2ctoa@fp                                       cstackCOMRAM 00000C
i2ctoa@l                                        cstackCOMRAM 000010
i2ctoa@w                                        cstackCOMRAM 000012
i2fputc@c                                       cstackCOMRAM 000003
i2fputc@fp                                      cstackCOMRAM 000005
i2fputs@c                                       cstackCOMRAM 000010
i2fputs@fp                                      cstackCOMRAM 00000E
i2fputs@i                                       cstackCOMRAM 000011
i2fputs@s                                       cstackCOMRAM 00000C
i2isdigit@c                                     cstackCOMRAM 000001
i2isspace@c                                     cstackCOMRAM 000001
i2pad@buf                                       cstackCOMRAM 000015
i2pad@fp                                        cstackCOMRAM 000013
i2pad@i                                         cstackCOMRAM 00001A
i2pad@p                                         cstackCOMRAM 000017
i2pad@w                                         cstackCOMRAM 00001C
i2printf@ap                                     cstackCOMRAM 00005C
i2printf@fmt                                    cstackBANK0  000066
i2putch@txData                                  cstackCOMRAM 000002
i2stoa@cp                                       cstackCOMRAM 00001C
i2stoa@fp                                       cstackCOMRAM 00000C
i2stoa@i                                        cstackCOMRAM 000018
i2stoa@l                                        cstackCOMRAM 000020
i2stoa@nuls                                     cstackCOMRAM 000011
i2stoa@p                                        cstackCOMRAM 00001E
i2stoa@s                                        cstackCOMRAM 00000E
i2stoa@w                                        cstackCOMRAM 00001A
i2strlen@a                                      cstackCOMRAM 000003
i2strlen@s                                      cstackCOMRAM 000001
i2strncmp@_l                                    cstackCOMRAM 000001
i2strncmp@_r                                    cstackCOMRAM 000003
i2strncmp@l                                     cstackCOMRAM 000008
i2strncmp@n                                     cstackCOMRAM 000005
i2strncmp@r                                     cstackCOMRAM 00000A
i2utoa@d                                        cstackCOMRAM 000020
i2utoa@fp                                       cstackCOMRAM 00001E
i2utoa@i                                        cstackCOMRAM 00003C
i2utoa@n                                        cstackCOMRAM 000034
i2utoa@p                                        cstackCOMRAM 000030
i2utoa@w                                        cstackCOMRAM 000032
i2vfpfcnvrt@ap                                  cstackCOMRAM 000045
i2vfpfcnvrt@c                                   cstackCOMRAM 00004F
i2vfpfcnvrt@convarg                             cstackCOMRAM 000050
i2vfpfcnvrt@cp                                  cstackCOMRAM 000058
i2vfpfcnvrt@done                                cstackCOMRAM 00004B
i2vfpfcnvrt@fmt                                 cstackCOMRAM 000043
i2vfpfcnvrt@fp                                  cstackCOMRAM 000041
i2vfprintf@ap                                   cstackBANK0  000064
i2vfprintf@cfmt                                 cstackCOMRAM 00005A
i2vfprintf@fmt                                  cstackBANK0  000062
i2vfprintf@fp                                   cstackBANK0  000060
i2xtoa@c                                        cstackCOMRAM 000040
i2xtoa@d                                        cstackCOMRAM 000020
i2xtoa@fp                                       cstackCOMRAM 00001E
i2xtoa@i                                        cstackCOMRAM 00003E
i2xtoa@n                                        cstackCOMRAM 000036
i2xtoa@p                                        cstackCOMRAM 000032
i2xtoa@w                                        cstackCOMRAM 000034
int$flags                                       temp         00005F
intlevel0                                       text         000000
intlevel1                                       text         000000
intlevel2                                       text         000000
intlevel3                                       text         000000
isa$std                                         (abs)        000001
isa$xinst                                       (abs)        000000
isdigit@c                                       cstackBANK0  000078
isspace@c                                       cstackBANK0  000078
main@F6187                                      dataBANK1    0001AC
main@baudRateSelected                           cstackBANK1  0001A8
main@bitPeriod                                  cstackBANK1  00019D
main@cmd                                        cstackBANK1  0001A7
main@i                                          cstackBANK1  0001AA
main@letter                                     cstackBANK1  0001A9
pad@buf                                         cstackBANK0  00008C
pad@fp                                          cstackBANK0  00008A
pad@i                                           cstackBANK0  000091
pad@p                                           cstackBANK0  00008E
pad@w                                           cstackBANK0  000093
printf@ap                                       cstackBANK0  0000CA
printf@fmt                                      cstackBANK1  000195
putch@txData                                    cstackBANK0  000079
rxEUSART2ISR@character                          cstackCOMRAM 00005E
rxEUSART2ISR@i                                  bssBANK0     0000DC
rxEUSART2ISR@state                              bssBANK0     0000DB
stackhi                                         (abs)        000000
stacklo                                         (abs)        000000
start                                           init         0000F4
start_initialization                            cinit        002BA4
stoa@F1149                                      dataBANK1    0001B6
stoa@cp                                         cstackBANK0  000093
stoa@fp                                         cstackBANK0  000083
stoa@i                                          cstackBANK0  00008F
stoa@l                                          cstackBANK0  000097
stoa@nuls                                       cstackBANK0  000088
stoa@p                                          cstackBANK0  000095
stoa@s                                          cstackBANK0  000085
stoa@w                                          cstackBANK0  000091
strlen@a                                        cstackBANK0  00007A
strlen@s                                        cstackBANK0  000078
strncmp@_l                                      cstackBANK0  000078
strncmp@_r                                      cstackBANK0  00007A
strncmp@l                                       cstackBANK0  00007F
strncmp@n                                       cstackBANK0  00007C
strncmp@r                                       cstackBANK0  000081
transmitCharacterOverIR@baudRate                cstackBANK0  00007C
transmitCharacterOverIR@letter                  cstackBANK0  00007E
transmitCharacterOverIR@mask                    cstackBANK0  00007F
ttemp5                                          temp         000060
ttemp6                                          temp         000063
ttemp7                                          temp         000067
utoa@d                                          cstackBANK0  000097
utoa@fp                                         cstackBANK0  000095
utoa@i                                          cstackBANK0  0000B3
utoa@n                                          cstackBANK0  0000AB
utoa@p                                          cstackBANK0  0000A7
utoa@w                                          cstackBANK0  0000A9
vfpfcnvrt@ap                                    cstackBANK0  0000BC
vfpfcnvrt@c                                     cstackBANK1  000186
vfpfcnvrt@convarg                               cstackBANK1  00018B
vfpfcnvrt@cp                                    cstackBANK1  000193
vfpfcnvrt@done                                  cstackBANK1  000187
vfpfcnvrt@fmt                                   cstackBANK0  0000BA
vfpfcnvrt@fp                                    cstackBANK0  0000B8
vfprintf@ap                                     cstackBANK0  0000C6
vfprintf@cfmt                                   cstackBANK0  0000C8
vfprintf@fmt                                    cstackBANK0  0000C4
vfprintf@fp                                     cstackBANK0  0000C2
wtemp8                                          temp         000060
xtoa@c                                          cstackBANK0  0000B7
xtoa@d                                          cstackBANK0  000097
xtoa@fp                                         cstackBANK0  000095
xtoa@i                                          cstackBANK0  0000B5
xtoa@n                                          cstackBANK0  0000AD
xtoa@p                                          cstackBANK0  0000A9
xtoa@w                                          cstackBANK0  0000AB


MODULE INFORMATION

Module		Function		Class		Link	Load	Size
C:\Program Files\Microchip\xc8\v2.40\pic\sources\c99\common\nf_fputc.c
		_fputc         		CODE           	2878	0000	152

C:\Program Files\Microchip\xc8\v2.40\pic\sources\c99\common\nf_fputc.c estimated size: 152

mcc_generated_files/eusart2.c
		_EUSART2_Read  		CODE           	2AC8	0000	76
		_EUSART2_SetOverrunErrorHandler		CODE           	3036	0000	10
		_EUSART2_SetErrorHandler		CODE           	304A	0000	10
		_EUSART2_Receive_ISR		CODE           	2650	0000	202
		_EUSART2_RxDataHandler		CODE           	2E16	0000	44
		_EUSART2_DefaultOverrunErrorHandler		CODE           	307C	0000	6
		_EUSART2_Transmit_ISR		CODE           	2C74	0000	66
		_EUSART2_DefaultFramingErrorHandler		CODE           	308E	0000	2
		_EUSART2_SetRxInterruptHandler		CODE           	302C	0000	10
		_EUSART2_SetTxInterruptHandler		CODE           	3022	0000	10
		_EUSART2_is_rx_ready		CODE           	2F9C	0000	24
		_EUSART2_Initialize		CODE           	29A6	0000	128
		_EUSART2_DefaultErrorHandler		CODE           	3082	0000	6
		_EUSART2_SetFramingErrorHandler		CODE           	3040	0000	10

mcc_generated_files/eusart2.c estimated size: 604

C:\Program Files\Microchip\xc8\v2.40\pic\sources\c99\common\isspace.c
		_isspace       		CODE           	2B5C	0000	72

C:\Program Files\Microchip\xc8\v2.40\pic\sources\c99\common\isspace.c estimated size: 72

C:\Program Files\Microchip\xc8\v2.40\pic\sources\c99\common\atoi.c
		_atoi          		CODE           	1AF6	0000	334

C:\Program Files\Microchip\xc8\v2.40\pic\sources\c99\common\atoi.c estimated size: 334

C:\Program Files\Microchip\xc8\v2.40\pic\sources\c99\common\Umul16.c
		___wmul        		CODE           	2E94	0000	40

C:\Program Files\Microchip\xc8\v2.40\pic\sources\c99\common\Umul16.c estimated size: 40

mcc_generated_files/tmr2.c
		_TMR2_Initialize		CODE           	3004	0000	16

mcc_generated_files/tmr2.c estimated size: 16

C:\Program Files\Microchip\xc8\v2.40\pic\sources\c99\common\strncmp.c
		_strncmp       		CODE           	2156	0000	224

C:\Program Files\Microchip\xc8\v2.40\pic\sources\c99\common\strncmp.c estimated size: 224

mcc_generated_files/interrupt_manager.c
		_INTERRUPT_Initialize		CODE           	3088	0000	4
		_INTERRUPT_InterruptManager		CODE           	0008	0000	236

mcc_generated_files/interrupt_manager.c estimated size: 240

mcc_generated_files/epwm2.c
		_EPWM2_LoadDutyValue		CODE           	2D5E	0000	50
		_EPWM2_Initialize		CODE           	2F2C	0000	32

mcc_generated_files/epwm2.c estimated size: 82

C:\Program Files\Microchip\xc8\v2.40\pic\sources\c99\common\printf.c
		_printf        		CODE           	2E6C	0000	40

C:\Program Files\Microchip\xc8\v2.40\pic\sources\c99\common\printf.c estimated size: 40

mcc_generated_files/pin_manager.c
		_PIN_MANAGER_Initialize		CODE           	2DEA	0000	44

mcc_generated_files/pin_manager.c estimated size: 44

C:\Program Files\Microchip\xc8\v2.40\pic\sources\c99\common\isdigit.c
		_isdigit       		CODE           	2D90	0000	46

C:\Program Files\Microchip\xc8\v2.40\pic\sources\c99\common\isdigit.c estimated size: 46

C:\Program Files\Microchip\xc8\v2.40\pic\sources\c99\common\nf_fputs.c
		_fputs         		CODE           	2B14	0000	72

C:\Program Files\Microchip\xc8\v2.40\pic\sources\c99\common\nf_fputs.c estimated size: 72

C:\Program Files\Microchip\xc8\v2.40\pic\sources\c99\common\lomod.c
		___lomod       		CODE           	2314	0000	210

C:\Program Files\Microchip\xc8\v2.40\pic\sources\c99\common\lomod.c estimated size: 210

C:\Program Files\Microchip\xc8\v2.40\pic\sources\c99\common\strlen.c
		_strlen        		CODE           	2CB6	0000	58

C:\Program Files\Microchip\xc8\v2.40\pic\sources\c99\common\strlen.c estimated size: 58

shared
		i2_printf      		CODE           	2EBC	0000	40
		i2_vfpfcnvrt   		CODE           	0C0C	0000	1102
		i2_pad         		CODE           	27CA	0000	174
		i2_atoi        		CODE           	1C44	0000	330
		i2_stoa        		CODE           	1978	0000	382
		i2_putch       		CODE           	3072	0000	10
		i2_isspace     		CODE           	2CF0	0000	56
		i2_utoa        		CODE           	1258	0000	508
		i2_strncmp     		CODE           	2236	0000	222
		i2_vfprintf    		CODE           	2A78	0000	80
		i2_isdigit     		CODE           	308C	0000	2
		i2_xtoa        		CODE           	1624	0000	464
		i2_ctoa        		CODE           	2584	0000	204
		i2___wmul      		CODE           	2EE4	0000	38
		__initialization		CODE           	2BA4	0000	56
		i2___lodiv     		CODE           	2066	0000	240
		i2_EUSART1_Write		CODE           	2FB4	0000	22
		i2___lomod     		CODE           	23E6	0000	208
		i2_fputc       		CODE           	2910	0000	150
		i2_fputs       		CODE           	2C30	0000	68
		i2_strlen      		CODE           	2D28	0000	54

shared estimated size: 4410

mcc_generated_files/eusart1.c
		_EUSART1_is_rx_ready		CODE           	2FDE	0000	20
		_EUSART1_Initialize		CODE           	2BEA	0000	70
		_putch         		CODE           	3014	0000	14
		_EUSART1_SetFramingErrorHandler		CODE           	305E	0000	10
		_EUSART1_Read  		CODE           	2E42	0000	42
		_EUSART1_SetOverrunErrorHandler		CODE           	3054	0000	10
		_EUSART1_SetErrorHandler		CODE           	3068	0000	10
		_EUSART1_Write 		CODE           	2F84	0000	24

mcc_generated_files/eusart1.c estimated size: 200

mcc_generated_files/mcc.c
		_OSCILLATOR_Initialize		CODE           	2F68	0000	28
		_SYSTEM_Initialize		CODE           	2F0A	0000	34

mcc_generated_files/mcc.c estimated size: 62

mcc_generated_files/tmr1.c
		_TMR1_Initialize		CODE           	2F4C	0000	28
		_TMR1_WriteTimer		CODE           	2DBE	0000	44
		_TMR1_HasOverflowOccured		CODE           	2FCA	0000	20

mcc_generated_files/tmr1.c estimated size: 92

C:\Program Files\Microchip\xc8\v2.40\pic\sources\c99\common\doprnt.c
		_vfpfcnvrt     		CODE           	07A4	0000	1128
		_pad           		CODE           	271A	0000	176
		_ctoa          		CODE           	24B6	0000	206
		_vfprintf      		CODE           	2A26	0000	82
		_stoa          		CODE           	17F4	0000	388
		_utoa          		CODE           	105A	0000	510
		_xtoa          		CODE           	1454	0000	464

C:\Program Files\Microchip\xc8\v2.40\pic\sources\c99\common\doprnt.c estimated size: 2954

main.c
		_rxEUSART2ISR  		CODE           	1F76	0000	240
		_main          		CODE           	00F8	0000	1708
		_transmitCharacterOverIR		CODE           	1D8E	0000	246

main.c estimated size: 2194

C:\Program Files\Microchip\xc8\v2.40\pic\sources\c99\common\lodiv.c
		___lodiv       		CODE           	1E84	0000	242

C:\Program Files\Microchip\xc8\v2.40\pic\sources\c99\common\lodiv.c estimated size: 242

