Microchip MPLAB XC8 Compiler V2.40

Linker command line:

-W-3 \
  --edf=C:/Users/JackPaul/.mchp_packs/Microchip/PIC18F-K_DFP/1.8.249/xc8\pic\dat\20230209213641_en.msgs \
  -cn -h+dist/default/production\lab11.X.production.sym \
  --cmf=dist/default/production\lab11.X.production.cmf -z -Q18F25K22 \
  -oC:\Users\JackPaul\AppData\Local\Temp\xcAsv2g.4 --defsym=__MPLAB_BUILD=1 \
  --fixupoverflow=error -Mdist/default/production/lab11.X.production.map \
  --md=C:\Users\JackPaul\AppData\Local\Temp\xcAsv2g.dat -E1 \
  -ver=XC8 Compiler --acfsm=1493 -ACODE=00h-07FFFh -ACONST=00h-07FFFh \
  -ASMALLCONST=0600h-06FFhx122 -AMEDIUMCONST=0600h-07FFFh -ACOMRAM=01h-05Fh \
  -AABS1=00h-05FFh -ABIGRAM=01h-05FFh -ARAM=060h-0FFh,0100h-01FFhx5 \
  -ABANK0=060h-0FFh -ABANK1=0100h-01FFh -ABANK2=0200h-02FFh \
  -ABANK3=0300h-03FFh -ABANK4=0400h-04FFh -ABANK5=0500h-05FFh \
  -ASFR=0F38h-0F5Fh,0F60h-0FFFh -ABIGSFR=0F38h-0FFFh \
  -ACONFIG=0300000h-030000Dh -AIDLOC=0200000h-0200007h \
  -AEEDATA=0F00000h-0F000FFh -peeprom_data=EEDATA \
  -preset_vec=00h,intcode=08h,intcodelo,powerup,init -pramtop=0600h \
  -psmallconst=SMALLCONST -pmediumconst=MEDIUMCONST -pconst=CONST \
  -AFARRAM=00h-00h \
  -prdata=COMRAM,nvrram=COMRAM,nvbit=COMRAM,rbss=COMRAM,rbit=COMRAM \
  -pfarbss=FARRAM,fardata=FARRAM,nvFARRAM=FARRAM \
  -pintsave_regs=BIGRAM,bigbss=BIGRAM,bigdata=BIGRAM -pbss=RAM \
  -pidata=CODE,irdata=CODE,ibigdata=CODE,ifardata=CODE -prparam=COMRAM \
  C:\Users\JackPaul\AppData\Local\Temp\xcAsv2g.o \
  dist/default/production\lab11.X.production.o 

Object code version is 3.11

Machine type is 18F25K22



                Name                               Link     Load   Length Selector   Space Scale
C:\Users\JackPaul\AppData\Local\Temp\xcAsv2g.o
                idloc                            200000   200000        8        0       5
                config                           300000   300000        E        0       4
                init                                 5E       5E        4        4       0
                reset_vec                             0        0        4        0       0
dist/default/production\lab11.X.production.o
                intcode                               8        8       56        4       0
                idloc                            200000   200000        8        0       5
                config                           300000   300000        E        0       4
                temp                                 50       50        1        1       1
                mediumconst                        7BEE     7BEE      412     3DF7       0
                text40                             115C     115C       30        4       0
                text39                             1358     1358        A        4       0
                text38                             1366     1366        2        4       0
                text37                              DEE      DEE       7E        4       0
                text36                             10BE     10BE       38        4       0
                text34                             112C     112C       30        4       0
                text33                             12F8     12F8       14        4       0
                text32                             1276     1276       20        4       0
                text31                             134E     134E        A        4       0
                text30                             1344     1344        A        4       0
                text29                             133A     133A        A        4       0
                text28                             1080     1080       3E        4       0
                text27                             1362     1362        4        4       0
                text26                             12B2     12B2       1C        4       0
                text25                             118C     118C       2A        4       0
                text24                             1330     1330        A        4       0
                text23                             10F6     10F6       36        4       0
                text22                             1296     1296       1C        4       0
                text21                             130C     130C       10        4       0
                text20                             1254     1254       22        4       0
                text19                             1326     1326        A        4       0
                text18                             12E4     12E4       14        4       0
                text17                             1206     1206       28        4       0
                text16                             11DE     11DE       28        4       0
                text15                              EE6      EE6       6A        4       0
                text14                             122E     122E       26        4       0
                text13                             12CE     12CE       16        4       0
                text12                             131C     131C        A        4       0
                text11                              D58      D58       96        4       0
                text10                              CBE      CBE       9A        4       0
                text9                               AFE      AFE       F0        4       0
                text8                               BEE      BEE       D0        4       0
                text7                               FFA      FFA       44        4       0
                text6                               E6C      E6C       7A        4       0
                text5                               77A      77A      1C6        4       0
                text4                               5AA      5AA      1D0        4       0
                text3                               FA8      FA8       52        4       0
                text2                              11B6     11B6       28        4       0
                text1                               940      940      1BE        4       0
                text0                                62       62      548        4       0
                cstackCOMRAM                          1        1       41        1       1
                cstackBANK0                          A2       A2       34       60       1
                cstackBANK1                         100      100        C      100       1
                dataBANK0                            60       60       42       60       1
                bssBANK0                             D6       D6       29       60       1
                dataCOMRAM                           4F       4F        1        1       1
                bssCOMRAM                            42       42        D        1       1
                cinit                               F50      F50       58        4       0
                idataBANK0                         103E     103E       42        4       0
                idataCOMRAM                        1368     1368        1        4       0

TOTAL           Name                               Link     Load   Length     Space
        CLASS   CODE           
                intcode                               8        8       56         0
                init                                 5E       5E        4         0
                reset_vec                             0        0        4         0
                text40                             115C     115C       30         0
                text39                             1358     1358        A         0
                text38                             1366     1366        2         0
                text37                              DEE      DEE       7E         0
                text36                             10BE     10BE       38         0
                text34                             112C     112C       30         0
                text33                             12F8     12F8       14         0
                text32                             1276     1276       20         0
                text31                             134E     134E        A         0
                text30                             1344     1344        A         0
                text29                             133A     133A        A         0
                text28                             1080     1080       3E         0
                text27                             1362     1362        4         0
                text26                             12B2     12B2       1C         0
                text25                             118C     118C       2A         0
                text24                             1330     1330        A         0
                text23                             10F6     10F6       36         0
                text22                             1296     1296       1C         0
                text21                             130C     130C       10         0
                text20                             1254     1254       22         0
                text19                             1326     1326        A         0
                text18                             12E4     12E4       14         0
                text17                             1206     1206       28         0
                text16                             11DE     11DE       28         0
                text15                              EE6      EE6       6A         0
                text14                             122E     122E       26         0
                text13                             12CE     12CE       16         0
                text12                             131C     131C        A         0
                text11                              D58      D58       96         0
                text10                              CBE      CBE       9A         0
                text9                               AFE      AFE       F0         0
                text8                               BEE      BEE       D0         0
                text7                               FFA      FFA       44         0
                text6                               E6C      E6C       7A         0
                text5                               77A      77A      1C6         0
                text4                               5AA      5AA      1D0         0
                text3                               FA8      FA8       52         0
                text2                              11B6     11B6       28         0
                text1                               940      940      1BE         0
                text0                                62       62      548         0
                cinit                               F50      F50       58         0
                idataBANK0                         103E     103E       42         0
                idataCOMRAM                        1368     1368        1         0

        CLASS   CONST          

        CLASS   SMALLCONST     

        CLASS   MEDIUMCONST    
                mediumconst                        7BEE     7BEE      412         0

        CLASS   COMRAM         
                temp                                 50       50        1         1
                cstackCOMRAM                          1        1       41         1
                dataCOMRAM                           4F       4F        1         1
                bssCOMRAM                            42       42        D         1

        CLASS   ABS1           

        CLASS   BIGRAM         

        CLASS   RAM            

        CLASS   BANK0          
                cstackBANK0                          A2       A2       34         1
                dataBANK0                            60       60       42         1
                bssBANK0                             D6       D6       29         1

        CLASS   BANK1          
                cstackBANK1                         100      100        C         1

        CLASS   BANK2          

        CLASS   BANK3          

        CLASS   BANK4          

        CLASS   BANK5          

        CLASS   SFR            

        CLASS   BIGSFR         

        CLASS   CONFIG         
                config                           300000   300000        E         4

        CLASS   IDLOC          
                idloc                            200000   200000        8         5

        CLASS   EEDATA         

        CLASS   FARRAM         

        CLASS   HEAP           

        CLASS   STACK          



SEGMENTS        Name                           Load    Length   Top    Selector   Space  Class

                reset_vec                      000000  000004  000004         0       0  CODE    
                cstackCOMRAM                   000001  000050  000051         1       1  COMRAM  
                intcode                        000008  001361  001369         4       0  CODE    
                dataBANK0                      000060  00009F  0000FF        60       1  BANK0   
                cstackBANK1                    000100  00000C  00010C       100       1  BANK1   
                mediumconst                    007BEE  000412  008000      3DF7       0  MEDIUMCO


UNUSED ADDRESS RANGES

        Name                Unused          Largest block    Delta
        BANK0            0000FF-0000FF                1
        BANK1            00010C-0001FF               F4
        BANK2            000200-0002FF              100
        BANK3            000300-0003FF              100
        BANK4            000400-0004FF              100
        BANK5            000500-0005FF              100
        BIGRAM           000051-00005F                F
                         0000FF-0000FF                1
                         00010C-0005FF              4F4
        BIGSFR           000F38-000FFF               C8
        CODE             000004-000007                4
                         001369-007BED             6885
        COMRAM           000051-00005F                F
        CONST            000004-000007                4
                         001369-007BED             6885
        EEDATA           F00000-F000FF              100
        MEDIUMCONST      001369-007BED             6885
        RAM              0000FF-0000FF                1
                         00010C-0005FF              100
        SFR              000F38-000FFF               28
        SMALLCONST       001369-007BED              100

                                  Symbol Table

?___lmul                                        cstackCOMRAM 00000F
?___lodiv                                       cstackCOMRAM 00000F
?___lomod                                       cstackCOMRAM 00000F
?___wmul                                        cstackCOMRAM 00000F
?_printf                                        cstackBANK0  0000C9
?_read16bit                                     cstackBANK0  0000CF
?_vfprintf                                      cstackBANK0  0000C1
EPWM1_LoadDutyValue@dutyValue                   cstackCOMRAM 00000F
EUSART1_SetErrorHandler@interruptHandler        cstackCOMRAM 00000F
EUSART1_SetFramingErrorHandler@interruptHandler cstackCOMRAM 00000F
EUSART1_SetOverrunErrorHandler@interruptHandler cstackCOMRAM 00000F
EUSART1_Write@txData                            cstackCOMRAM 00000F
TMR0_SetInterruptHandler@InterruptHandler       cstackCOMRAM 00000F
TMR0_WriteTimer@timerVal                        cstackCOMRAM 00000F
TMR1_WriteTimer@timerVal                        cstackCOMRAM 00000F
_ANSELA                                         (abs)        000F38
_ANSELB                                         (abs)        000F39
_ANSELC                                         (abs)        000F3A
_BAUDCON1                                       (abs)        000FB8
_CCP1CON                                        (abs)        000FBD
_CCPR1H                                         (abs)        000FBF
_CCPR1L                                         (abs)        000FBE
_CCPTMRS0bits                                   (abs)        000F49
_ECCP1AS                                        (abs)        000FB6
_EPWM1_Initialize                               text32       001276
_EPWM1_LoadDutyValue                            text34       00112C
_EUSART1_DefaultErrorHandler                    (abs)        000000
_EUSART1_DefaultFramingErrorHandler             (abs)        000000
_EUSART1_DefaultOverrunErrorHandler             (abs)        000000
_EUSART1_ErrorHandler                           bssBANK0     0000D8
_EUSART1_FramingErrorHandler                    bssBANK0     0000DC
_EUSART1_Initialize                             text28       001080
_EUSART1_OverrunErrorHandler                    bssBANK0     0000DA
_EUSART1_Read                                   text16       0011DE
_EUSART1_SetErrorHandler                        text31       00134E
_EUSART1_SetFramingErrorHandler                 text30       001344
_EUSART1_SetOverrunErrorHandler                 text29       00133A
_EUSART1_Write                                  text13       0012CE
_EUSART1_is_rx_ready                            text33       0012F8
_INTCON2bits                                    (abs)        000FF1
_INTCONbits                                     (abs)        000FF2
_INTERRUPT_Initialize                           text27       001362
_INTERRUPT_InterruptManager                     intcode      000008
_LATA                                           (abs)        000F89
_LATB                                           (abs)        000F8A
_LATC                                           (abs)        000F8B
_OSCCON                                         (abs)        000FD3
_OSCCON2                                        (abs)        000FD2
_OSCILLATOR_Initialize                          text26       0012B2
_OSCTUNE                                        (abs)        000F9B
_PIN_MANAGER_Initialize                         text25       00118C
_PIR1bits                                       (abs)        000F9E
_PLLRDY                                         (abs)        007E97
_PR2                                            (abs)        000FBB
_PSTR1CON                                       (abs)        000FB9
_PWM1CON                                        (abs)        000FB7
_RCONbits                                       (abs)        000FD0
_RCREG1                                         (abs)        000FAE
_RCSTA1                                         (abs)        000FAB
_RCSTA1bits                                     (abs)        000FAB
_SPBRG1                                         (abs)        000FAF
_SPBRGH1                                        (abs)        000FB0
_SYSTEM_Initialize                              text20       001254
_T0CON                                          (abs)        000FD5
_T0CONbits                                      (abs)        000FD5
_T1CON                                          (abs)        000FCD
_T1CONbits                                      (abs)        000FCD
_T1GCON                                         (abs)        000FCC
_T1GCONbits                                     (abs)        000FCC
_T2CON                                          (abs)        000FBA
_T2CONbits                                      (abs)        000FBA
_TMR0H                                          (abs)        000FD7
_TMR0ISR                                        text37       000DEE
_TMR0L                                          (abs)        000FD6
_TMR0_DefaultInterruptHandler                   text38       001366
_TMR0_ISR                                       text36       0010BE
_TMR0_Initialize                                text23       0010F6
_TMR0_InterruptHandler                          bssCOMRAM    00004A
_TMR0_SetInterruptHandler                       text24       001330
_TMR0_WriteTimer                                text19       001326
_TMR1                                           (abs)        000FCE
_TMR1H                                          (abs)        000FCF
_TMR1L                                          (abs)        000FCE
_TMR1_HasOverflowOccured                        text18       0012E4
_TMR1_Initialize                                text22       001296
_TMR1_WriteTimer                                text17       001206
_TMR2                                           (abs)        000FBC
_TMR2_Initialize                                text21       00130C
_TRISA                                          (abs)        000F92
_TRISB                                          (abs)        000F93
_TRISC                                          (abs)        000F94
_TXREG1                                         (abs)        000FAD
_TXSTA1                                         (abs)        000FAC
_TXSTA1bits                                     (abs)        000FAC
_WPUB                                           (abs)        000F61
__HRAM                                          (abs)        000000
__Habs1                                         abs1         000000
__Hbank0                                        bank0        000000
__Hbank1                                        bank1        000000
__Hbank2                                        bank2        000000
__Hbank3                                        bank3        000000
__Hbank4                                        bank4        000000
__Hbank5                                        bank5        000000
__Hbigbss                                       bigbss       000000
__Hbigdata                                      bigdata      000000
__Hbigram                                       bigram       000000
__Hbigsfr                                       bigsfr       000000
__Hbss                                          bss          000000
__HbssBANK0                                     bssBANK0     000000
__HbssCOMRAM                                    bssCOMRAM    000000
__Hcinit                                        cinit        000000
__Hclrtext                                      clrtext      000000
__Hcomram                                       comram       000000
__Hconfig                                       config       30000E
__Hconst                                        const        000000
__HcstackBANK0                                  cstackBANK0  000000
__HcstackBANK1                                  cstackBANK1  000000
__HcstackCOMRAM                                 cstackCOMRAM 000000
__Hdata                                         data         000000
__HdataBANK0                                    dataBANK0    000000
__HdataCOMRAM                                   dataCOMRAM   000000
__Heeprom_data                                  eeprom_data  000000
__Hfarbss                                       farbss       000000
__Hfardata                                      fardata      000000
__Hheap                                         heap         000000
__Hibigdata                                     ibigdata     000000
__Hidata                                        idata        000000
__HidataBANK0                                   idataBANK0   000000
__HidataCOMRAM                                  idataCOMRAM  000000
__Hidloc                                        idloc        200008
__Hifardata                                     ifardata     000000
__Hinit                                         init         000062
__Hintcode                                      intcode      00005E
__Hintcode_body                                 intcode_body 000000
__Hintcodelo                                    intcodelo    00005E
__Hintentry                                     intentry     000000
__Hintret                                       intret       000000
__Hintsave_regs                                 intsave_regs 000000
__Hirdata                                       irdata       000000
__Hmediumconst                                  mediumconst  008000
__HnvFARRAM                                     nvFARRAM     000000
__Hnvbit                                        nvbit        000000
__Hnvrram                                       nvrram       000000
__Hparam                                        rparam       000000
__Hpowerup                                      powerup      00005E
__Hram                                          ram          000000
__Hramtop                                       ramtop       000600
__Hrbit                                         rbit         000000
__Hrbss                                         rbss         000000
__Hrdata                                        rdata        000000
__Hreset_vec                                    reset_vec    000004
__Hrparam                                       rparam       000000
__Hsfr                                          sfr          000000
__Hsmallconst                                   smallconst   000000
__Hspace_0                                      (abs)        008000
__Hspace_1                                      (abs)        00010C
__Hspace_2                                      (abs)        000000
__Hspace_4                                      (abs)        60000E
__Hstack                                        stack        000000
__Hstruct                                       struct       000000
__Htemp                                         temp         000051
__Htext                                         text         000000
__Htext0                                        text0        000000
__Htext1                                        text1        000000
__Htext10                                       text10       000000
__Htext11                                       text11       000000
__Htext12                                       text12       000000
__Htext13                                       text13       000000
__Htext14                                       text14       000000
__Htext15                                       text15       000000
__Htext16                                       text16       000000
__Htext17                                       text17       000000
__Htext18                                       text18       000000
__Htext19                                       text19       000000
__Htext2                                        text2        000000
__Htext20                                       text20       000000
__Htext21                                       text21       000000
__Htext22                                       text22       000000
__Htext23                                       text23       000000
__Htext24                                       text24       000000
__Htext25                                       text25       000000
__Htext26                                       text26       000000
__Htext27                                       text27       000000
__Htext28                                       text28       000000
__Htext29                                       text29       000000
__Htext3                                        text3        000000
__Htext30                                       text30       000000
__Htext31                                       text31       000000
__Htext32                                       text32       000000
__Htext33                                       text33       000000
__Htext34                                       text34       000000
__Htext36                                       text36       000000
__Htext37                                       text37       000000
__Htext38                                       text38       000000
__Htext39                                       text39       000000
__Htext4                                        text4        000000
__Htext40                                       text40       000000
__Htext41                                       text41       000000
__Htext5                                        text5        000000
__Htext6                                        text6        000000
__Htext7                                        text7        000000
__Htext8                                        text8        000000
__Htext9                                        text9        000000
__LRAM                                          (abs)        000001
__Labs1                                         abs1         000000
__Lbank0                                        bank0        000000
__Lbank1                                        bank1        000000
__Lbank2                                        bank2        000000
__Lbank3                                        bank3        000000
__Lbank4                                        bank4        000000
__Lbank5                                        bank5        000000
__Lbigbss                                       bigbss       000000
__Lbigdata                                      bigdata      000000
__Lbigram                                       bigram       000000
__Lbigsfr                                       bigsfr       000000
__Lbss                                          bss          000000
__LbssBANK0                                     bssBANK0     000000
__LbssCOMRAM                                    bssCOMRAM    000000
__Lcinit                                        cinit        000000
__Lclrtext                                      clrtext      000000
__Lcomram                                       comram       000000
__Lconfig                                       config       000000
__Lconst                                        const        000000
__LcstackBANK0                                  cstackBANK0  000000
__LcstackBANK1                                  cstackBANK1  000000
__LcstackCOMRAM                                 cstackCOMRAM 000000
__Ldata                                         data         000000
__LdataBANK0                                    dataBANK0    000000
__LdataCOMRAM                                   dataCOMRAM   000000
__Leeprom_data                                  eeprom_data  000000
__Lfarbss                                       farbss       000000
__Lfardata                                      fardata      000000
__Lheap                                         heap         000000
__Libigdata                                     ibigdata     000000
__Lidata                                        idata        000000
__LidataBANK0                                   idataBANK0   000000
__LidataCOMRAM                                  idataCOMRAM  000000
__Lidloc                                        idloc        000000
__Lifardata                                     ifardata     000000
__Linit                                         init         00005E
__Lintcode                                      intcode      000008
__Lintcode_body                                 intcode_body 000000
__Lintcodelo                                    intcodelo    00005E
__Lintentry                                     intentry     000000
__Lintret                                       intret       000000
__Lintsave_regs                                 intsave_regs 000000
__Lirdata                                       irdata       000000
__Lmediumconst                                  mediumconst  007BEE
__LnvFARRAM                                     nvFARRAM     000000
__Lnvbit                                        nvbit        000000
__Lnvrram                                       nvrram       000000
__Lparam                                        rparam       000000
__Lpowerup                                      powerup      00005E
__Lram                                          ram          000000
__Lramtop                                       ramtop       000600
__Lrbit                                         rbit         000000
__Lrbss                                         rbss         000000
__Lrdata                                        rdata        000000
__Lreset_vec                                    reset_vec    000000
__Lrparam                                       rparam       000000
__Lsfr                                          sfr          000000
__Lsmallconst                                   smallconst   000000
__Lspace_0                                      (abs)        000000
__Lspace_1                                      (abs)        000000
__Lspace_2                                      (abs)        000000
__Lspace_4                                      (abs)        000000
__Lstack                                        stack        000000
__Lstruct                                       struct       000000
__Ltemp                                         temp         000050
__Ltext                                         text         000000
__Ltext0                                        text0        000000
__Ltext1                                        text1        000000
__Ltext10                                       text10       000000
__Ltext11                                       text11       000000
__Ltext12                                       text12       000000
__Ltext13                                       text13       000000
__Ltext14                                       text14       000000
__Ltext15                                       text15       000000
__Ltext16                                       text16       000000
__Ltext17                                       text17       000000
__Ltext18                                       text18       000000
__Ltext19                                       text19       000000
__Ltext2                                        text2        000000
__Ltext20                                       text20       000000
__Ltext21                                       text21       000000
__Ltext22                                       text22       000000
__Ltext23                                       text23       000000
__Ltext24                                       text24       000000
__Ltext25                                       text25       000000
__Ltext26                                       text26       000000
__Ltext27                                       text27       000000
__Ltext28                                       text28       000000
__Ltext29                                       text29       000000
__Ltext3                                        text3        000000
__Ltext30                                       text30       000000
__Ltext31                                       text31       000000
__Ltext32                                       text32       000000
__Ltext33                                       text33       000000
__Ltext34                                       text34       000000
__Ltext36                                       text36       000000
__Ltext37                                       text37       000000
__Ltext38                                       text38       000000
__Ltext39                                       text39       000000
__Ltext4                                        text4        000000
__Ltext40                                       text40       000000
__Ltext41                                       text41       000000
__Ltext5                                        text5        000000
__Ltext6                                        text6        000000
__Ltext7                                        text7        000000
__Ltext8                                        text8        000000
__Ltext9                                        text9        000000
__S0                                            (abs)        008000
__S1                                            (abs)        00010C
__S4                                            (abs)        000000
__S5                                            (abs)        000000
___heap_hi                                      (abs)        000000
___heap_lo                                      (abs)        000000
___inthi_sp                                     stack        000000
___intlo_sp                                     stack        000000
___lmul                                         text15       000EE6
___lmul@multiplicand                            cstackCOMRAM 000013
___lmul@multiplier                              cstackCOMRAM 00000F
___lmul@product                                 cstackCOMRAM 000017
___lodiv                                        text9        000AFE
___lodiv@counter                                cstackCOMRAM 000027
___lodiv@dividend                               cstackCOMRAM 00000F
___lodiv@divisor                                cstackCOMRAM 000017
___lodiv@quotient                               cstackCOMRAM 00001F
___lomod                                        text8        000BEE
___lomod@counter                                cstackCOMRAM 00001F
___lomod@dividend                               cstackCOMRAM 00000F
___lomod@divisor                                cstackCOMRAM 000017
___param_bank                                   (abs)        000000
___rparam_used                                  (abs)        000001
___sp                                           stack        000000
___wmul                                         text14       00122E
___wmul@multiplicand                            cstackCOMRAM 000011
___wmul@multiplier                              cstackCOMRAM 00000F
___wmul@product                                 cstackCOMRAM 000013
__accesstop                                     (abs)        000060
__activetblptr                                  (abs)        000002
__end_of_EPWM1_Initialize                       text32       001296
__end_of_EPWM1_LoadDutyValue                    text34       00115C
__end_of_EUSART1_Initialize                     text28       0010BE
__end_of_EUSART1_Read                           text16       001206
__end_of_EUSART1_SetErrorHandler                text31       001358
__end_of_EUSART1_SetFramingErrorHandler         text30       00134E
__end_of_EUSART1_SetOverrunErrorHandler         text29       001344
__end_of_EUSART1_Write                          text13       0012E4
__end_of_EUSART1_is_rx_ready                    text33       00130C
__end_of_INTERRUPT_Initialize                   text27       001366
__end_of_INTERRUPT_InterruptManager             intcode      00005E
__end_of_OSCILLATOR_Initialize                  text26       0012CE
__end_of_PIN_MANAGER_Initialize                 text25       0011B6
__end_of_SYSTEM_Initialize                      text20       001276
__end_of_TMR0ISR                                text37       000E6C
__end_of_TMR0_DefaultInterruptHandler           text38       001368
__end_of_TMR0_ISR                               text36       0010F6
__end_of_TMR0_Initialize                        text23       00112C
__end_of_TMR0_SetInterruptHandler               text24       00133A
__end_of_TMR0_WriteTimer                        text19       001330
__end_of_TMR1_HasOverflowOccured                text18       0012F8
__end_of_TMR1_Initialize                        text22       0012B2
__end_of_TMR1_WriteTimer                        text17       00122E
__end_of_TMR2_Initialize                        text21       00131C
__end_of___lmul                                 text15       000F50
__end_of___lodiv                                text9        000BEE
__end_of___lomod                                text8        000CBE
__end_of___wmul                                 text14       001254
__end_of__initialization                        cinit        000F9A
__end_of_ctoa                                   text10       000D58
__end_of_fputc                                  text11       000DEE
__end_of_fputs                                  text7        00103E
__end_of_main                                   text0        0005AA
__end_of_pad                                    text6        000EE6
__end_of_printf                                 text2        0011DE
__end_of_putch                                  text12       001326
__end_of_read16bit                              text1        000AFE
__end_of_utoa                                   text5        000940
__end_of_vfpfcnvrt                              text4        00077A
__end_of_vfprintf                               text3        000FFA
__end_ofi2_EPWM1_LoadDutyValue                  text40       00118C
__end_ofi2_TMR0_WriteTimer                      text39       001362
__initialization                                cinit        000F50
__mediumconst                                   mediumconst  007BEE
__pbssBANK0                                     bssBANK0     0000D6
__pbssCOMRAM                                    bssCOMRAM    000042
__pcinit                                        cinit        000F50
__pcstackBANK0                                  cstackBANK0  0000A2
__pcstackBANK1                                  cstackBANK1  000100
__pcstackCOMRAM                                 cstackCOMRAM 000001
__pdataBANK0                                    dataBANK0    000060
__pdataCOMRAM                                   dataCOMRAM   00004F
__pidataBANK0                                   idataBANK0   00103E
__pidataCOMRAM                                  idataCOMRAM  001368
__pintcode                                      intcode      000008
__pmediumconst                                  mediumconst  007BEE
__ptext0                                        text0        000062
__ptext1                                        text1        000940
__ptext10                                       text10       000CBE
__ptext11                                       text11       000D58
__ptext12                                       text12       00131C
__ptext13                                       text13       0012CE
__ptext14                                       text14       00122E
__ptext15                                       text15       000EE6
__ptext16                                       text16       0011DE
__ptext17                                       text17       001206
__ptext18                                       text18       0012E4
__ptext19                                       text19       001326
__ptext2                                        text2        0011B6
__ptext20                                       text20       001254
__ptext21                                       text21       00130C
__ptext22                                       text22       001296
__ptext23                                       text23       0010F6
__ptext24                                       text24       001330
__ptext25                                       text25       00118C
__ptext26                                       text26       0012B2
__ptext27                                       text27       001362
__ptext28                                       text28       001080
__ptext29                                       text29       00133A
__ptext3                                        text3        000FA8
__ptext30                                       text30       001344
__ptext31                                       text31       00134E
__ptext32                                       text32       001276
__ptext33                                       text33       0012F8
__ptext34                                       text34       00112C
__ptext36                                       text36       0010BE
__ptext37                                       text37       000DEE
__ptext38                                       text38       001366
__ptext39                                       text39       001358
__ptext4                                        text4        0005AA
__ptext40                                       text40       00115C
__ptext41                                       text41       000000
__ptext5                                        text5        00077A
__ptext6                                        text6        000E6C
__ptext7                                        text7        000FFA
__ptext8                                        text8        000BEE
__ptext9                                        text9        000AFE
__ramtop                                        ramtop       000600
__smallconst                                    smallconst   000000
_amplitude                                      dataCOMRAM   00004F
_ctoa                                           text10       000CBE
_dbuf                                           bssBANK0     0000DF
_eusart1RxLastError                             bssCOMRAM    00004E
_flags                                          bssBANK0     0000DE
_fputc                                          text11       000D58
_fputs                                          text7        000FFA
_gensin                                         bssCOMRAM    00004D
_main                                           text0        000062
_pad                                            text6        000E6C
_phase                                          bssCOMRAM    00004C
_phaseAccumulator                               bssBANK0     0000D6
_phaseIncrement                                 dataBANK0    0000A0
_prec                                           bssCOMRAM    000044
_printf                                         text2        0011B6
_putch                                          text12       00131C
_read16bit                                      text1        000940
_sin                                            dataBANK0    000060
_timer0ReloadVal                                bssCOMRAM    000048
_timer1ReloadVal                                bssCOMRAM    000046
_utoa                                           text5        00077A
_vfpfcnvrt                                      text4        0005AA
_vfprintf                                       text3        000FA8
_width                                          bssCOMRAM    000042
btemp                                           temp         000050
ctoa@c                                          cstackCOMRAM 00001C
ctoa@fp                                         cstackCOMRAM 00001A
ctoa@l                                          cstackCOMRAM 00001E
ctoa@w                                          cstackCOMRAM 000020
end_of_initialization                           cinit        000F9A
fputc@c                                         cstackCOMRAM 000011
fputc@fp                                        cstackCOMRAM 000013
fputs@c                                         cstackCOMRAM 00001E
fputs@fp                                        cstackCOMRAM 00001C
fputs@i                                         cstackCOMRAM 00001F
fputs@s                                         cstackCOMRAM 00001A
i2EPWM1_LoadDutyValue@dutyValue                 cstackCOMRAM 000001
i2TMR0_WriteTimer@timerVal                      cstackCOMRAM 000001
i2_EPWM1_LoadDutyValue                          text40       00115C
i2_TMR0_WriteTimer                              text39       001358
int$flags                                       temp         000050
intlevel0                                       text         000000
intlevel1                                       text         000000
intlevel2                                       text         000000
intlevel3                                       text         000000
isa$std                                         (abs)        000001
isa$xinst                                       (abs)        000000
main@cmd                                        cstackBANK1  000108
main@endSweep                                   cstackBANK1  000109
main@history                                    cstackBANK1  000102
main@i                                          cstackBANK1  00010B
main@startSweep                                 cstackBANK1  000106
main@sweepPeriod                                cstackBANK1  000104
pad@buf                                         cstackCOMRAM 000023
pad@fp                                          cstackCOMRAM 000021
pad@i                                           cstackCOMRAM 000028
pad@p                                           cstackCOMRAM 000025
pad@w                                           cstackCOMRAM 00002A
printf@ap                                       cstackBANK0  0000CD
printf@fmt                                      cstackBANK0  0000C9
putch@txData                                    cstackCOMRAM 000010
read16bit@character                             cstackBANK0  0000D3
read16bit@digit                                 cstackBANK0  0000D2
read16bit@i                                     cstackBANK0  0000D1
read16bit@maxValue                              cstackBANK0  0000CF
read16bit@numb                                  cstackBANK0  0000D4
stackhi                                         (abs)        000000
stacklo                                         (abs)        000000
start                                           init         00005E
start_initialization                            cinit        000F50
ttemp5                                          temp         000051
ttemp6                                          temp         000054
ttemp7                                          temp         000058
utoa@d                                          cstackCOMRAM 00002E
utoa@fp                                         cstackCOMRAM 00002C
utoa@i                                          cstackBANK0  0000AE
utoa@n                                          cstackBANK0  0000A6
utoa@p                                          cstackBANK0  0000A4
utoa@w                                          cstackBANK0  0000A2
vfpfcnvrt@ap                                    cstackBANK0  0000B4
vfpfcnvrt@c                                     cstackBANK0  0000BE
vfpfcnvrt@convarg                               cstackBANK0  0000B6
vfpfcnvrt@cp                                    cstackBANK0  0000BF
vfpfcnvrt@fmt                                   cstackBANK0  0000B2
vfpfcnvrt@fp                                    cstackBANK0  0000B0
vfprintf@ap                                     cstackBANK0  0000C5
vfprintf@cfmt                                   cstackBANK0  0000C7
vfprintf@fmt                                    cstackBANK0  0000C3
vfprintf@fp                                     cstackBANK0  0000C1
wtemp8                                          temp         000051


MODULE INFORMATION

Module		Function		Class		Link	Load	Size
C:\Program Files\Microchip\xc8\v2.40\pic\sources\c99\common\nf_fputc.c
		_fputc         		CODE           	0D58	0000	150

C:\Program Files\Microchip\xc8\v2.40\pic\sources\c99\common\nf_fputc.c estimated size: 150

C:\Program Files\Microchip\xc8\v2.40\pic\sources\c99\common\Umul16.c
		___wmul        		CODE           	122E	0000	38

C:\Program Files\Microchip\xc8\v2.40\pic\sources\c99\common\Umul16.c estimated size: 38

mcc_generated_files/tmr2.c
		_TMR2_Initialize		CODE           	130C	0000	16

mcc_generated_files/tmr2.c estimated size: 16

mcc_generated_files/interrupt_manager.c
		_INTERRUPT_Initialize		CODE           	1362	0000	4
		_INTERRUPT_InterruptManager		CODE           	0008	0000	86

mcc_generated_files/interrupt_manager.c estimated size: 90

mcc_generated_files/tmr0.c
		_TMR0_SetInterruptHandler		CODE           	1330	0000	10
		_TMR0_DefaultInterruptHandler		CODE           	1366	0000	2
		_TMR0_WriteTimer		CODE           	1326	0000	10
		_TMR0_ISR      		CODE           	10BE	0000	56
		_TMR0_Initialize		CODE           	10F6	0000	54

mcc_generated_files/tmr0.c estimated size: 132

C:\Program Files\Microchip\xc8\v2.40\pic\sources\c99\common\printf.c
		_printf        		CODE           	11B6	0000	40

C:\Program Files\Microchip\xc8\v2.40\pic\sources\c99\common\printf.c estimated size: 40

mcc_generated_files/pin_manager.c
		_PIN_MANAGER_Initialize		CODE           	118C	0000	42

mcc_generated_files/pin_manager.c estimated size: 42

C:\Program Files\Microchip\xc8\v2.40\pic\sources\c99\common\Umul32.c
		___lmul        		CODE           	0EE6	0000	106

C:\Program Files\Microchip\xc8\v2.40\pic\sources\c99\common\Umul32.c estimated size: 106

C:\Program Files\Microchip\xc8\v2.40\pic\sources\c99\common\nf_fputs.c
		_fputs         		CODE           	0FFA	0000	68

C:\Program Files\Microchip\xc8\v2.40\pic\sources\c99\common\nf_fputs.c estimated size: 68

C:\Program Files\Microchip\xc8\v2.40\pic\sources\c99\common\lomod.c
		___lomod       		CODE           	0BEE	0000	208

C:\Program Files\Microchip\xc8\v2.40\pic\sources\c99\common\lomod.c estimated size: 208

shared
		i2_EPWM1_LoadDutyValue		CODE           	115C	0000	48
		i2_TMR0_WriteTimer		CODE           	1358	0000	10
		__initialization		CODE           	0F50	0000	74

shared estimated size: 132

mcc_generated_files/eusart1.c
		_EUSART1_is_rx_ready		CODE           	12F8	0000	20
		_EUSART1_Initialize		CODE           	1080	0000	62
		_putch         		CODE           	131C	0000	10
		_EUSART1_SetFramingErrorHandler		CODE           	1344	0000	10
		_EUSART1_Read  		CODE           	11DE	0000	40
		_EUSART1_SetOverrunErrorHandler		CODE           	133A	0000	10
		_EUSART1_SetErrorHandler		CODE           	134E	0000	10
		_EUSART1_Write 		CODE           	12CE	0000	22

mcc_generated_files/eusart1.c estimated size: 184

mcc_generated_files/mcc.c
		_OSCILLATOR_Initialize		CODE           	12B2	0000	28
		_SYSTEM_Initialize		CODE           	1254	0000	34

mcc_generated_files/mcc.c estimated size: 62

mcc_generated_files/tmr1.c
		_TMR1_Initialize		CODE           	1296	0000	28
		_TMR1_WriteTimer		CODE           	1206	0000	40
		_TMR1_HasOverflowOccured		CODE           	12E4	0000	20

mcc_generated_files/tmr1.c estimated size: 88

mcc_generated_files/epwm1.c
		_EPWM1_LoadDutyValue		CODE           	112C	0000	48
		_EPWM1_Initialize		CODE           	1276	0000	32

mcc_generated_files/epwm1.c estimated size: 80

C:\Program Files\Microchip\xc8\v2.40\pic\sources\c99\common\doprnt.c
		_vfpfcnvrt     		CODE           	05AA	0000	464
		_pad           		CODE           	0E6C	0000	122
		_ctoa          		CODE           	0CBE	0000	154
		_vfprintf      		CODE           	0FA8	0000	82
		_utoa          		CODE           	077A	0000	454

C:\Program Files\Microchip\xc8\v2.40\pic\sources\c99\common\doprnt.c estimated size: 1276

main.c
		_main          		CODE           	0062	0000	1352
		_read16bit     		CODE           	0940	0000	446
		_TMR0ISR       		CODE           	0DEE	0000	126

main.c estimated size: 1924

C:\Program Files\Microchip\xc8\v2.40\pic\sources\c99\common\lodiv.c
		___lodiv       		CODE           	0AFE	0000	240

C:\Program Files\Microchip\xc8\v2.40\pic\sources\c99\common\lodiv.c estimated size: 240

