Microchip MPLAB XC8 Compiler V2.40

Linker command line:

-W-3 \
  --edf=C:\Program Files\Microchip\xc8\v2.40\pic\dat\20220703182018_en.msgs \
  -cn -h+dist/Config_1/production\inLab8.X_-_Copy.production.sym \
  --cmf=dist/Config_1/production\inLab8.X_-_Copy.production.cmf -z \
  -Q18F25K22 -oC:\Users\JackPaul\AppData\Local\Temp\xcAsbf8.4 \
  --defsym=__MPLAB_BUILD=1 --fixupoverflow=error \
  -Mdist/Config_1/production/inLab8.X_-_Copy.production.map \
  --md=C:\Users\JackPaul\AppData\Local\Temp\xcAsbf8.dat -E1 \
  -ver=XC8 Compiler --acfsm=1493 -ACODE=00h-07FFFh -ACONST=00h-07FFFh \
  -ASMALLCONST=0600h-06FFhx122 -AMEDIUMCONST=0600h-07FFFh -ACOMRAM=01h-05Fh \
  -AABS1=00h-05FFh -ABIGRAM=01h-05FFh -ARAM=060h-0FFh,0100h-01FFhx5 \
  -ABANK0=060h-0FFh -ABANK1=0100h-01FFh -ABANK2=0200h-02FFh \
  -ABANK3=0300h-03FFh -ABANK4=0400h-04FFh -ABANK5=0500h-05FFh \
  -ASFR=0F38h-0F5Fh,0F60h-0FFFh -ABIGSFR=0F38h-0FFFh \
  -ACONFIG=0300000h-030000Dh -AIDLOC=0200000h-0200007h \
  -AEEDATA=0F00000h-0F000FFh -peeprom_data=EEDATA \
  -preset_vec=00h,intcode=08h,intcodelo,powerup,init -pramtop=0600h \
  -psmallconst=SMALLCONST -pmediumconst=MEDIUMCONST -pconst=CONST \
  -AFARRAM=00h-00h \
  -prdata=COMRAM,nvrram=COMRAM,nvbit=COMRAM,rbss=COMRAM,rbit=COMRAM \
  -pfarbss=FARRAM,fardata=FARRAM,nvFARRAM=FARRAM \
  -pintsave_regs=BIGRAM,bigbss=BIGRAM,bigdata=BIGRAM -pbss=RAM \
  -pidata=CODE,irdata=CODE,ibigdata=CODE,ifardata=CODE -prparam=COMRAM \
  C:\Users\JackPaul\AppData\Local\Temp\xcAsbf8.o \
  dist/Config_1/production\inLab8.X_-_Copy.production.o 

Object code version is 3.11

Machine type is 18F25K22



                Name                               Link     Load   Length Selector   Space Scale
C:\Users\JackPaul\AppData\Local\Temp\xcAsbf8.o
                idloc                            200000   200000        8        0       5
                config                           300000   300000        E        0       4
                init                                 28       28        4        4       0
                reset_vec                             0        0        4        0       0
dist/Config_1/production\inLab8.X_-_Copy.production.o
                intcode                               8        8       20        4       0
                idloc                            200000   200000        8        0       5
                config                           300000   300000        E        0       4
                temp                                 4D       4D        1        1       1
                mediumconst                        7D8E     7D8E      272     3EC7       0
                text38                             157E     157E       1E        4       0
                text37                             1646     1646        A        4       0
                text36                             10BC     10BC       C2        4       0
                text35                             1654     1654        2        4       0
                text34                             1506     1506       2A        4       0
                text32                             15CC     15CC       14        4       0
                text31                             15FE     15FE        C        4       0
                text30                             15B6     15B6       16        4       0
                text29                             163C     163C        A        4       0
                text28                             1632     1632        A        4       0
                text27                             1628     1628        A        4       0
                text26                             13FE     13FE       3E        4       0
                text25                             1650     1650        4        4       0
                text24                             15E0     15E0       12        4       0
                text23                             14DC     14DC       2A        4       0
                text22                             161E     161E        A        4       0
                text21                             1474     1474       36        4       0
                text20                             159C     159C       1A        4       0
                text19                             1614     1614        A        4       0
                text18                              FF0      FF0       CC        4       0
                text17                             1558     1558       26        4       0
                text16                             15F2     15F2        C        4       0
                text15                             160A     160A        A        4       0
                text14                             12A0     12A0       6C        4       0
                text13                             122C     122C       74        4       0
                text12                              CB6      CB6      148        4       0
                text11                              DFE      DFE      124        4       0
                text10                             14AA     14AA       32        4       0
                text9                              143C     143C       38        4       0
                text8                              130C     130C       62        4       0
                text7                               906      906      21A        4       0
                text6                               F22      F22       CE        4       0
                text5                              117E     117E       AE        4       0
                text4                               B20      B20      196        4       0
                text3                               6C2      6C2      244        4       0
                text2                              13B8     13B8       46        4       0
                text1                              1530     1530       28        4       0
                text0                                2C       2C      696        4       0
                cstackCOMRAM                          1        1       3A        1       1
                cstackBANK0                          60       60       54       60       1
                cstackBANK1                         100      100      100      100       1
                cstackBANK2                         200      200      100      200       1
                dataBANK0                            D7       D7        1       60       1
                bssBANK0                             B4       B4       23       60       1
                dataCOMRAM                           4C       4C        1        1       1
                bssCOMRAM                            3B       3B       11        1       1
                cinit                              136E     136E       4A        4       0
                idataBANK0                         1657     1657        1        4       0
                idataCOMRAM                        1656     1656        1        4       0

TOTAL           Name                               Link     Load   Length     Space
        CLASS   CODE           
                intcode                               8        8       20         0
                init                                 28       28        4         0
                reset_vec                             0        0        4         0
                text38                             157E     157E       1E         0
                text37                             1646     1646        A         0
                text36                             10BC     10BC       C2         0
                text35                             1654     1654        2         0
                text34                             1506     1506       2A         0
                text32                             15CC     15CC       14         0
                text31                             15FE     15FE        C         0
                text30                             15B6     15B6       16         0
                text29                             163C     163C        A         0
                text28                             1632     1632        A         0
                text27                             1628     1628        A         0
                text26                             13FE     13FE       3E         0
                text25                             1650     1650        4         0
                text24                             15E0     15E0       12         0
                text23                             14DC     14DC       2A         0
                text22                             161E     161E        A         0
                text21                             1474     1474       36         0
                text20                             159C     159C       1A         0
                text19                             1614     1614        A         0
                text18                              FF0      FF0       CC         0
                text17                             1558     1558       26         0
                text16                             15F2     15F2        C         0
                text15                             160A     160A        A         0
                text14                             12A0     12A0       6C         0
                text13                             122C     122C       74         0
                text12                              CB6      CB6      148         0
                text11                              DFE      DFE      124         0
                text10                             14AA     14AA       32         0
                text9                              143C     143C       38         0
                text8                              130C     130C       62         0
                text7                               906      906      21A         0
                text6                               F22      F22       CE         0
                text5                              117E     117E       AE         0
                text4                               B20      B20      196         0
                text3                               6C2      6C2      244         0
                text2                              13B8     13B8       46         0
                text1                              1530     1530       28         0
                text0                                2C       2C      696         0
                cinit                              136E     136E       4A         0
                idataBANK0                         1657     1657        1         0
                idataCOMRAM                        1656     1656        1         0

        CLASS   CONST          

        CLASS   SMALLCONST     

        CLASS   MEDIUMCONST    
                mediumconst                        7D8E     7D8E      272         0

        CLASS   COMRAM         
                temp                                 4D       4D        1         1
                cstackCOMRAM                          1        1       3A         1
                dataCOMRAM                           4C       4C        1         1
                bssCOMRAM                            3B       3B       11         1

        CLASS   ABS1           

        CLASS   BIGRAM         

        CLASS   RAM            

        CLASS   BANK0          
                cstackBANK0                          60       60       54         1
                dataBANK0                            D7       D7        1         1
                bssBANK0                             B4       B4       23         1

        CLASS   BANK1          
                cstackBANK1                         100      100      100         1

        CLASS   BANK2          
                cstackBANK2                         200      200      100         1

        CLASS   BANK3          

        CLASS   BANK4          

        CLASS   BANK5          

        CLASS   SFR            

        CLASS   BIGSFR         

        CLASS   CONFIG         
                config                           300000   300000        E         4

        CLASS   IDLOC          
                idloc                            200000   200000        8         5

        CLASS   EEDATA         

        CLASS   FARRAM         

        CLASS   HEAP           

        CLASS   STACK          



SEGMENTS        Name                           Load    Length   Top    Selector   Space  Class

                reset_vec                      000000  000004  000004         0       0  CODE    
                cstackCOMRAM                   000001  00004D  00004E         1       1  COMRAM  
                intcode                        000008  001650  001658         4       0  CODE    
                cstackBANK0                    000060  000078  0000D8        60       1  BANK0   
                cstackBANK1                    000100  000100  000200       100       1  BANK1   
                cstackBANK2                    000200  000100  000300       200       1  BANK2   
                mediumconst                    007D8E  000272  008000      3EC7       0  MEDIUMCO


UNUSED ADDRESS RANGES

        Name                Unused          Largest block    Delta
        BANK0            0000D8-0000FF               28
        BANK3            000300-0003FF              100
        BANK4            000400-0004FF              100
        BANK5            000500-0005FF              100
        BIGRAM           00004E-00005F               12
                         0000D8-0000FF               28
                         000300-0005FF              300
        BIGSFR           000F38-000FFF               C8
        CODE             000004-000007                4
                         001658-007D8D             6736
        COMRAM           00004E-00005F               12
        CONST            000004-000007                4
                         001658-007D8D             6736
        EEDATA           F00000-F000FF              100
        MEDIUMCONST      001658-007D8D             6736
        RAM              0000D8-0000FF               28
                         000300-0005FF              100
        SFR              000F38-000FFF               28
        SMALLCONST       001658-007D8D              100

                                  Symbol Table

?_TMR0_ReadTimer                                cstackCOMRAM 000001
?___aldiv                                       cstackCOMRAM 000012
?___aodiv                                       cstackCOMRAM 000012
?___aomod                                       cstackCOMRAM 000012
?___lodiv                                       cstackCOMRAM 000012
?___lomod                                       cstackCOMRAM 000012
?___wmul                                        cstackCOMRAM 000012
?_abs                                           cstackCOMRAM 000024
?_printf                                        cstackBANK0  000094
?_vfprintf                                      cstackBANK0  00008E
EUSART1_SetErrorHandler@interruptHandler        cstackCOMRAM 000012
EUSART1_SetFramingErrorHandler@interruptHandler cstackCOMRAM 000012
EUSART1_SetOverrunErrorHandler@interruptHandler cstackCOMRAM 000012
EUSART1_Write@txData                            cstackCOMRAM 000012
TMR0_ReadTimer@readVal                          cstackCOMRAM 000005
TMR0_ReadTimer@readValHigh                      cstackCOMRAM 000008
TMR0_ReadTimer@readValLow                       cstackCOMRAM 000007
TMR0_SetInterruptHandler@InterruptHandler       cstackCOMRAM 000012
TMR0_WriteTimer@timerVal                        cstackCOMRAM 000012
_ADCON0                                         (abs)        000FC2
_ADCON0bits                                     (abs)        000FC2
_ADCON1                                         (abs)        000FC1
_ADCON2                                         (abs)        000FC0
_ADC_Initialize                                 text30       0015B6
_ADC_InterruptHandler                           bssCOMRAM    000047
_ADRESH                                         (abs)        000FC4
_ADRESL                                         (abs)        000FC3
_ANSELA                                         (abs)        000F38
_ANSELB                                         (abs)        000F39
_ANSELC                                         (abs)        000F3A
_BAUDCON1                                       (abs)        000FB8
_EUSART1_DefaultErrorHandler                    (abs)        000000
_EUSART1_DefaultFramingErrorHandler             (abs)        000000
_EUSART1_DefaultOverrunErrorHandler             (abs)        000000
_EUSART1_ErrorHandler                           bssBANK0     0000B4
_EUSART1_FramingErrorHandler                    bssCOMRAM    000045
_EUSART1_Initialize                             text26       0013FE
_EUSART1_OverrunErrorHandler                    bssCOMRAM    000043
_EUSART1_Read                                   text32       0015CC
_EUSART1_SetErrorHandler                        text29       00163C
_EUSART1_SetFramingErrorHandler                 text28       001632
_EUSART1_SetOverrunErrorHandler                 text27       001628
_EUSART1_Write                                  text16       0015F2
_EUSART1_is_rx_ready                            text31       0015FE
_INTCON2bits                                    (abs)        000FF1
_INTCONbits                                     (abs)        000FF2
_INTERRUPT_Initialize                           text25       001650
_INTERRUPT_InterruptManager                     intcode      000008
_LATA                                           (abs)        000F89
_LATAbits                                       (abs)        000F89
_LATB                                           (abs)        000F8A
_LATC                                           (abs)        000F8B
_OSCCON                                         (abs)        000FD3
_OSCCON2                                        (abs)        000FD2
_OSCILLATOR_Initialize                          text24       0015E0
_OSCTUNE                                        (abs)        000F9B
_PIN_MANAGER_Initialize                         text23       0014DC
_PIR1bits                                       (abs)        000F9E
_PLLRDY                                         (abs)        007E97
_RCONbits                                       (abs)        000FD0
_RCREG1                                         (abs)        000FAE
_RCSTA1                                         (abs)        000FAB
_RCSTA1bits                                     (abs)        000FAB
_SPBRG1                                         (abs)        000FAF
_SPBRGH1                                        (abs)        000FB0
_SYSTEM_Initialize                              text20       00159C
_T0CON                                          (abs)        000FD5
_T0CONbits                                      (abs)        000FD5
_TMR0H                                          (abs)        000FD7
_TMR0L                                          (abs)        000FD6
_TMR0_DefaultInterruptHandler                   text35       001654
_TMR0_ISR                                       text34       001506
_TMR0_Initialize                                text21       001474
_TMR0_InterruptHandler                          bssCOMRAM    000041
_TMR0_ReadTimer                                 text38       00157E
_TMR0_SetInterruptHandler                       text22       00161E
_TMR0_WriteTimer                                text19       001614
_TRISA                                          (abs)        000F92
_TRISB                                          (abs)        000F93
_TRISC                                          (abs)        000F94
_TXREG1                                         (abs)        000FAD
_TXSTA1                                         (abs)        000FAC
_TXSTA1bits                                     (abs)        000FAC
_WPUB                                           (abs)        000F61
__HRAM                                          (abs)        000000
__Habs1                                         abs1         000000
__Hbank0                                        bank0        000000
__Hbank1                                        bank1        000000
__Hbank2                                        bank2        000000
__Hbank3                                        bank3        000000
__Hbank4                                        bank4        000000
__Hbank5                                        bank5        000000
__Hbigbss                                       bigbss       000000
__Hbigdata                                      bigdata      000000
__Hbigram                                       bigram       000000
__Hbigsfr                                       bigsfr       000000
__Hbss                                          bss          000000
__HbssBANK0                                     bssBANK0     000000
__HbssCOMRAM                                    bssCOMRAM    000000
__Hcinit                                        cinit        000000
__Hclrtext                                      clrtext      000000
__Hcomram                                       comram       000000
__Hconfig                                       config       30000E
__Hconst                                        const        000000
__HcstackBANK0                                  cstackBANK0  000000
__HcstackBANK1                                  cstackBANK1  000000
__HcstackBANK2                                  cstackBANK2  000000
__HcstackCOMRAM                                 cstackCOMRAM 000000
__Hdata                                         data         000000
__HdataBANK0                                    dataBANK0    000000
__HdataCOMRAM                                   dataCOMRAM   000000
__Heeprom_data                                  eeprom_data  000000
__Hfarbss                                       farbss       000000
__Hfardata                                      fardata      000000
__Hheap                                         heap         000000
__Hibigdata                                     ibigdata     000000
__Hidata                                        idata        000000
__HidataBANK0                                   idataBANK0   000000
__HidataCOMRAM                                  idataCOMRAM  000000
__Hidloc                                        idloc        200008
__Hifardata                                     ifardata     000000
__Hinit                                         init         00002C
__Hintcode                                      intcode      000028
__Hintcode_body                                 intcode_body 000000
__Hintcodelo                                    intcodelo    000028
__Hintentry                                     intentry     000000
__Hintret                                       intret       000000
__Hintsave_regs                                 intsave_regs 000000
__Hirdata                                       irdata       000000
__Hmediumconst                                  mediumconst  008000
__HnvFARRAM                                     nvFARRAM     000000
__Hnvbit                                        nvbit        000000
__Hnvrram                                       nvrram       000000
__Hparam                                        rparam       000000
__Hpowerup                                      powerup      000028
__Hram                                          ram          000000
__Hramtop                                       ramtop       000600
__Hrbit                                         rbit         000000
__Hrbss                                         rbss         000000
__Hrdata                                        rdata        000000
__Hreset_vec                                    reset_vec    000004
__Hrparam                                       rparam       000000
__Hsfr                                          sfr          000000
__Hsmallconst                                   smallconst   000000
__Hspace_0                                      (abs)        008000
__Hspace_1                                      (abs)        000300
__Hspace_2                                      (abs)        000000
__Hspace_4                                      (abs)        60000E
__Hstack                                        stack        000000
__Hstruct                                       struct       000000
__Htemp                                         temp         00004E
__Htext                                         text         000000
__Htext0                                        text0        000000
__Htext1                                        text1        000000
__Htext10                                       text10       000000
__Htext11                                       text11       000000
__Htext12                                       text12       000000
__Htext13                                       text13       000000
__Htext14                                       text14       000000
__Htext15                                       text15       000000
__Htext16                                       text16       000000
__Htext17                                       text17       000000
__Htext18                                       text18       000000
__Htext19                                       text19       000000
__Htext2                                        text2        000000
__Htext20                                       text20       000000
__Htext21                                       text21       000000
__Htext22                                       text22       000000
__Htext23                                       text23       000000
__Htext24                                       text24       000000
__Htext25                                       text25       000000
__Htext26                                       text26       000000
__Htext27                                       text27       000000
__Htext28                                       text28       000000
__Htext29                                       text29       000000
__Htext3                                        text3        000000
__Htext30                                       text30       000000
__Htext31                                       text31       000000
__Htext32                                       text32       000000
__Htext34                                       text34       000000
__Htext35                                       text35       000000
__Htext36                                       text36       000000
__Htext37                                       text37       000000
__Htext38                                       text38       000000
__Htext39                                       text39       000000
__Htext4                                        text4        000000
__Htext5                                        text5        000000
__Htext6                                        text6        000000
__Htext7                                        text7        000000
__Htext8                                        text8        000000
__Htext9                                        text9        000000
__LRAM                                          (abs)        000001
__Labs1                                         abs1         000000
__Lbank0                                        bank0        000000
__Lbank1                                        bank1        000000
__Lbank2                                        bank2        000000
__Lbank3                                        bank3        000000
__Lbank4                                        bank4        000000
__Lbank5                                        bank5        000000
__Lbigbss                                       bigbss       000000
__Lbigdata                                      bigdata      000000
__Lbigram                                       bigram       000000
__Lbigsfr                                       bigsfr       000000
__Lbss                                          bss          000000
__LbssBANK0                                     bssBANK0     000000
__LbssCOMRAM                                    bssCOMRAM    000000
__Lcinit                                        cinit        000000
__Lclrtext                                      clrtext      000000
__Lcomram                                       comram       000000
__Lconfig                                       config       000000
__Lconst                                        const        000000
__LcstackBANK0                                  cstackBANK0  000000
__LcstackBANK1                                  cstackBANK1  000000
__LcstackBANK2                                  cstackBANK2  000000
__LcstackCOMRAM                                 cstackCOMRAM 000000
__Ldata                                         data         000000
__LdataBANK0                                    dataBANK0    000000
__LdataCOMRAM                                   dataCOMRAM   000000
__Leeprom_data                                  eeprom_data  000000
__Lfarbss                                       farbss       000000
__Lfardata                                      fardata      000000
__Lheap                                         heap         000000
__Libigdata                                     ibigdata     000000
__Lidata                                        idata        000000
__LidataBANK0                                   idataBANK0   000000
__LidataCOMRAM                                  idataCOMRAM  000000
__Lidloc                                        idloc        000000
__Lifardata                                     ifardata     000000
__Linit                                         init         000028
__Lintcode                                      intcode      000008
__Lintcode_body                                 intcode_body 000000
__Lintcodelo                                    intcodelo    000028
__Lintentry                                     intentry     000000
__Lintret                                       intret       000000
__Lintsave_regs                                 intsave_regs 000000
__Lirdata                                       irdata       000000
__Lmediumconst                                  mediumconst  007D8E
__LnvFARRAM                                     nvFARRAM     000000
__Lnvbit                                        nvbit        000000
__Lnvrram                                       nvrram       000000
__Lparam                                        rparam       000000
__Lpowerup                                      powerup      000028
__Lram                                          ram          000000
__Lramtop                                       ramtop       000600
__Lrbit                                         rbit         000000
__Lrbss                                         rbss         000000
__Lrdata                                        rdata        000000
__Lreset_vec                                    reset_vec    000000
__Lrparam                                       rparam       000000
__Lsfr                                          sfr          000000
__Lsmallconst                                   smallconst   000000
__Lspace_0                                      (abs)        000000
__Lspace_1                                      (abs)        000000
__Lspace_2                                      (abs)        000000
__Lspace_4                                      (abs)        000000
__Lstack                                        stack        000000
__Lstruct                                       struct       000000
__Ltemp                                         temp         00004D
__Ltext                                         text         000000
__Ltext0                                        text0        000000
__Ltext1                                        text1        000000
__Ltext10                                       text10       000000
__Ltext11                                       text11       000000
__Ltext12                                       text12       000000
__Ltext13                                       text13       000000
__Ltext14                                       text14       000000
__Ltext15                                       text15       000000
__Ltext16                                       text16       000000
__Ltext17                                       text17       000000
__Ltext18                                       text18       000000
__Ltext19                                       text19       000000
__Ltext2                                        text2        000000
__Ltext20                                       text20       000000
__Ltext21                                       text21       000000
__Ltext22                                       text22       000000
__Ltext23                                       text23       000000
__Ltext24                                       text24       000000
__Ltext25                                       text25       000000
__Ltext26                                       text26       000000
__Ltext27                                       text27       000000
__Ltext28                                       text28       000000
__Ltext29                                       text29       000000
__Ltext3                                        text3        000000
__Ltext30                                       text30       000000
__Ltext31                                       text31       000000
__Ltext32                                       text32       000000
__Ltext34                                       text34       000000
__Ltext35                                       text35       000000
__Ltext36                                       text36       000000
__Ltext37                                       text37       000000
__Ltext38                                       text38       000000
__Ltext39                                       text39       000000
__Ltext4                                        text4        000000
__Ltext5                                        text5        000000
__Ltext6                                        text6        000000
__Ltext7                                        text7        000000
__Ltext8                                        text8        000000
__Ltext9                                        text9        000000
__S0                                            (abs)        008000
__S1                                            (abs)        000300
__S4                                            (abs)        000000
__S5                                            (abs)        000000
___aldiv                                        text18       000FF0
___aldiv@counter                                cstackCOMRAM 00001A
___aldiv@dividend                               cstackCOMRAM 000012
___aldiv@divisor                                cstackCOMRAM 000016
___aldiv@quotient                               cstackCOMRAM 00001C
___aldiv@sign                                   cstackCOMRAM 00001B
___aodiv                                        text12       000CB6
___aodiv@counter                                cstackCOMRAM 000022
___aodiv@dividend                               cstackCOMRAM 000012
___aodiv@divisor                                cstackCOMRAM 00001A
___aodiv@quotient                               cstackCOMRAM 000024
___aodiv@sign                                   cstackCOMRAM 000023
___aomod                                        text11       000DFE
___aomod@counter                                cstackCOMRAM 000022
___aomod@dividend                               cstackCOMRAM 000012
___aomod@divisor                                cstackCOMRAM 00001A
___aomod@sign                                   cstackCOMRAM 000023
___heap_hi                                      (abs)        000000
___heap_lo                                      (abs)        000000
___inthi_sp                                     stack        000000
___intlo_sp                                     stack        000000
___lodiv                                        text6        000F22
___lodiv@counter                                cstackCOMRAM 00002A
___lodiv@dividend                               cstackCOMRAM 000012
___lodiv@divisor                                cstackCOMRAM 00001A
___lodiv@quotient                               cstackCOMRAM 000022
___lomod                                        text5        00117E
___lomod@counter                                cstackCOMRAM 000022
___lomod@dividend                               cstackCOMRAM 000012
___lomod@divisor                                cstackCOMRAM 00001A
___param_bank                                   (abs)        000000
___rparam_used                                  (abs)        000001
___sp                                           stack        000000
___wmul                                         text17       001558
___wmul@multiplicand                            cstackCOMRAM 000014
___wmul@multiplier                              cstackCOMRAM 000012
___wmul@product                                 cstackCOMRAM 000016
__accesstop                                     (abs)        000060
__activetblptr                                  (abs)        000002
__end_of_ADC_Initialize                         text30       0015CC
__end_of_EUSART1_Initialize                     text26       00143C
__end_of_EUSART1_Read                           text32       0015E0
__end_of_EUSART1_SetErrorHandler                text29       001646
__end_of_EUSART1_SetFramingErrorHandler         text28       00163C
__end_of_EUSART1_SetOverrunErrorHandler         text27       001632
__end_of_EUSART1_Write                          text16       0015FE
__end_of_EUSART1_is_rx_ready                    text31       00160A
__end_of_INTERRUPT_Initialize                   text25       001654
__end_of_INTERRUPT_InterruptManager             intcode      000028
__end_of_OSCILLATOR_Initialize                  text24       0015F2
__end_of_PIN_MANAGER_Initialize                 text23       001506
__end_of_SYSTEM_Initialize                      text20       0015B6
__end_of_TMR0_DefaultInterruptHandler           text35       001656
__end_of_TMR0_ISR                               text34       001530
__end_of_TMR0_Initialize                        text21       0014AA
__end_of_TMR0_ReadTimer                         text38       00159C
__end_of_TMR0_SetInterruptHandler               text22       001628
__end_of_TMR0_WriteTimer                        text19       00161E
__end_of___aldiv                                text18       0010BC
__end_of___aodiv                                text12       000DFE
__end_of___aomod                                text11       000F22
__end_of___lodiv                                text6        000FF0
__end_of___lomod                                text5        00122C
__end_of___wmul                                 text17       00157E
__end_of__initialization                        cinit        0013AA
__end_of_abs                                    text10       0014DC
__end_of_ctoa                                   text13       0012A0
__end_of_dtoa                                   text7        000B20
__end_of_fputc                                  text14       00130C
__end_of_fputs                                  text9        001474
__end_of_main                                   text0        0006C2
__end_of_pad                                    text8        00136E
__end_of_printf                                 text1        001558
__end_of_putch                                  text15       001614
__end_of_sampleTMR0ISR                          text36       00117E
__end_of_utoa                                   text4        000CB6
__end_of_vfpfcnvrt                              text3        000906
__end_of_vfprintf                               text2        0013FE
__end_ofi2_TMR0_WriteTimer                      text37       001650
__initialization                                cinit        00136E
__mediumconst                                   mediumconst  007D8E
__pbssBANK0                                     bssBANK0     0000B4
__pbssCOMRAM                                    bssCOMRAM    00003B
__pcinit                                        cinit        00136E
__pcstackBANK0                                  cstackBANK0  000060
__pcstackBANK1                                  cstackBANK1  000100
__pcstackBANK2                                  cstackBANK2  000200
__pcstackCOMRAM                                 cstackCOMRAM 000001
__pdataBANK0                                    dataBANK0    0000D7
__pdataCOMRAM                                   dataCOMRAM   00004C
__pidataBANK0                                   idataBANK0   001657
__pidataCOMRAM                                  idataCOMRAM  001656
__pintcode                                      intcode      000008
__pmediumconst                                  mediumconst  007D8E
__ptext0                                        text0        00002C
__ptext1                                        text1        001530
__ptext10                                       text10       0014AA
__ptext11                                       text11       000DFE
__ptext12                                       text12       000CB6
__ptext13                                       text13       00122C
__ptext14                                       text14       0012A0
__ptext15                                       text15       00160A
__ptext16                                       text16       0015F2
__ptext17                                       text17       001558
__ptext18                                       text18       000FF0
__ptext19                                       text19       001614
__ptext2                                        text2        0013B8
__ptext20                                       text20       00159C
__ptext21                                       text21       001474
__ptext22                                       text22       00161E
__ptext23                                       text23       0014DC
__ptext24                                       text24       0015E0
__ptext25                                       text25       001650
__ptext26                                       text26       0013FE
__ptext27                                       text27       001628
__ptext28                                       text28       001632
__ptext29                                       text29       00163C
__ptext3                                        text3        0006C2
__ptext30                                       text30       0015B6
__ptext31                                       text31       0015FE
__ptext32                                       text32       0015CC
__ptext34                                       text34       001506
__ptext35                                       text35       001654
__ptext36                                       text36       0010BC
__ptext37                                       text37       001646
__ptext38                                       text38       00157E
__ptext39                                       text39       000000
__ptext4                                        text4        000B20
__ptext5                                        text5        00117E
__ptext6                                        text6        000F22
__ptext7                                        text7        000906
__ptext8                                        text8        00130C
__ptext9                                        text9        00143C
__ramtop                                        ramtop       000600
__smallconst                                    smallconst   000000
_abs                                            text10       0014AA
_ctoa                                           text13       00122C
_dbuf                                           bssBANK0     0000B7
_dtoa                                           text7        000906
_dtoa$1458                                      cstackBANK0  000068
_eusart1RxLastError                             bssCOMRAM    00004B
_flags                                          bssCOMRAM    000049
_fputc                                          text14       0012A0
_fputs                                          text9        00143C
_main                                           text0        00002C
_pad                                            text8        00130C
_prec                                           bssCOMRAM    00003D
_printf                                         text1        001530
_putch                                          text15       00160A
_sampleTMR0ISR                                  text36       0010BC
_sampled                                        bssBANK0     0000B6
_sampling                                       bssCOMRAM    00004A
_threshold                                      dataBANK0    0000D7
_timer0ReloadVal                                bssCOMRAM    00003F
_utoa                                           text4        000B20
_vfpfcnvrt                                      text3        0006C2
_vfprintf                                       text2        0013B8
_width                                          bssCOMRAM    00003B
abs@a                                           cstackCOMRAM 000024
btemp                                           temp         00004D
ctoa@c                                          cstackCOMRAM 00001F
ctoa@fp                                         cstackCOMRAM 00001D
ctoa@l                                          cstackCOMRAM 000021
ctoa@w                                          cstackCOMRAM 000023
dtoa@d                                          cstackCOMRAM 000031
dtoa@fp                                         cstackCOMRAM 00002F
dtoa@i                                          cstackBANK0  000077
dtoa@n                                          cstackBANK0  00006E
dtoa@p                                          cstackBANK0  00006A
dtoa@s                                          cstackBANK0  000076
dtoa@w                                          cstackBANK0  00006C
end_of_initialization                           cinit        0013AA
fputc@c                                         cstackCOMRAM 000014
fputc@fp                                        cstackCOMRAM 000016
fputs@c                                         cstackCOMRAM 000021
fputs@fp                                        cstackCOMRAM 00001F
fputs@i                                         cstackCOMRAM 000022
fputs@s                                         cstackCOMRAM 00001D
i2TMR0_WriteTimer@timerVal                      cstackCOMRAM 000009
i2_TMR0_WriteTimer                              text37       001646
int$flags                                       temp         00004D
intlevel0                                       text         000000
intlevel1                                       text         000000
intlevel2                                       text         000000
intlevel3                                       text         000000
isa$std                                         (abs)        000001
isa$xinst                                       (abs)        000000
main@avgPeriod                                  cstackBANK0  0000AF
main@ci                                         cstackBANK0  0000B1
main@cmd                                        cstackBANK0  0000AC
main@crossings                                  cstackBANK2  000200
main@frequency                                  cstackBANK0  0000A6
main@i                                          cstackBANK0  0000B2
main@j                                          cstackBANK0  0000AE
main@period                                     cstackBANK0  0000AA
main@sample                                     cstackBANK0  0000AD
main@samples                                    cstackBANK1  000100
pad@buf                                         cstackCOMRAM 000026
pad@fp                                          cstackCOMRAM 000024
pad@i                                           cstackCOMRAM 00002B
pad@p                                           cstackCOMRAM 000028
pad@w                                           cstackCOMRAM 00002D
printf@ap                                       cstackBANK0  00009C
printf@fmt                                      cstackBANK0  000094
putch@txData                                    cstackCOMRAM 000013
sampleTMR0ISR@state                             dataCOMRAM   00004C
stackhi                                         (abs)        000000
stacklo                                         (abs)        000000
start                                           init         000028
start_initialization                            cinit        00136E
ttemp5                                          temp         00004E
ttemp6                                          temp         000051
ttemp7                                          temp         000055
utoa@d                                          cstackCOMRAM 000031
utoa@fp                                         cstackCOMRAM 00002F
utoa@i                                          cstackBANK0  000074
utoa@n                                          cstackBANK0  00006C
utoa@p                                          cstackBANK0  00006A
utoa@w                                          cstackBANK0  000068
vfpfcnvrt@ap                                    cstackBANK0  00007D
vfpfcnvrt@c                                     cstackBANK0  000083
vfpfcnvrt@convarg                               cstackBANK0  000084
vfpfcnvrt@cp                                    cstackBANK0  00008C
vfpfcnvrt@fmt                                   cstackBANK0  00007B
vfpfcnvrt@fp                                    cstackBANK0  000079
vfprintf@ap                                     cstackBANK0  000092
vfprintf@cfmt                                   cstackCOMRAM 000039
vfprintf@fmt                                    cstackBANK0  000090
vfprintf@fp                                     cstackBANK0  00008E
wtemp8                                          temp         00004E


MODULE INFORMATION

Module		Function		Class		Link	Load	Size
C:\Program Files\Microchip\xc8\v2.40\pic\sources\c99\common\nf_fputc.c
		_fputc         		CODE           	12A0	0000	108

C:\Program Files\Microchip\xc8\v2.40\pic\sources\c99\common\nf_fputc.c estimated size: 108

C:\Program Files\Microchip\xc8\v2.40\pic\sources\c99\common\Umul16.c
		___wmul        		CODE           	1558	0000	38

C:\Program Files\Microchip\xc8\v2.40\pic\sources\c99\common\Umul16.c estimated size: 38

C:\Program Files\Microchip\xc8\v2.40\pic\sources\c99\common\aldiv.c
		___aldiv       		CODE           	0FF0	0000	204

C:\Program Files\Microchip\xc8\v2.40\pic\sources\c99\common\aldiv.c estimated size: 204

mcc_generated_files/interrupt_manager.c
		_INTERRUPT_Initialize		CODE           	1650	0000	4
		_INTERRUPT_InterruptManager		CODE           	0008	0000	32

mcc_generated_files/interrupt_manager.c estimated size: 36

C:\Program Files\Microchip\xc8\v2.40\pic\sources\c99\common\abs.c
		_abs           		CODE           	14AA	0000	50

C:\Program Files\Microchip\xc8\v2.40\pic\sources\c99\common\abs.c estimated size: 50

mcc_generated_files/tmr0.c
		_TMR0_SetInterruptHandler		CODE           	161E	0000	10
		_TMR0_DefaultInterruptHandler		CODE           	1654	0000	2
		_TMR0_WriteTimer		CODE           	1614	0000	10
		_TMR0_ReadTimer		CODE           	157E	0000	30
		_TMR0_ISR      		CODE           	1506	0000	42
		_TMR0_Initialize		CODE           	1474	0000	54

mcc_generated_files/tmr0.c estimated size: 148

C:\Program Files\Microchip\xc8\v2.40\pic\sources\c99\common\printf.c
		_printf        		CODE           	1530	0000	40

C:\Program Files\Microchip\xc8\v2.40\pic\sources\c99\common\printf.c estimated size: 40

mcc_generated_files/pin_manager.c
		_PIN_MANAGER_Initialize		CODE           	14DC	0000	42

mcc_generated_files/pin_manager.c estimated size: 42

mcc_generated_files/adc.c
		_ADC_Initialize		CODE           	15B6	0000	22

mcc_generated_files/adc.c estimated size: 22

C:\Program Files\Microchip\xc8\v2.40\pic\sources\c99\common\nf_fputs.c
		_fputs         		CODE           	143C	0000	56

C:\Program Files\Microchip\xc8\v2.40\pic\sources\c99\common\nf_fputs.c estimated size: 56

C:\Program Files\Microchip\xc8\v2.40\pic\sources\c99\common\lomod.c
		___lomod       		CODE           	117E	0000	174

C:\Program Files\Microchip\xc8\v2.40\pic\sources\c99\common\lomod.c estimated size: 174

C:\Program Files\Microchip\xc8\v2.40\pic\sources\c99\common\aomod.c
		___aomod       		CODE           	0DFE	0000	292

C:\Program Files\Microchip\xc8\v2.40\pic\sources\c99\common\aomod.c estimated size: 292

shared
		i2_TMR0_WriteTimer		CODE           	1646	0000	10
		__initialization		CODE           	136E	0000	60

shared estimated size: 70

mcc_generated_files/eusart1.c
		_EUSART1_is_rx_ready		CODE           	15FE	0000	12
		_EUSART1_Initialize		CODE           	13FE	0000	62
		_putch         		CODE           	160A	0000	10
		_EUSART1_SetFramingErrorHandler		CODE           	1632	0000	10
		_EUSART1_Read  		CODE           	15CC	0000	20
		_EUSART1_SetOverrunErrorHandler		CODE           	1628	0000	10
		_EUSART1_SetErrorHandler		CODE           	163C	0000	10
		_EUSART1_Write 		CODE           	15F2	0000	12

mcc_generated_files/eusart1.c estimated size: 146

mcc_generated_files/mcc.c
		_OSCILLATOR_Initialize		CODE           	15E0	0000	18
		_SYSTEM_Initialize		CODE           	159C	0000	26

mcc_generated_files/mcc.c estimated size: 44

C:\Program Files\Microchip\xc8\v2.40\pic\sources\c99\common\doprnt.c
		_vfpfcnvrt     		CODE           	06C2	0000	580
		_pad           		CODE           	130C	0000	98
		_ctoa          		CODE           	122C	0000	116
		_dtoa          		CODE           	0906	0000	538
		_vfprintf      		CODE           	13B8	0000	70
		_utoa          		CODE           	0B20	0000	406

C:\Program Files\Microchip\xc8\v2.40\pic\sources\c99\common\doprnt.c estimated size: 1808

main.c
		_main          		CODE           	002C	0000	1686
		_sampleTMR0ISR 		CODE           	10BC	0000	194

main.c estimated size: 1880

C:\Program Files\Microchip\xc8\v2.40\pic\sources\c99\common\lodiv.c
		___lodiv       		CODE           	0F22	0000	206

C:\Program Files\Microchip\xc8\v2.40\pic\sources\c99\common\lodiv.c estimated size: 206

C:\Program Files\Microchip\xc8\v2.40\pic\sources\c99\common\aodiv.c
		___aodiv       		CODE           	0CB6	0000	328

C:\Program Files\Microchip\xc8\v2.40\pic\sources\c99\common\aodiv.c estimated size: 328

