Microchip MPLAB XC8 Compiler V2.40

Linker command line:

-W-3 \
  --edf=C:\Program Files\Microchip\xc8\v2.40\pic\dat\20220703182018_en.msgs \
  -cn -h+dist/Config_1/production\lab8.X.production.sym \
  --cmf=dist/Config_1/production\lab8.X.production.cmf -z -Q18F25K22 \
  -oC:\Users\JackPaul\AppData\Local\Temp\xcAs9hs.4 --defsym=__MPLAB_BUILD=1 \
  --fixupoverflow=error -Mdist/Config_1/production/lab8.X.production.map \
  --md=C:\Users\JackPaul\AppData\Local\Temp\xcAs9hs.dat -E1 \
  -ver=XC8 Compiler --acfsm=1493 -ACODE=00h-07FFFh -ACONST=00h-07FFFh \
  -ASMALLCONST=0600h-06FFhx122 -AMEDIUMCONST=0600h-07FFFh -ACOMRAM=01h-05Fh \
  -AABS1=00h-05FFh -ABIGRAM=01h-05FFh -ARAM=060h-0FFh,0100h-01FFhx5 \
  -ABANK0=060h-0FFh -ABANK1=0100h-01FFh -ABANK2=0200h-02FFh \
  -ABANK3=0300h-03FFh -ABANK4=0400h-04FFh -ABANK5=0500h-05FFh \
  -ASFR=0F38h-0F5Fh,0F60h-0FFFh -ABIGSFR=0F38h-0FFFh \
  -ACONFIG=0300000h-030000Dh -AIDLOC=0200000h-0200007h \
  -AEEDATA=0F00000h-0F000FFh -peeprom_data=EEDATA \
  -preset_vec=00h,intcode=08h,intcodelo,powerup,init -pramtop=0600h \
  -psmallconst=SMALLCONST -pmediumconst=MEDIUMCONST -pconst=CONST \
  -AFARRAM=00h-00h \
  -prdata=COMRAM,nvrram=COMRAM,nvbit=COMRAM,rbss=COMRAM,rbit=COMRAM \
  -pfarbss=FARRAM,fardata=FARRAM,nvFARRAM=FARRAM \
  -pintsave_regs=BIGRAM,bigbss=BIGRAM,bigdata=BIGRAM -pbss=RAM \
  -pidata=CODE,irdata=CODE,ibigdata=CODE,ifardata=CODE -prparam=COMRAM \
  C:\Users\JackPaul\AppData\Local\Temp\xcAs9hs.o \
  dist/Config_1/production\lab8.X.production.o 

Object code version is 3.11

Machine type is 18F25K22



                Name                               Link     Load   Length Selector   Space Scale
C:\Users\JackPaul\AppData\Local\Temp\xcAs9hs.o
                idloc                            200000   200000        8        0       5
                config                           300000   300000        E        0       4
                init                                 28       28        4        4       0
                reset_vec                             0        0        4        0       0
dist/Config_1/production\lab8.X.production.o
                intcode                               8        8       20        4       0
                idloc                            200000   200000        8        0       5
                config                           300000   300000        E        0       4
                temp                                 55       55        1        1       1
                mediumconst                        7D72     7D72      28E     3EB9       0
                text39                             16E4     16E4        A        4       0
                text38                             118E     118E       AE        4       0
                text37                             16F2     16F2        2        4       0
                text36                             1596     1596       2C        4       0
                text34                             166A     166A       14        4       0
                text33                             169C     169C        C        4       0
                text32                             1654     1654       16        4       0
                text31                             16DA     16DA        A        4       0
                text30                             16D0     16D0        A        4       0
                text29                             16C6     16C6        A        4       0
                text28                             14B8     14B8       3E        4       0
                text27                             16EE     16EE        4        4       0
                text26                             167E     167E       12        4       0
                text25                             15C2     15C2       2A        4       0
                text24                             16BC     16BC        A        4       0
                text23                             152E     152E       36        4       0
                text22                             163A     163A       1A        4       0
                text21                             16B2     16B2        A        4       0
                text20                             1014     1014       CC        4       0
                text19                             137E     137E       56        4       0
                text18                             13D4     13D4       52        4       0
                text17                             1614     1614       26        4       0
                text16                             1690     1690        C        4       0
                text15                             16A8     16A8        A        4       0
                text14                             12B0     12B0       6C        4       0
                text13                             123C     123C       74        4       0
                text12                              CDA      CDA      148        4       0
                text11                              E22      E22      124        4       0
                text10                             1564     1564       32        4       0
                text9                              14F6     14F6       38        4       0
                text8                              131C     131C       62        4       0
                text7                               934      934      216        4       0
                text6                               F46      F46       CE        4       0
                text5                              10E0     10E0       AE        4       0
                text4                               B4A      B4A      190        4       0
                text3                               6F0      6F0      244        4       0
                text2                              1472     1472       46        4       0
                text1                              15EC     15EC       28        4       0
                text0                                2C       2C      6C4        4       0
                cstackCOMRAM                          1        1       4B        1       1
                cstackBANK0                          60       60       3C       60       1
                bssBIGRAM                            CA       CA      400       CA       1
                dataBANK0                            C9       C9        1       60       1
                bssBANK0                             9C       9C       2D       60       1
                bssCOMRAM                            4C       4C        9        1       1
                cinit                              1426     1426       4C        4       0
                idataBANK0                         16F4     16F4        1        4       0

TOTAL           Name                               Link     Load   Length     Space
        CLASS   CODE           
                intcode                               8        8       20         0
                init                                 28       28        4         0
                reset_vec                             0        0        4         0
                text39                             16E4     16E4        A         0
                text38                             118E     118E       AE         0
                text37                             16F2     16F2        2         0
                text36                             1596     1596       2C         0
                text34                             166A     166A       14         0
                text33                             169C     169C        C         0
                text32                             1654     1654       16         0
                text31                             16DA     16DA        A         0
                text30                             16D0     16D0        A         0
                text29                             16C6     16C6        A         0
                text28                             14B8     14B8       3E         0
                text27                             16EE     16EE        4         0
                text26                             167E     167E       12         0
                text25                             15C2     15C2       2A         0
                text24                             16BC     16BC        A         0
                text23                             152E     152E       36         0
                text22                             163A     163A       1A         0
                text21                             16B2     16B2        A         0
                text20                             1014     1014       CC         0
                text19                             137E     137E       56         0
                text18                             13D4     13D4       52         0
                text17                             1614     1614       26         0
                text16                             1690     1690        C         0
                text15                             16A8     16A8        A         0
                text14                             12B0     12B0       6C         0
                text13                             123C     123C       74         0
                text12                              CDA      CDA      148         0
                text11                              E22      E22      124         0
                text10                             1564     1564       32         0
                text9                              14F6     14F6       38         0
                text8                              131C     131C       62         0
                text7                               934      934      216         0
                text6                               F46      F46       CE         0
                text5                              10E0     10E0       AE         0
                text4                               B4A      B4A      190         0
                text3                               6F0      6F0      244         0
                text2                              1472     1472       46         0
                text1                              15EC     15EC       28         0
                text0                                2C       2C      6C4         0
                cinit                              1426     1426       4C         0
                idataBANK0                         16F4     16F4        1         0

        CLASS   CONST          

        CLASS   SMALLCONST     

        CLASS   MEDIUMCONST    
                mediumconst                        7D72     7D72      28E         0

        CLASS   COMRAM         
                temp                                 55       55        1         1
                cstackCOMRAM                          1        1       4B         1
                bssCOMRAM                            4C       4C        9         1

        CLASS   ABS1           

        CLASS   BIGRAM         
                bssBIGRAM                            CA       CA      400         1

        CLASS   RAM            

        CLASS   BANK0          
                cstackBANK0                          60       60       3C         1
                dataBANK0                            C9       C9        1         1
                bssBANK0                             9C       9C       2D         1

        CLASS   BANK1          

        CLASS   BANK2          

        CLASS   BANK3          

        CLASS   BANK4          

        CLASS   BANK5          

        CLASS   SFR            

        CLASS   BIGSFR         

        CLASS   CONFIG         
                config                           300000   300000        E         4

        CLASS   IDLOC          
                idloc                            200000   200000        8         5

        CLASS   EEDATA         

        CLASS   FARRAM         

        CLASS   HEAP           

        CLASS   STACK          



SEGMENTS        Name                           Load    Length   Top    Selector   Space  Class

                reset_vec                      000000  000004  000004         0       0  CODE    
                cstackCOMRAM                   000001  000055  000056         1       1  COMRAM  
                intcode                        000008  0016ED  0016F5         4       0  CODE    
                cstackBANK0                    000060  00006A  0000CA        60       1  BANK0   
                bssBIGRAM                      0000CA  000400  0004CA        CA       1  BIGRAM  
                mediumconst                    007D72  00028E  008000      3EB9       0  MEDIUMCO


UNUSED ADDRESS RANGES

        Name                Unused          Largest block    Delta
        BANK4            0004CA-0004FF               36
        BANK5            000500-0005FF              100
        BIGRAM           000056-00005F                A
                         0004CA-0005FF              136
        BIGSFR           000F38-000FFF               C8
        CODE             000004-000007                4
                         0016F5-007D71             667D
        COMRAM           000056-00005F                A
        CONST            000004-000007                4
                         0016F5-007D71             667D
        EEDATA           F00000-F000FF              100
        MEDIUMCONST      0016F5-007D71             667D
        RAM              0004CA-0005FF               36
        SFR              000F38-000FFF               28
        SMALLCONST       0016F5-007D71              100

                                  Symbol Table

?___aldiv                                       cstackCOMRAM 000016
?___aodiv                                       cstackCOMRAM 00000A
?___aomod                                       cstackCOMRAM 00000A
?___lmul                                        cstackCOMRAM 00000A
?___lodiv                                       cstackCOMRAM 00000A
?___lomod                                       cstackCOMRAM 00000A
?___lwdiv                                       cstackCOMRAM 000010
?___wmul                                        cstackCOMRAM 00000A
?_abs                                           cstackCOMRAM 00001C
?_printf                                        cstackBANK0  00007B
?_vfprintf                                      cstackBANK0  000075
EUSART1_SetErrorHandler@interruptHandler        cstackCOMRAM 00000A
EUSART1_SetFramingErrorHandler@interruptHandler cstackCOMRAM 00000A
EUSART1_SetOverrunErrorHandler@interruptHandler cstackCOMRAM 00000A
EUSART1_Write@txData                            cstackCOMRAM 00000A
TMR0_SetInterruptHandler@InterruptHandler       cstackCOMRAM 00000A
TMR0_WriteTimer@timerVal                        cstackCOMRAM 00000A
_ADCON0                                         (abs)        000FC2
_ADCON0bits                                     (abs)        000FC2
_ADCON1                                         (abs)        000FC1
_ADCON2                                         (abs)        000FC0
_ADC_Initialize                                 text32       001654
_ADC_InterruptHandler                           bssBANK0     0000A4
_ADRESH                                         (abs)        000FC4
_ADRESL                                         (abs)        000FC3
_ANSELA                                         (abs)        000F38
_ANSELB                                         (abs)        000F39
_ANSELC                                         (abs)        000F3A
_BAUDCON1                                       (abs)        000FB8
_EUSART1_DefaultErrorHandler                    (abs)        000000
_EUSART1_DefaultFramingErrorHandler             (abs)        000000
_EUSART1_DefaultOverrunErrorHandler             (abs)        000000
_EUSART1_ErrorHandler                           bssBANK0     00009E
_EUSART1_FramingErrorHandler                    bssBANK0     0000A2
_EUSART1_Initialize                             text28       0014B8
_EUSART1_OverrunErrorHandler                    bssBANK0     0000A0
_EUSART1_Read                                   text34       00166A
_EUSART1_SetErrorHandler                        text31       0016DA
_EUSART1_SetFramingErrorHandler                 text30       0016D0
_EUSART1_SetOverrunErrorHandler                 text29       0016C6
_EUSART1_Write                                  text16       001690
_EUSART1_is_rx_ready                            text33       00169C
_INTCON2bits                                    (abs)        000FF1
_INTCONbits                                     (abs)        000FF2
_INTERRUPT_Initialize                           text27       0016EE
_INTERRUPT_InterruptManager                     intcode      000008
_LATA                                           (abs)        000F89
_LATAbits                                       (abs)        000F89
_LATB                                           (abs)        000F8A
_LATC                                           (abs)        000F8B
_OSCCON                                         (abs)        000FD3
_OSCCON2                                        (abs)        000FD2
_OSCILLATOR_Initialize                          text26       00167E
_OSCTUNE                                        (abs)        000F9B
_PIN_MANAGER_Initialize                         text25       0015C2
_PIR1bits                                       (abs)        000F9E
_PLLRDY                                         (abs)        007E97
_RCONbits                                       (abs)        000FD0
_RCREG1                                         (abs)        000FAE
_RCSTA1                                         (abs)        000FAB
_RCSTA1bits                                     (abs)        000FAB
_SPBRG1                                         (abs)        000FAF
_SPBRGH1                                        (abs)        000FB0
_SYSTEM_Initialize                              text22       00163A
_T0CON                                          (abs)        000FD5
_T0CONbits                                      (abs)        000FD5
_TMR0H                                          (abs)        000FD7
_TMR0L                                          (abs)        000FD6
_TMR0_DefaultInterruptHandler                   text37       0016F2
_TMR0_ISR                                       text36       001596
_TMR0_Initialize                                text23       00152E
_TMR0_InterruptHandler                          bssBANK0     00009C
_TMR0_SetInterruptHandler                       text24       0016BC
_TMR0_WriteTimer                                text21       0016B2
_TRISA                                          (abs)        000F92
_TRISB                                          (abs)        000F93
_TRISC                                          (abs)        000F94
_TXREG1                                         (abs)        000FAD
_TXSTA1                                         (abs)        000FAC
_TXSTA1bits                                     (abs)        000FAC
_WPUB                                           (abs)        000F61
__HRAM                                          (abs)        000000
__Habs1                                         abs1         000000
__Hbank0                                        bank0        000000
__Hbank1                                        bank1        000000
__Hbank2                                        bank2        000000
__Hbank3                                        bank3        000000
__Hbank4                                        bank4        000000
__Hbank5                                        bank5        000000
__Hbigbss                                       bigbss       000000
__Hbigdata                                      bigdata      000000
__Hbigram                                       bigram       000000
__Hbigsfr                                       bigsfr       000000
__Hbss                                          bss          000000
__HbssBANK0                                     bssBANK0     000000
__HbssBIGRAM                                    bssBIGRAM    000000
__HbssCOMRAM                                    bssCOMRAM    000000
__Hcinit                                        cinit        000000
__Hclrtext                                      clrtext      000000
__Hcomram                                       comram       000000
__Hconfig                                       config       30000E
__Hconst                                        const        000000
__HcstackBANK0                                  cstackBANK0  000000
__HcstackCOMRAM                                 cstackCOMRAM 000000
__Hdata                                         data         000000
__HdataBANK0                                    dataBANK0    000000
__Heeprom_data                                  eeprom_data  000000
__Hfarbss                                       farbss       000000
__Hfardata                                      fardata      000000
__Hheap                                         heap         000000
__Hibigdata                                     ibigdata     000000
__Hidata                                        idata        000000
__HidataBANK0                                   idataBANK0   000000
__Hidloc                                        idloc        200008
__Hifardata                                     ifardata     000000
__Hinit                                         init         00002C
__Hintcode                                      intcode      000028
__Hintcode_body                                 intcode_body 000000
__Hintcodelo                                    intcodelo    000028
__Hintentry                                     intentry     000000
__Hintret                                       intret       000000
__Hintsave_regs                                 intsave_regs 000000
__Hirdata                                       irdata       000000
__Hmediumconst                                  mediumconst  008000
__HnvFARRAM                                     nvFARRAM     000000
__Hnvbit                                        nvbit        000000
__Hnvrram                                       nvrram       000000
__Hparam                                        rparam       000000
__Hpowerup                                      powerup      000028
__Hram                                          ram          000000
__Hramtop                                       ramtop       000600
__Hrbit                                         rbit         000000
__Hrbss                                         rbss         000000
__Hrdata                                        rdata        000000
__Hreset_vec                                    reset_vec    000004
__Hrparam                                       rparam       000000
__Hsfr                                          sfr          000000
__Hsmallconst                                   smallconst   000000
__Hspace_0                                      (abs)        008000
__Hspace_1                                      (abs)        0004CA
__Hspace_2                                      (abs)        000000
__Hspace_4                                      (abs)        60000E
__Hstack                                        stack        000000
__Hstruct                                       struct       000000
__Htemp                                         temp         000056
__Htext                                         text         000000
__Htext0                                        text0        000000
__Htext1                                        text1        000000
__Htext10                                       text10       000000
__Htext11                                       text11       000000
__Htext12                                       text12       000000
__Htext13                                       text13       000000
__Htext14                                       text14       000000
__Htext15                                       text15       000000
__Htext16                                       text16       000000
__Htext17                                       text17       000000
__Htext18                                       text18       000000
__Htext19                                       text19       000000
__Htext2                                        text2        000000
__Htext20                                       text20       000000
__Htext21                                       text21       000000
__Htext22                                       text22       000000
__Htext23                                       text23       000000
__Htext24                                       text24       000000
__Htext25                                       text25       000000
__Htext26                                       text26       000000
__Htext27                                       text27       000000
__Htext28                                       text28       000000
__Htext29                                       text29       000000
__Htext3                                        text3        000000
__Htext30                                       text30       000000
__Htext31                                       text31       000000
__Htext32                                       text32       000000
__Htext33                                       text33       000000
__Htext34                                       text34       000000
__Htext36                                       text36       000000
__Htext37                                       text37       000000
__Htext38                                       text38       000000
__Htext39                                       text39       000000
__Htext4                                        text4        000000
__Htext40                                       text40       000000
__Htext5                                        text5        000000
__Htext6                                        text6        000000
__Htext7                                        text7        000000
__Htext8                                        text8        000000
__Htext9                                        text9        000000
__LRAM                                          (abs)        000001
__Labs1                                         abs1         000000
__Lbank0                                        bank0        000000
__Lbank1                                        bank1        000000
__Lbank2                                        bank2        000000
__Lbank3                                        bank3        000000
__Lbank4                                        bank4        000000
__Lbank5                                        bank5        000000
__Lbigbss                                       bigbss       000000
__Lbigdata                                      bigdata      000000
__Lbigram                                       bigram       000000
__Lbigsfr                                       bigsfr       000000
__Lbss                                          bss          000000
__LbssBANK0                                     bssBANK0     000000
__LbssBIGRAM                                    bssBIGRAM    000000
__LbssCOMRAM                                    bssCOMRAM    000000
__Lcinit                                        cinit        000000
__Lclrtext                                      clrtext      000000
__Lcomram                                       comram       000000
__Lconfig                                       config       000000
__Lconst                                        const        000000
__LcstackBANK0                                  cstackBANK0  000000
__LcstackCOMRAM                                 cstackCOMRAM 000000
__Ldata                                         data         000000
__LdataBANK0                                    dataBANK0    000000
__Leeprom_data                                  eeprom_data  000000
__Lfarbss                                       farbss       000000
__Lfardata                                      fardata      000000
__Lheap                                         heap         000000
__Libigdata                                     ibigdata     000000
__Lidata                                        idata        000000
__LidataBANK0                                   idataBANK0   000000
__Lidloc                                        idloc        000000
__Lifardata                                     ifardata     000000
__Linit                                         init         000028
__Lintcode                                      intcode      000008
__Lintcode_body                                 intcode_body 000000
__Lintcodelo                                    intcodelo    000028
__Lintentry                                     intentry     000000
__Lintret                                       intret       000000
__Lintsave_regs                                 intsave_regs 000000
__Lirdata                                       irdata       000000
__Lmediumconst                                  mediumconst  007D72
__LnvFARRAM                                     nvFARRAM     000000
__Lnvbit                                        nvbit        000000
__Lnvrram                                       nvrram       000000
__Lparam                                        rparam       000000
__Lpowerup                                      powerup      000028
__Lram                                          ram          000000
__Lramtop                                       ramtop       000600
__Lrbit                                         rbit         000000
__Lrbss                                         rbss         000000
__Lrdata                                        rdata        000000
__Lreset_vec                                    reset_vec    000000
__Lrparam                                       rparam       000000
__Lsfr                                          sfr          000000
__Lsmallconst                                   smallconst   000000
__Lspace_0                                      (abs)        000000
__Lspace_1                                      (abs)        000000
__Lspace_2                                      (abs)        000000
__Lspace_4                                      (abs)        000000
__Lstack                                        stack        000000
__Lstruct                                       struct       000000
__Ltemp                                         temp         000055
__Ltext                                         text         000000
__Ltext0                                        text0        000000
__Ltext1                                        text1        000000
__Ltext10                                       text10       000000
__Ltext11                                       text11       000000
__Ltext12                                       text12       000000
__Ltext13                                       text13       000000
__Ltext14                                       text14       000000
__Ltext15                                       text15       000000
__Ltext16                                       text16       000000
__Ltext17                                       text17       000000
__Ltext18                                       text18       000000
__Ltext19                                       text19       000000
__Ltext2                                        text2        000000
__Ltext20                                       text20       000000
__Ltext21                                       text21       000000
__Ltext22                                       text22       000000
__Ltext23                                       text23       000000
__Ltext24                                       text24       000000
__Ltext25                                       text25       000000
__Ltext26                                       text26       000000
__Ltext27                                       text27       000000
__Ltext28                                       text28       000000
__Ltext29                                       text29       000000
__Ltext3                                        text3        000000
__Ltext30                                       text30       000000
__Ltext31                                       text31       000000
__Ltext32                                       text32       000000
__Ltext33                                       text33       000000
__Ltext34                                       text34       000000
__Ltext36                                       text36       000000
__Ltext37                                       text37       000000
__Ltext38                                       text38       000000
__Ltext39                                       text39       000000
__Ltext4                                        text4        000000
__Ltext40                                       text40       000000
__Ltext5                                        text5        000000
__Ltext6                                        text6        000000
__Ltext7                                        text7        000000
__Ltext8                                        text8        000000
__Ltext9                                        text9        000000
__S0                                            (abs)        008000
__S1                                            (abs)        0004CA
__S4                                            (abs)        000000
__S5                                            (abs)        000000
___aldiv                                        text20       001014
___aldiv@counter                                cstackCOMRAM 00001E
___aldiv@dividend                               cstackCOMRAM 000016
___aldiv@divisor                                cstackCOMRAM 00001A
___aldiv@quotient                               cstackCOMRAM 000020
___aldiv@sign                                   cstackCOMRAM 00001F
___aodiv                                        text12       000CDA
___aodiv@counter                                cstackCOMRAM 00001A
___aodiv@dividend                               cstackCOMRAM 00000A
___aodiv@divisor                                cstackCOMRAM 000012
___aodiv@quotient                               cstackCOMRAM 00001C
___aodiv@sign                                   cstackCOMRAM 00001B
___aomod                                        text11       000E22
___aomod@counter                                cstackCOMRAM 00001A
___aomod@dividend                               cstackCOMRAM 00000A
___aomod@divisor                                cstackCOMRAM 000012
___aomod@sign                                   cstackCOMRAM 00001B
___heap_hi                                      (abs)        000000
___heap_lo                                      (abs)        000000
___inthi_sp                                     stack        000000
___intlo_sp                                     stack        000000
___lmul                                         text19       00137E
___lmul@multiplicand                            cstackCOMRAM 00000E
___lmul@multiplier                              cstackCOMRAM 00000A
___lmul@product                                 cstackCOMRAM 000012
___lodiv                                        text6        000F46
___lodiv@counter                                cstackCOMRAM 000022
___lodiv@dividend                               cstackCOMRAM 00000A
___lodiv@divisor                                cstackCOMRAM 000012
___lodiv@quotient                               cstackCOMRAM 00001A
___lomod                                        text5        0010E0
___lomod@counter                                cstackCOMRAM 00001A
___lomod@dividend                               cstackCOMRAM 00000A
___lomod@divisor                                cstackCOMRAM 000012
___lwdiv                                        text18       0013D4
___lwdiv@counter                                cstackCOMRAM 000016
___lwdiv@dividend                               cstackCOMRAM 000010
___lwdiv@divisor                                cstackCOMRAM 000012
___lwdiv@quotient                               cstackCOMRAM 000014
___param_bank                                   (abs)        000000
___rparam_used                                  (abs)        000001
___sp                                           stack        000000
___wmul                                         text17       001614
___wmul@multiplicand                            cstackCOMRAM 00000C
___wmul@multiplier                              cstackCOMRAM 00000A
___wmul@product                                 cstackCOMRAM 00000E
__accesstop                                     (abs)        000060
__activetblptr                                  (abs)        000002
__end_of_ADC_Initialize                         text32       00166A
__end_of_EUSART1_Initialize                     text28       0014F6
__end_of_EUSART1_Read                           text34       00167E
__end_of_EUSART1_SetErrorHandler                text31       0016E4
__end_of_EUSART1_SetFramingErrorHandler         text30       0016DA
__end_of_EUSART1_SetOverrunErrorHandler         text29       0016D0
__end_of_EUSART1_Write                          text16       00169C
__end_of_EUSART1_is_rx_ready                    text33       0016A8
__end_of_INTERRUPT_Initialize                   text27       0016F2
__end_of_INTERRUPT_InterruptManager             intcode      000028
__end_of_OSCILLATOR_Initialize                  text26       001690
__end_of_PIN_MANAGER_Initialize                 text25       0015EC
__end_of_SYSTEM_Initialize                      text22       001654
__end_of_TMR0_DefaultInterruptHandler           text37       0016F4
__end_of_TMR0_ISR                               text36       0015C2
__end_of_TMR0_Initialize                        text23       001564
__end_of_TMR0_SetInterruptHandler               text24       0016C6
__end_of_TMR0_WriteTimer                        text21       0016BC
__end_of___aldiv                                text20       0010E0
__end_of___aodiv                                text12       000E22
__end_of___aomod                                text11       000F46
__end_of___lmul                                 text19       0013D4
__end_of___lodiv                                text6        001014
__end_of___lomod                                text5        00118E
__end_of___lwdiv                                text18       001426
__end_of___wmul                                 text17       00163A
__end_of__initialization                        cinit        001464
__end_of_abs                                    text10       001596
__end_of_ctoa                                   text13       0012B0
__end_of_dtoa                                   text7        000B4A
__end_of_fputc                                  text14       00131C
__end_of_fputs                                  text9        00152E
__end_of_main                                   text0        0006F0
__end_of_pad                                    text8        00137E
__end_of_printf                                 text1        001614
__end_of_putch                                  text15       0016B2
__end_of_sampleTMR0ISR                          text38       00123C
__end_of_utoa                                   text4        000CDA
__end_of_vfpfcnvrt                              text3        000934
__end_of_vfprintf                               text2        0014B8
__end_ofi2_TMR0_WriteTimer                      text39       0016EE
__initialization                                cinit        001426
__mediumconst                                   mediumconst  007D72
__pbssBANK0                                     bssBANK0     00009C
__pbssBIGRAM                                    bssBIGRAM    0000CA
__pbssCOMRAM                                    bssCOMRAM    00004C
__pcinit                                        cinit        001426
__pcstackBANK0                                  cstackBANK0  000060
__pcstackCOMRAM                                 cstackCOMRAM 000001
__pdataBANK0                                    dataBANK0    0000C9
__pidataBANK0                                   idataBANK0   0016F4
__pintcode                                      intcode      000008
__pmediumconst                                  mediumconst  007D72
__ptext0                                        text0        00002C
__ptext1                                        text1        0015EC
__ptext10                                       text10       001564
__ptext11                                       text11       000E22
__ptext12                                       text12       000CDA
__ptext13                                       text13       00123C
__ptext14                                       text14       0012B0
__ptext15                                       text15       0016A8
__ptext16                                       text16       001690
__ptext17                                       text17       001614
__ptext18                                       text18       0013D4
__ptext19                                       text19       00137E
__ptext2                                        text2        001472
__ptext20                                       text20       001014
__ptext21                                       text21       0016B2
__ptext22                                       text22       00163A
__ptext23                                       text23       00152E
__ptext24                                       text24       0016BC
__ptext25                                       text25       0015C2
__ptext26                                       text26       00167E
__ptext27                                       text27       0016EE
__ptext28                                       text28       0014B8
__ptext29                                       text29       0016C6
__ptext3                                        text3        0006F0
__ptext30                                       text30       0016D0
__ptext31                                       text31       0016DA
__ptext32                                       text32       001654
__ptext33                                       text33       00169C
__ptext34                                       text34       00166A
__ptext36                                       text36       001596
__ptext37                                       text37       0016F2
__ptext38                                       text38       00118E
__ptext39                                       text39       0016E4
__ptext4                                        text4        000B4A
__ptext40                                       text40       000000
__ptext5                                        text5        0010E0
__ptext6                                        text6        000F46
__ptext7                                        text7        000934
__ptext8                                        text8        00131C
__ptext9                                        text9        0014F6
__ramtop                                        ramtop       000600
__smallconst                                    smallconst   000000
_abs                                            text10       001564
_ci                                             bssBANK0     0000A8
_crossings                                      bssBIGRAM    0000CA
_ctoa                                           text13       00123C
_dbuf                                           bssBANK0     0000A9
_dtoa                                           text7        000934
_dtoa$1458                                      cstackCOMRAM 000039
_eusart1RxLastError                             bssCOMRAM    000054
_flags                                          bssBANK0     0000A6
_fputc                                          text14       0012B0
_fputs                                          text9        0014F6
_main                                           text0        00002C
_main$1770                                      cstackBANK0  00008D
_pad                                            text8        00131C
_prec                                           bssCOMRAM    00004E
_printf                                         text1        0015EC
_putch                                          text15       0016A8
_sampleTMR0ISR                                  text38       00118E
_sampled                                        bssBANK0     0000A7
_samples                                        bssBIGRAM    0002CA
_sampling                                       bssCOMRAM    000053
_threshold                                      dataBANK0    0000C9
_timer0ReloadVal                                bssCOMRAM    000050
_utoa                                           text4        000B4A
_vfpfcnvrt                                      text3        0006F0
_vfprintf                                       text2        001472
_width                                          bssCOMRAM    00004C
abs@a                                           cstackCOMRAM 00001C
btemp                                           temp         000055
ctoa@c                                          cstackCOMRAM 000017
ctoa@fp                                         cstackCOMRAM 000015
ctoa@l                                          cstackCOMRAM 000019
ctoa@w                                          cstackCOMRAM 00001B
dtoa@d                                          cstackCOMRAM 000029
dtoa@fp                                         cstackCOMRAM 000027
dtoa@i                                          cstackCOMRAM 000047
dtoa@n                                          cstackCOMRAM 00003F
dtoa@p                                          cstackCOMRAM 00003B
dtoa@s                                          cstackCOMRAM 000049
dtoa@w                                          cstackCOMRAM 00003D
end_of_initialization                           cinit        001464
fputc@c                                         cstackCOMRAM 00000C
fputc@fp                                        cstackCOMRAM 00000E
fputs@c                                         cstackCOMRAM 000019
fputs@fp                                        cstackCOMRAM 000017
fputs@i                                         cstackCOMRAM 00001A
fputs@s                                         cstackCOMRAM 000015
i2TMR0_WriteTimer@timerVal                      cstackCOMRAM 000001
i2_TMR0_WriteTimer                              text39       0016E4
int$flags                                       temp         000055
intlevel0                                       text         000000
intlevel1                                       text         000000
intlevel2                                       text         000000
intlevel3                                       text         000000
isa$std                                         (abs)        000001
isa$xinst                                       (abs)        000000
main@avgPeriod                                  cstackBANK0  000091
main@cmd                                        cstackBANK0  000097
main@frequency                                  cstackBANK0  000089
main@i                                          cstackBANK0  00009A
main@j                                          cstackBANK0  000099
main@period                                     cstackBANK0  000093
main@sample                                     cstackBANK0  000098
main@totPeriod                                  cstackBANK0  000095
pad@buf                                         cstackCOMRAM 00001E
pad@fp                                          cstackCOMRAM 00001C
pad@i                                           cstackCOMRAM 000023
pad@p                                           cstackCOMRAM 000020
pad@w                                           cstackCOMRAM 000025
printf@ap                                       cstackBANK0  000083
printf@fmt                                      cstackBANK0  00007B
putch@txData                                    cstackCOMRAM 00000B
sampleTMR0ISR@state                             bssCOMRAM    000052
stackhi                                         (abs)        000000
stacklo                                         (abs)        000000
start                                           init         000028
start_initialization                            cinit        001426
ttemp5                                          temp         000056
ttemp6                                          temp         000059
ttemp7                                          temp         00005D
utoa@d                                          cstackCOMRAM 000029
utoa@fp                                         cstackCOMRAM 000027
utoa@i                                          cstackCOMRAM 000045
utoa@n                                          cstackCOMRAM 00003D
utoa@p                                          cstackCOMRAM 00003B
utoa@w                                          cstackCOMRAM 000039
vfpfcnvrt@ap                                    cstackBANK0  000064
vfpfcnvrt@c                                     cstackBANK0  00006A
vfpfcnvrt@convarg                               cstackBANK0  00006B
vfpfcnvrt@cp                                    cstackBANK0  000073
vfpfcnvrt@fmt                                   cstackBANK0  000062
vfpfcnvrt@fp                                    cstackBANK0  000060
vfprintf@ap                                     cstackBANK0  000079
vfprintf@cfmt                                   cstackCOMRAM 00004A
vfprintf@fmt                                    cstackBANK0  000077
vfprintf@fp                                     cstackBANK0  000075
wtemp8                                          temp         000056


MODULE INFORMATION

Module		Function		Class		Link	Load	Size
C:\Program Files\Microchip\xc8\v2.40\pic\sources\c99\common\nf_fputc.c
		_fputc         		CODE           	12B0	0000	108

C:\Program Files\Microchip\xc8\v2.40\pic\sources\c99\common\nf_fputc.c estimated size: 108

C:\Program Files\Microchip\xc8\v2.40\pic\sources\c99\common\lwdiv.c
		___lwdiv       		CODE           	13D4	0000	82

C:\Program Files\Microchip\xc8\v2.40\pic\sources\c99\common\lwdiv.c estimated size: 82

C:\Program Files\Microchip\xc8\v2.40\pic\sources\c99\common\Umul16.c
		___wmul        		CODE           	1614	0000	38

C:\Program Files\Microchip\xc8\v2.40\pic\sources\c99\common\Umul16.c estimated size: 38

C:\Program Files\Microchip\xc8\v2.40\pic\sources\c99\common\aldiv.c
		___aldiv       		CODE           	1014	0000	204

C:\Program Files\Microchip\xc8\v2.40\pic\sources\c99\common\aldiv.c estimated size: 204

mcc_generated_files/interrupt_manager.c
		_INTERRUPT_Initialize		CODE           	16EE	0000	4
		_INTERRUPT_InterruptManager		CODE           	0008	0000	32

mcc_generated_files/interrupt_manager.c estimated size: 36

C:\Program Files\Microchip\xc8\v2.40\pic\sources\c99\common\abs.c
		_abs           		CODE           	1564	0000	50

C:\Program Files\Microchip\xc8\v2.40\pic\sources\c99\common\abs.c estimated size: 50

mcc_generated_files/tmr0.c
		_TMR0_SetInterruptHandler		CODE           	16BC	0000	10
		_TMR0_DefaultInterruptHandler		CODE           	16F2	0000	2
		_TMR0_WriteTimer		CODE           	16B2	0000	10
		_TMR0_ISR      		CODE           	1596	0000	44
		_TMR0_Initialize		CODE           	152E	0000	54

mcc_generated_files/tmr0.c estimated size: 120

C:\Program Files\Microchip\xc8\v2.40\pic\sources\c99\common\printf.c
		_printf        		CODE           	15EC	0000	40

C:\Program Files\Microchip\xc8\v2.40\pic\sources\c99\common\printf.c estimated size: 40

mcc_generated_files/pin_manager.c
		_PIN_MANAGER_Initialize		CODE           	15C2	0000	42

mcc_generated_files/pin_manager.c estimated size: 42

mcc_generated_files/adc.c
		_ADC_Initialize		CODE           	1654	0000	22

mcc_generated_files/adc.c estimated size: 22

C:\Program Files\Microchip\xc8\v2.40\pic\sources\c99\common\Umul32.c
		___lmul        		CODE           	137E	0000	86

C:\Program Files\Microchip\xc8\v2.40\pic\sources\c99\common\Umul32.c estimated size: 86

C:\Program Files\Microchip\xc8\v2.40\pic\sources\c99\common\nf_fputs.c
		_fputs         		CODE           	14F6	0000	56

C:\Program Files\Microchip\xc8\v2.40\pic\sources\c99\common\nf_fputs.c estimated size: 56

C:\Program Files\Microchip\xc8\v2.40\pic\sources\c99\common\lomod.c
		___lomod       		CODE           	10E0	0000	174

C:\Program Files\Microchip\xc8\v2.40\pic\sources\c99\common\lomod.c estimated size: 174

C:\Program Files\Microchip\xc8\v2.40\pic\sources\c99\common\aomod.c
		___aomod       		CODE           	0E22	0000	292

C:\Program Files\Microchip\xc8\v2.40\pic\sources\c99\common\aomod.c estimated size: 292

shared
		i2_TMR0_WriteTimer		CODE           	16E4	0000	10
		__initialization		CODE           	1426	0000	62

shared estimated size: 72

mcc_generated_files/eusart1.c
		_EUSART1_is_rx_ready		CODE           	169C	0000	12
		_EUSART1_Initialize		CODE           	14B8	0000	62
		_putch         		CODE           	16A8	0000	10
		_EUSART1_SetFramingErrorHandler		CODE           	16D0	0000	10
		_EUSART1_Read  		CODE           	166A	0000	20
		_EUSART1_SetOverrunErrorHandler		CODE           	16C6	0000	10
		_EUSART1_SetErrorHandler		CODE           	16DA	0000	10
		_EUSART1_Write 		CODE           	1690	0000	12

mcc_generated_files/eusart1.c estimated size: 146

mcc_generated_files/mcc.c
		_OSCILLATOR_Initialize		CODE           	167E	0000	18
		_SYSTEM_Initialize		CODE           	163A	0000	26

mcc_generated_files/mcc.c estimated size: 44

C:\Program Files\Microchip\xc8\v2.40\pic\sources\c99\common\doprnt.c
		_vfpfcnvrt     		CODE           	06F0	0000	580
		_pad           		CODE           	131C	0000	98
		_ctoa          		CODE           	123C	0000	116
		_dtoa          		CODE           	0934	0000	534
		_vfprintf      		CODE           	1472	0000	70
		_utoa          		CODE           	0B4A	0000	400

C:\Program Files\Microchip\xc8\v2.40\pic\sources\c99\common\doprnt.c estimated size: 1798

main.c
		_main          		CODE           	002C	0000	1732
		_sampleTMR0ISR 		CODE           	118E	0000	174

main.c estimated size: 1906

C:\Program Files\Microchip\xc8\v2.40\pic\sources\c99\common\lodiv.c
		___lodiv       		CODE           	0F46	0000	206

C:\Program Files\Microchip\xc8\v2.40\pic\sources\c99\common\lodiv.c estimated size: 206

C:\Program Files\Microchip\xc8\v2.40\pic\sources\c99\common\aodiv.c
		___aodiv       		CODE           	0CDA	0000	328

C:\Program Files\Microchip\xc8\v2.40\pic\sources\c99\common\aodiv.c estimated size: 328

